Archive member included to satisfy reference by file (symbol)

e:/allnetdiskdownload/ide_downloader/stm32cubeide_1.7.0/stm32cubeide/plugins/com.st.stm32cube.ide.mcu.externaltools.gnu-tools-for-stm32.9-2020-q2-update.win32_2.0.0.202105311346/tools/bin/../lib/gcc/arm-none-eabi/9.3.1/../../../../arm-none-eabi/lib/thumb/v7e-m+dp/hard\libc_nano.a(lib_a-atoi.o)
                              ./src/Lab03_spi.o (atoi)
e:/allnetdiskdownload/ide_downloader/stm32cubeide_1.7.0/stm32cubeide/plugins/com.st.stm32cube.ide.mcu.externaltools.gnu-tools-for-stm32.9-2020-q2-update.win32_2.0.0.202105311346/tools/bin/../lib/gcc/arm-none-eabi/9.3.1/../../../../arm-none-eabi/lib/thumb/v7e-m+dp/hard\libc_nano.a(lib_a-exit.o)
                              e:/allnetdiskdownload/ide_downloader/stm32cubeide_1.7.0/stm32cubeide/plugins/com.st.stm32cube.ide.mcu.externaltools.gnu-tools-for-stm32.9-2020-q2-update.win32_2.0.0.202105311346/tools/bin/../lib/gcc/arm-none-eabi/9.3.1/../../../../arm-none-eabi/lib/thumb/v7e-m+dp/hard/crt0.o (exit)
e:/allnetdiskdownload/ide_downloader/stm32cubeide_1.7.0/stm32cubeide/plugins/com.st.stm32cube.ide.mcu.externaltools.gnu-tools-for-stm32.9-2020-q2-update.win32_2.0.0.202105311346/tools/bin/../lib/gcc/arm-none-eabi/9.3.1/../../../../arm-none-eabi/lib/thumb/v7e-m+dp/hard\libc_nano.a(lib_a-fflush.o)
                              ./src/Lab03_spi.o (fflush)
e:/allnetdiskdownload/ide_downloader/stm32cubeide_1.7.0/stm32cubeide/plugins/com.st.stm32cube.ide.mcu.externaltools.gnu-tools-for-stm32.9-2020-q2-update.win32_2.0.0.202105311346/tools/bin/../lib/gcc/arm-none-eabi/9.3.1/../../../../arm-none-eabi/lib/thumb/v7e-m+dp/hard\libc_nano.a(lib_a-findfp.o)
                              e:/allnetdiskdownload/ide_downloader/stm32cubeide_1.7.0/stm32cubeide/plugins/com.st.stm32cube.ide.mcu.externaltools.gnu-tools-for-stm32.9-2020-q2-update.win32_2.0.0.202105311346/tools/bin/../lib/gcc/arm-none-eabi/9.3.1/../../../../arm-none-eabi/lib/thumb/v7e-m+dp/hard\libc_nano.a(lib_a-fflush.o) (__sinit)
e:/allnetdiskdownload/ide_downloader/stm32cubeide_1.7.0/stm32cubeide/plugins/com.st.stm32cube.ide.mcu.externaltools.gnu-tools-for-stm32.9-2020-q2-update.win32_2.0.0.202105311346/tools/bin/../lib/gcc/arm-none-eabi/9.3.1/../../../../arm-none-eabi/lib/thumb/v7e-m+dp/hard\libc_nano.a(lib_a-fwalk.o)
                              e:/allnetdiskdownload/ide_downloader/stm32cubeide_1.7.0/stm32cubeide/plugins/com.st.stm32cube.ide.mcu.externaltools.gnu-tools-for-stm32.9-2020-q2-update.win32_2.0.0.202105311346/tools/bin/../lib/gcc/arm-none-eabi/9.3.1/../../../../arm-none-eabi/lib/thumb/v7e-m+dp/hard\libc_nano.a(lib_a-findfp.o) (_fwalk)
e:/allnetdiskdownload/ide_downloader/stm32cubeide_1.7.0/stm32cubeide/plugins/com.st.stm32cube.ide.mcu.externaltools.gnu-tools-for-stm32.9-2020-q2-update.win32_2.0.0.202105311346/tools/bin/../lib/gcc/arm-none-eabi/9.3.1/../../../../arm-none-eabi/lib/thumb/v7e-m+dp/hard\libc_nano.a(lib_a-getchar.o)
                              ./src/Lab03_spi.o (getchar)
e:/allnetdiskdownload/ide_downloader/stm32cubeide_1.7.0/stm32cubeide/plugins/com.st.stm32cube.ide.mcu.externaltools.gnu-tools-for-stm32.9-2020-q2-update.win32_2.0.0.202105311346/tools/bin/../lib/gcc/arm-none-eabi/9.3.1/../../../../arm-none-eabi/lib/thumb/v7e-m+dp/hard\libc_nano.a(lib_a-impure.o)
                              e:/allnetdiskdownload/ide_downloader/stm32cubeide_1.7.0/stm32cubeide/plugins/com.st.stm32cube.ide.mcu.externaltools.gnu-tools-for-stm32.9-2020-q2-update.win32_2.0.0.202105311346/tools/bin/../lib/gcc/arm-none-eabi/9.3.1/../../../../arm-none-eabi/lib/thumb/v7e-m+dp/hard\libc_nano.a(lib_a-exit.o) (_global_impure_ptr)
e:/allnetdiskdownload/ide_downloader/stm32cubeide_1.7.0/stm32cubeide/plugins/com.st.stm32cube.ide.mcu.externaltools.gnu-tools-for-stm32.9-2020-q2-update.win32_2.0.0.202105311346/tools/bin/../lib/gcc/arm-none-eabi/9.3.1/../../../../arm-none-eabi/lib/thumb/v7e-m+dp/hard\libc_nano.a(lib_a-init.o)
                              e:/allnetdiskdownload/ide_downloader/stm32cubeide_1.7.0/stm32cubeide/plugins/com.st.stm32cube.ide.mcu.externaltools.gnu-tools-for-stm32.9-2020-q2-update.win32_2.0.0.202105311346/tools/bin/../lib/gcc/arm-none-eabi/9.3.1/../../../../arm-none-eabi/lib/thumb/v7e-m+dp/hard/crt0.o (__libc_init_array)
e:/allnetdiskdownload/ide_downloader/stm32cubeide_1.7.0/stm32cubeide/plugins/com.st.stm32cube.ide.mcu.externaltools.gnu-tools-for-stm32.9-2020-q2-update.win32_2.0.0.202105311346/tools/bin/../lib/gcc/arm-none-eabi/9.3.1/../../../../arm-none-eabi/lib/thumb/v7e-m+dp/hard\libc_nano.a(lib_a-lock.o)
                              e:/allnetdiskdownload/ide_downloader/stm32cubeide_1.7.0/stm32cubeide/plugins/com.st.stm32cube.ide.mcu.externaltools.gnu-tools-for-stm32.9-2020-q2-update.win32_2.0.0.202105311346/tools/bin/../lib/gcc/arm-none-eabi/9.3.1/../../../../arm-none-eabi/lib/thumb/v7e-m+dp/hard\libc_nano.a(lib_a-findfp.o) (__retarget_lock_init_recursive)
[...]
Memory Configuration

Name             Origin             Length             Attributes
RAM              0x0000000020000000 0x0000000000080000 xrw
ROM              0x0000000008000000 0x0000000000200000 xr
*default*        0x0000000000000000 0xffffffffffffffff

Linker script and memory map

LOAD e:/allnetdiskdownload/ide_downloader/stm32cubeide_1.7.0/stm32cubeide/plugins/com.st.stm32cube.ide.mcu.externaltools.gnu-tools-for-stm32.9-2020-q2-update.win32_2.0.0.202105311346/tools/bin/../lib/gcc/arm-none-eabi/9.3.1/thumb/v7e-m+dp/hard/crti.o
LOAD e:/allnetdiskdownload/ide_downloader/stm32cubeide_1.7.0/stm32cubeide/plugins/com.st.stm32cube.ide.mcu.externaltools.gnu-tools-for-stm32.9-2020-q2-update.win32_2.0.0.202105311346/tools/bin/../lib/gcc/arm-none-eabi/9.3.1/thumb/v7e-m+dp/hard/crtbegin.o
LOAD e:/allnetdiskdownload/ide_downloader/stm32cubeide_1.7.0/stm32cubeide/plugins/com.st.stm32cube.ide.mcu.externaltools.gnu-tools-for-stm32.9-2020-q2-update.win32_2.0.0.202105311346/tools/bin/../lib/gcc/arm-none-eabi/9.3.1/../../../../arm-none-eabi/lib/thumb/v7e-m+dp/hard/crt0.o
LOAD ./src/Lab03_spi.o
LOAD ./src/init.o
LOAD ./src/uart.o
LOAD ./startup/startup_stm32f769xx.o
LOAD ./stm32lib/CMSIS/Device/ST/STM32F7xx/Source/Templates/system_stm32f7xx.o
LOAD ./stm32lib/STM32F7xx_HAL_Driver/Src/stm32f7xx_hal.o
LOAD ./stm32lib/STM32F7xx_HAL_Driver/Src/stm32f7xx_hal_adc.o
LOAD ./stm32lib/STM32F7xx_HAL_Driver/Src/stm32f7xx_hal_cortex.o
LOAD ./stm32lib/STM32F7xx_HAL_Driver/Src/stm32f7xx_hal_dma.o
LOAD ./stm32lib/STM32F7xx_HAL_Driver/Src/stm32f7xx_hal_gpio.o
LOAD ./stm32lib/STM32F7xx_HAL_Driver/Src/stm32f7xx_hal_pwr.o
LOAD ./stm32lib/STM32F7xx_HAL_Driver/Src/stm32f7xx_hal_pwr_ex.o
LOAD ./stm32lib/STM32F7xx_HAL_Driver/Src/stm32f7xx_hal_rcc.o
LOAD ./stm32lib/STM32F7xx_HAL_Driver/Src/stm32f7xx_hal_spi.o
LOAD ./stm32lib/STM32F7xx_HAL_Driver/Src/stm32f7xx_hal_tim.o
LOAD ./stm32lib/STM32F7xx_HAL_Driver/Src/stm32f7xx_hal_tim_ex.o
LOAD ./stm32lib/STM32F7xx_HAL_Driver/Src/stm32f7xx_hal_uart.o
START GROUP
LOAD e:/allnetdiskdownload/ide_downloader/stm32cubeide_1.7.0/stm32cubeide/plugins/com.st.stm32cube.ide.mcu.externaltools.gnu-tools-for-stm32.9-2020-q2-update.win32_2.0.0.202105311346/tools/bin/../lib/gcc/arm-none-eabi/9.3.1/../../../../arm-none-eabi/lib/thumb/v7e-m+dp/hard\libc_nano.a
LOAD e:/allnetdiskdownload/ide_downloader/stm32cubeide_1.7.0/stm32cubeide/plugins/com.st.stm32cube.ide.mcu.externaltools.gnu-tools-for-stm32.9-2020-q2-update.win32_2.0.0.202105311346/tools/bin/../lib/gcc/arm-none-eabi/9.3.1/../../../../arm-none-eabi/lib/thumb/v7e-m+dp/hard\libm.a
END GROUP
START GROUP
LOAD e:/allnetdiskdownload/ide_downloader/stm32cubeide_1.7.0/stm32cubeide/plugins/com.st.stm32cube.ide.mcu.externaltools.gnu-tools-for-stm32.9-2020-q2-update.win32_2.0.0.202105311346/tools/bin/../lib/gcc/arm-none-eabi/9.3.1/thumb/v7e-m+dp/hard\libgcc.a
LOAD e:/allnetdiskdownload/ide_downloader/stm32cubeide_1.7.0/stm32cubeide/plugins/com.st.stm32cube.ide.mcu.externaltools.gnu-tools-for-stm32.9-2020-q2-update.win32_2.0.0.202105311346/tools/bin/../lib/gcc/arm-none-eabi/9.3.1/../../../../arm-none-eabi/lib/thumb/v7e-m+dp/hard\libc_nano.a
END GROUP
START GROUP
LOAD e:/allnetdiskdownload/ide_downloader/stm32cubeide_1.7.0/stm32cubeide/plugins/com.st.stm32cube.ide.mcu.externaltools.gnu-tools-for-stm32.9-2020-q2-update.win32_2.0.0.202105311346/tools/bin/../lib/gcc/arm-none-eabi/9.3.1/thumb/v7e-m+dp/hard\libgcc.a
LOAD e:/allnetdiskdownload/ide_downloader/stm32cubeide_1.7.0/stm32cubeide/plugins/com.st.stm32cube.ide.mcu.externaltools.gnu-tools-for-stm32.9-2020-q2-update.win32_2.0.0.202105311346/tools/bin/../lib/gcc/arm-none-eabi/9.3.1/../../../../arm-none-eabi/lib/thumb/v7e-m+dp/hard\libc_nano.a
LOAD e:/allnetdiskdownload/ide_downloader/stm32cubeide_1.7.0/stm32cubeide/plugins/com.st.stm32cube.ide.mcu.externaltools.gnu-tools-for-stm32.9-2020-q2-update.win32_2.0.0.202105311346/tools/bin/../lib/gcc/arm-none-eabi/9.3.1/../../../../arm-none-eabi/lib/thumb/v7e-m+dp/hard\libnosys.a
END GROUP
START GROUP
LOAD e:/allnetdiskdownload/ide_downloader/stm32cubeide_1.7.0/stm32cubeide/plugins/com.st.stm32cube.ide.mcu.externaltools.gnu-tools-for-stm32.9-2020-q2-update.win32_2.0.0.202105311346/tools/bin/../lib/gcc/arm-none-eabi/9.3.1/thumb/v7e-m+dp/hard\libgcc.a
LOAD e:/allnetdiskdownload/ide_downloader/stm32cubeide_1.7.0/stm32cubeide/plugins/com.st.stm32cube.ide.mcu.externaltools.gnu-tools-for-stm32.9-2020-q2-update.win32_2.0.0.202105311346/tools/bin/../lib/gcc/arm-none-eabi/9.3.1/../../../../arm-none-eabi/lib/thumb/v7e-m+dp/hard\libc_nano.a
LOAD e:/allnetdiskdownload/ide_downloader/stm32cubeide_1.7.0/stm32cubeide/plugins/com.st.stm32cube.ide.mcu.externaltools.gnu-tools-for-stm32.9-2020-q2-update.win32_2.0.0.202105311346/tools/bin/../lib/gcc/arm-none-eabi/9.3.1/../../../../arm-none-eabi/lib/thumb/v7e-m+dp/hard\libnosys.a
END GROUP
LOAD e:/allnetdiskdownload/ide_downloader/stm32cubeide_1.7.0/stm32cubeide/plugins/com.st.stm32cube.ide.mcu.externaltools.gnu-tools-for-stm32.9-2020-q2-update.win32_2.0.0.202105311346/tools/bin/../lib/gcc/arm-none-eabi/9.3.1/thumb/v7e-m+dp/hard/crtend.o
LOAD e:/allnetdiskdownload/ide_downloader/stm32cubeide_1.7.0/stm32cubeide/plugins/com.st.stm32cube.ide.mcu.externaltools.gnu-tools-for-stm32.9-2020-q2-update.win32_2.0.0.202105311346/tools/bin/../lib/gcc/arm-none-eabi/9.3.1/thumb/v7e-m+dp/hard/crtn.o
                0x0000000020080000                _estack = 0x20080000
                0x0000000000000000                _Min_Heap_Size = 0x0
                0x0000000000000400                _Min_Stack_Size = 0x400

.isr_vector     0x0000000008000000      0x1f8
                0x0000000008000000                . = ALIGN (0x4)
 *(.isr_vector)
 .isr_vector    0x0000000008000000      0x1f8 ./startup/startup_stm32f769xx.o
                0x0000000008000000                g_pfnVectors
                0x00000000080001f8                . = ALIGN (0x4)

.text           0x0000000008000200     0x3380
                0x0000000008000200                . = ALIGN (0x4)
 *(.text)
 .text          0x0000000008000200       0x40 e:/allnetdiskdownload/ide_downloader/stm32cubeide_1.7.0/stm32cubeide/plugins/com.st.stm32cube.ide.mcu.externaltools.gnu-tools-for-stm32.9-2020-q2-update.win32_2.0.0.202105311346/tools/bin/../lib/gcc/arm-none-eabi/9.3.1/thumb/v7e-m+dp/hard/crtbegin.o
 .text          0x0000000008000240       0xa0 e:/allnetdiskdownload/ide_downloader/stm32cubeide_1.7.0/stm32cubeide/plugins/com.st.stm32cube.ide.mcu.externaltools.gnu-tools-for-stm32.9-2020-q2-update.win32_2.0.0.202105311346/tools/bin/../lib/gcc/arm-none-eabi/9.3.1/../../../../arm-none-eabi/lib/thumb/v7e-m+dp/hard\libc_nano.a(lib_a-memchr.o)
                0x0000000008000240                memchr
 .text          0x00000000080002e0       0x30 e:/allnetdiskdownload/ide_downloader/stm32cubeide_1.7.0/stm32cubeide/plugins/com.st.stm32cube.ide.mcu.externaltools.gnu-tools-for-stm32.9-2020-q2-update.win32_2.0.0.202105311346/tools/bin/../lib/gcc/arm-none-eabi/9.3.1/thumb/v7e-m+dp/hard\libgcc.a(_aeabi_uldivmod.o)
                0x00000000080002e0                __aeabi_uldivmod
 .text          0x0000000008000310      0x2c4 e:/allnetdiskdownload/ide_downloader/stm32cubeide_1.7.0/stm32cubeide/plugins/com.st.stm32cube.ide.mcu.externaltools.gnu-tools-for-stm32.9-2020-q2-update.win32_2.0.0.202105311346/tools/bin/../lib/gcc/arm-none-eabi/9.3.1/thumb/v7e-m+dp/hard\libgcc.a(_udivmoddi4.o)
                0x0000000008000310                __udivmoddi4
 .text          0x00000000080005d4        0x4 e:/allnetdiskdownload/ide_downloader/stm32cubeide_1.7.0/stm32cubeide/plugins/com.st.stm32cube.ide.mcu.externaltools.gnu-tools-for-stm32.9-2020-q2-update.win32_2.0.0.202105311346/tools/bin/../lib/gcc/arm-none-eabi/9.3.1/thumb/v7e-m+dp/hard\libgcc.a(_dvmd_tls.o)
                0x00000000080005d4                __aeabi_idiv0
                0x00000000080005d4                __aeabi_ldiv0
 *(.text*)
 .text.configureSPI
                0x00000000080005d8       0x58 ./src/Lab03_spi.o
                0x00000000080005d8                configureSPI
 .text.HAL_SPI_MspInit
                0x0000000008000630       0xc8 ./src/Lab03_spi.o
                0x0000000008000630                HAL_SPI_MspInit
 .text.Task3    0x00000000080006f8       0x88 ./src/Lab03_spi.o
                0x00000000080006f8                Task3
 .text.main     0x0000000008000780        0x6 ./src/Lab03_spi.o
                0x0000000008000780                main
 .text.SystemClock_Config
                0x0000000008000786       0x68 ./src/init.o
                0x0000000008000786                SystemClock_Config
 *fill*         0x00000000080007ee        0x2 
 .text.CPU_CACHE_Enable
                0x00000000080007f0       0x80 ./src/init.o
                0x00000000080007f0                CPU_CACHE_Enable
 .text.Sys_Init
                0x0000000008000870       0x24 ./src/init.o
                0x0000000008000870                Sys_Init
 .text.SysTick_Handler
                0x0000000008000894        0x8 ./src/init.o
                0x0000000008000894                SysTick_Handler
 .text.HAL_UART_MspInit
                0x000000000800089c       0xd4 ./src/uart.o
                0x000000000800089c                HAL_UART_MspInit
 .text.initUart
                0x0000000008000970       0x1a ./src/uart.o
                0x0000000008000970                initUart
 *fill*         0x000000000800098a        0x2 
 .text._write   0x000000000800098c       0x18 ./src/uart.o
                0x000000000800098c                _write
 .text._read    0x00000000080009a4       0x1c ./src/uart.o
                0x00000000080009a4                _read
 .text.Reset_Handler
                0x00000000080009c0       0x50 ./startup/startup_stm32f769xx.o
                0x00000000080009c0                Reset_Handler
 .text.Default_Handler
                0x0000000008000a10        0x2 ./startup/startup_stm32f769xx.o
                0x0000000008000a10                RTC_Alarm_IRQHandler
                0x0000000008000a10                EXTI2_IRQHandler
                0x0000000008000a10                TIM8_CC_IRQHandler
                0x0000000008000a10                DebugMon_Handler
                0x0000000008000a10                UART8_IRQHandler
                0x0000000008000a10                SPI4_IRQHandler
                0x0000000008000a10                TIM1_CC_IRQHandler
                0x0000000008000a10                DMA2_Stream5_IRQHandler
                0x0000000008000a10                HardFault_Handler
                0x0000000008000a10                JPEG_IRQHandler
                0x0000000008000a10                DMA1_Stream5_IRQHandler
                0x0000000008000a10                CAN3_RX1_IRQHandler
                0x0000000008000a10                PVD_IRQHandler
                0x0000000008000a10                TAMP_STAMP_IRQHandler
                0x0000000008000a10                PendSV_Handler
                0x0000000008000a10                NMI_Handler
                0x0000000008000a10                CAN2_RX1_IRQHandler
                0x0000000008000a10                EXTI3_IRQHandler
                0x0000000008000a10                TIM8_TRG_COM_TIM14_IRQHandler
                0x0000000008000a10                DFSDM1_FLT1_IRQHandler
                0x0000000008000a10                TIM1_UP_TIM10_IRQHandler
                0x0000000008000a10                TIM8_UP_TIM13_IRQHandler
                0x0000000008000a10                I2C3_ER_IRQHandler
                0x0000000008000a10                DFSDM1_FLT2_IRQHandler
                0x0000000008000a10                EXTI0_IRQHandler
                0x0000000008000a10                I2C2_EV_IRQHandler
                0x0000000008000a10                DMA1_Stream2_IRQHandler
                0x0000000008000a10                CAN1_RX0_IRQHandler
                0x0000000008000a10                FPU_IRQHandler
                0x0000000008000a10                OTG_HS_WKUP_IRQHandler
                0x0000000008000a10                CAN3_SCE_IRQHandler
                0x0000000008000a10                UsageFault_Handler
                0x0000000008000a10                LTDC_ER_IRQHandler
                0x0000000008000a10                CAN2_SCE_IRQHandler
                0x0000000008000a10                DMA2_Stream2_IRQHandler
                0x0000000008000a10                SPI1_IRQHandler
                0x0000000008000a10                TIM6_DAC_IRQHandler
                0x0000000008000a10                TIM1_BRK_TIM9_IRQHandler
                0x0000000008000a10                DCMI_IRQHandler
                0x0000000008000a10                CAN2_RX0_IRQHandler
                0x0000000008000a10                DMA2_Stream3_IRQHandler
                0x0000000008000a10                SAI2_IRQHandler
                0x0000000008000a10                DFSDM1_FLT3_IRQHandler
                0x0000000008000a10                USART6_IRQHandler
                0x0000000008000a10                CAN3_RX0_IRQHandler
                0x0000000008000a10                USART3_IRQHandler
                0x0000000008000a10                CAN1_RX1_IRQHandler
                0x0000000008000a10                UART5_IRQHandler
                0x0000000008000a10                DMA2_Stream0_IRQHandler
                0x0000000008000a10                TIM4_IRQHandler
                0x0000000008000a10                QUADSPI_IRQHandler
                0x0000000008000a10                I2C1_EV_IRQHandler
                0x0000000008000a10                DMA1_Stream6_IRQHandler
                0x0000000008000a10                DMA1_Stream1_IRQHandler
                0x0000000008000a10                UART4_IRQHandler
                0x0000000008000a10                TIM3_IRQHandler
                0x0000000008000a10                RCC_IRQHandler
                0x0000000008000a10                TIM8_BRK_TIM12_IRQHandler
                0x0000000008000a10                Default_Handler
                0x0000000008000a10                CEC_IRQHandler
                0x0000000008000a10                EXTI15_10_IRQHandler
                0x0000000008000a10                ADC_IRQHandler
                0x0000000008000a10                DMA1_Stream7_IRQHandler
                0x0000000008000a10                SPI5_IRQHandler
                0x0000000008000a10                TIM7_IRQHandler
                0x0000000008000a10                SDMMC1_IRQHandler
                0x0000000008000a10                CAN2_TX_IRQHandler
                0x0000000008000a10                TIM5_IRQHandler
                0x0000000008000a10                DMA2_Stream7_IRQHandler
                0x0000000008000a10                I2C3_EV_IRQHandler
                0x0000000008000a10                EXTI9_5_IRQHandler
                0x0000000008000a10                RTC_WKUP_IRQHandler
                0x0000000008000a10                LTDC_IRQHandler
                0x0000000008000a10                ETH_WKUP_IRQHandler
                0x0000000008000a10                SPDIF_RX_IRQHandler
                0x0000000008000a10                SPI2_IRQHandler
                0x0000000008000a10                OTG_HS_EP1_IN_IRQHandler
                0x0000000008000a10                MemManage_Handler
                0x0000000008000a10                DMA1_Stream0_IRQHandler
                0x0000000008000a10                CAN1_TX_IRQHandler
                0x0000000008000a10                SVC_Handler
                0x0000000008000a10                EXTI4_IRQHandler
                0x0000000008000a10                RNG_IRQHandler
                0x0000000008000a10                DSI_IRQHandler
                0x0000000008000a10                ETH_IRQHandler
                0x0000000008000a10                OTG_HS_EP1_OUT_IRQHandler
                0x0000000008000a10                WWDG_IRQHandler
                0x0000000008000a10                SPI6_IRQHandler
                0x0000000008000a10                MDIOS_IRQHandler
                0x0000000008000a10                I2C4_EV_IRQHandler
                0x0000000008000a10                CAN3_TX_IRQHandler
                0x0000000008000a10                TIM2_IRQHandler
                0x0000000008000a10                OTG_FS_WKUP_IRQHandler
                0x0000000008000a10                TIM1_TRG_COM_TIM11_IRQHandler
                0x0000000008000a10                OTG_HS_IRQHandler
                0x0000000008000a10                DMA2D_IRQHandler
                0x0000000008000a10                EXTI1_IRQHandler
                0x0000000008000a10                SDMMC2_IRQHandler
                0x0000000008000a10                UART7_IRQHandler
                0x0000000008000a10                USART2_IRQHandler
                0x0000000008000a10                DFSDM1_FLT0_IRQHandler
                0x0000000008000a10                I2C2_ER_IRQHandler
                0x0000000008000a10                DMA2_Stream1_IRQHandler
                0x0000000008000a10                CAN1_SCE_IRQHandler
                0x0000000008000a10                FLASH_IRQHandler
                0x0000000008000a10                DMA2_Stream4_IRQHandler
                0x0000000008000a10                BusFault_Handler
                0x0000000008000a10                USART1_IRQHandler
                0x0000000008000a10                OTG_FS_IRQHandler
                0x0000000008000a10                SPI3_IRQHandler
                0x0000000008000a10                DMA1_Stream4_IRQHandler
                0x0000000008000a10                I2C1_ER_IRQHandler
                0x0000000008000a10                FMC_IRQHandler
                0x0000000008000a10                LPTIM1_IRQHandler
                0x0000000008000a10                I2C4_ER_IRQHandler
                0x0000000008000a10                DMA2_Stream6_IRQHandler
                0x0000000008000a10                SAI1_IRQHandler
                0x0000000008000a10                DMA1_Stream3_IRQHandler
 *fill*         0x0000000008000a12        0x2 
 .text.SystemInit
                0x0000000008000a14       0x1c ./stm32lib/CMSIS/Device/ST/STM32F7xx/Source/Templates/system_stm32f7xx.o
                0x0000000008000a14                SystemInit
 .text.HAL_MspInit
                0x0000000008000a30        0x2 ./stm32lib/STM32F7xx_HAL_Driver/Src/stm32f7xx_hal.o
                0x0000000008000a30                HAL_MspInit
 *fill*         0x0000000008000a32        0x2 
 .text.HAL_InitTick
                0x0000000008000a34       0x48 ./stm32lib/STM32F7xx_HAL_Driver/Src/stm32f7xx_hal.o
                0x0000000008000a34                HAL_InitTick
 .text.HAL_Init
                0x0000000008000a7c       0x2c ./stm32lib/STM32F7xx_HAL_Driver/Src/stm32f7xx_hal.o
                0x0000000008000a7c                HAL_Init
 .text.HAL_IncTick
                0x0000000008000aa8       0x18 ./stm32lib/STM32F7xx_HAL_Driver/Src/stm32f7xx_hal.o
                0x0000000008000aa8                HAL_IncTick
 .text.HAL_GetTick
                0x0000000008000ac0        0xc ./stm32lib/STM32F7xx_HAL_Driver/Src/stm32f7xx_hal.o
                0x0000000008000ac0                HAL_GetTick
 .text.HAL_NVIC_SetPriorityGrouping
                0x0000000008000acc       0x24 ./stm32lib/STM32F7xx_HAL_Driver/Src/stm32f7xx_hal_cortex.o
                0x0000000008000acc                HAL_NVIC_SetPriorityGrouping
 .text.HAL_NVIC_SetPriority
                0x0000000008000af0       0x64 ./stm32lib/STM32F7xx_HAL_Driver/Src/stm32f7xx_hal_cortex.o
                0x0000000008000af0                HAL_NVIC_SetPriority
 .text.HAL_SYSTICK_Config
                0x0000000008000b54       0x2c ./stm32lib/STM32F7xx_HAL_Driver/Src/stm32f7xx_hal_cortex.o
                0x0000000008000b54                HAL_SYSTICK_Config
 .text.HAL_GPIO_Init
                0x0000000008000b80      0x1e0 ./stm32lib/STM32F7xx_HAL_Driver/Src/stm32f7xx_hal_gpio.o
                0x0000000008000b80                HAL_GPIO_Init
 .text.HAL_PWREx_EnableOverDrive
                0x0000000008000d60       0x7c ./stm32lib/STM32F7xx_HAL_Driver/Src/stm32f7xx_hal_pwr_ex.o
                0x0000000008000d60                HAL_PWREx_EnableOverDrive
 .text.HAL_RCC_OscConfig
                0x0000000008000ddc      0x444 ./stm32lib/STM32F7xx_HAL_Driver/Src/stm32f7xx_hal_rcc.o
                0x0000000008000ddc                HAL_RCC_OscConfig
 .text.HAL_RCC_GetSysClockFreq
                0x0000000008001220       0xa0 ./stm32lib/STM32F7xx_HAL_Driver/Src/stm32f7xx_hal_rcc.o
                0x0000000008001220                HAL_RCC_GetSysClockFreq
 .text.HAL_RCC_ClockConfig
                0x00000000080012c0      0x16c ./stm32lib/STM32F7xx_HAL_Driver/Src/stm32f7xx_hal_rcc.o
                0x00000000080012c0                HAL_RCC_ClockConfig
 .text.HAL_RCC_GetHCLKFreq
                0x000000000800142c        0xc ./stm32lib/STM32F7xx_HAL_Driver/Src/stm32f7xx_hal_rcc.o
                0x000000000800142c                HAL_RCC_GetHCLKFreq
 .text.HAL_RCC_GetPCLK1Freq
                0x0000000008001438       0x20 ./stm32lib/STM32F7xx_HAL_Driver/Src/stm32f7xx_hal_rcc.o
                0x0000000008001438                HAL_RCC_GetPCLK1Freq
 .text.HAL_RCC_GetPCLK2Freq
                0x0000000008001458       0x20 ./stm32lib/STM32F7xx_HAL_Driver/Src/stm32f7xx_hal_rcc.o
                0x0000000008001458                HAL_RCC_GetPCLK2Freq
 .text.SPI_WaitFlagStateUntilTimeout
                0x0000000008001478       0x94 ./stm32lib/STM32F7xx_HAL_Driver/Src/stm32f7xx_hal_spi.o
 .text.SPI_WaitFifoStateUntilTimeout
                0x000000000800150c       0xae ./stm32lib/STM32F7xx_HAL_Driver/Src/stm32f7xx_hal_spi.o
 .text.SPI_EndRxTxTransaction
                0x00000000080015ba       0x62 ./stm32lib/STM32F7xx_HAL_Driver/Src/stm32f7xx_hal_spi.o
 .text.HAL_SPI_Init
                0x000000000800161c       0xd8 ./stm32lib/STM32F7xx_HAL_Driver/Src/stm32f7xx_hal_spi.o
                0x000000000800161c                HAL_SPI_Init
 .text.HAL_SPI_TransmitReceive
                0x00000000080016f4      0x3f6 ./stm32lib/STM32F7xx_HAL_Driver/Src/stm32f7xx_hal_spi.o
                0x00000000080016f4                HAL_SPI_TransmitReceive
 *fill*         0x0000000008001aea        0x2 
 .text.UART_SetConfig
                0x0000000008001aec      0x3a0 ./stm32lib/STM32F7xx_HAL_Driver/Src/stm32f7xx_hal_uart.o
                0x0000000008001aec                UART_SetConfig
 .text.UART_AdvFeatureConfig
                0x0000000008001e8c       0xca ./stm32lib/STM32F7xx_HAL_Driver/Src/stm32f7xx_hal_uart.o
                0x0000000008001e8c                UART_AdvFeatureConfig
 .text.UART_WaitOnFlagUntilTimeout
                0x0000000008001f56       0xa2 ./stm32lib/STM32F7xx_HAL_Driver/Src/stm32f7xx_hal_uart.o
                0x0000000008001f56                UART_WaitOnFlagUntilTimeout
 .text.HAL_UART_Transmit
                0x0000000008001ff8       0xda ./stm32lib/STM32F7xx_HAL_Driver/Src/stm32f7xx_hal_uart.o
                0x0000000008001ff8                HAL_UART_Transmit
 .text.HAL_UART_Receive
                0x00000000080020d2      0x126 ./stm32lib/STM32F7xx_HAL_Driver/Src/stm32f7xx_hal_uart.o
                0x00000000080020d2                HAL_UART_Receive
 .text.UART_CheckIdleState
                0x00000000080021f8       0x6c ./stm32lib/STM32F7xx_HAL_Driver/Src/stm32f7xx_hal_uart.o
                0x00000000080021f8                UART_CheckIdleState
 .text.HAL_UART_Init
                0x0000000008002264       0x62 ./stm32lib/STM32F7xx_HAL_Driver/Src/stm32f7xx_hal_uart.o
                0x0000000008002264                HAL_UART_Init
 *fill*         0x00000000080022c6        0x2 
 .text.__sflush_r
                0x00000000080022c8      0x10c e:/allnetdiskdownload/ide_downloader/stm32cubeide_1.7.0/stm32cubeide/plugins/com.st.stm32cube.ide.mcu.externaltools.gnu-tools-for-stm32.9-2020-q2-update.win32_2.0.0.202105311346/tools/bin/../lib/gcc/arm-none-eabi/9.3.1/../../../../arm-none-eabi/lib/thumb/v7e-m+dp/hard\libc_nano.a(lib_a-fflush.o)
                0x00000000080022c8                __sflush_r
 .text._fflush_r
                0x00000000080023d4       0x78 e:/allnetdiskdownload/ide_downloader/stm32cubeide_1.7.0/stm32cubeide/plugins/com.st.stm32cube.ide.mcu.externaltools.gnu-tools-for-stm32.9-2020-q2-update.win32_2.0.0.202105311346/tools/bin/../lib/gcc/arm-none-eabi/9.3.1/../../../../arm-none-eabi/lib/thumb/v7e-m+dp/hard\libc_nano.a(lib_a-fflush.o)
                0x00000000080023d4                _fflush_r
 .text.fflush   0x000000000800244c       0x24 e:/allnetdiskdownload/ide_downloader/stm32cubeide_1.7.0/stm32cubeide/plugins/com.st.stm32cube.ide.mcu.externaltools.gnu-tools-for-stm32.9-2020-q2-update.win32_2.0.0.202105311346/tools/bin/../lib/gcc/arm-none-eabi/9.3.1/../../../../arm-none-eabi/lib/thumb/v7e-m+dp/hard\libc_nano.a(lib_a-fflush.o)
                0x000000000800244c                fflush
 .text.std      0x0000000008002470       0x48 e:/allnetdiskdownload/ide_downloader/stm32cubeide_1.7.0/stm32cubeide/plugins/com.st.stm32cube.ide.mcu.externaltools.gnu-tools-for-stm32.9-2020-q2-update.win32_2.0.0.202105311346/tools/bin/../lib/gcc/arm-none-eabi/9.3.1/../../../../arm-none-eabi/lib/thumb/v7e-m+dp/hard\libc_nano.a(lib_a-findfp.o)
 .text._cleanup_r
                0x00000000080024b8        0xc e:/allnetdiskdownload/ide_downloader/stm32cubeide_1.7.0/stm32cubeide/plugins/com.st.stm32cube.ide.mcu.externaltools.gnu-tools-for-stm32.9-2020-q2-update.win32_2.0.0.202105311346/tools/bin/../lib/gcc/arm-none-eabi/9.3.1/../../../../arm-none-eabi/lib/thumb/v7e-m+dp/hard\libc_nano.a(lib_a-findfp.o)
                0x00000000080024b8                _cleanup_r
 .text.__sfmoreglue
                0x00000000080024c4       0x2c e:/allnetdiskdownload/ide_downloader/stm32cubeide_1.7.0/stm32cubeide/plugins/com.st.stm32cube.ide.mcu.externaltools.gnu-tools-for-stm32.9-2020-q2-update.win32_2.0.0.202105311346/tools/bin/../lib/gcc/arm-none-eabi/9.3.1/../../../../arm-none-eabi/lib/thumb/v7e-m+dp/hard\libc_nano.a(lib_a-findfp.o)
                0x00000000080024c4                __sfmoreglue
 .text.__sfp_lock_acquire
                0x00000000080024f0        0xc e:/allnetdiskdownload/ide_downloader/stm32cubeide_1.7.0/stm32cubeide/plugins/com.st.stm32cube.ide.mcu.externaltools.gnu-tools-for-stm32.9-2020-q2-update.win32_2.0.0.202105311346/tools/bin/../lib/gcc/arm-none-eabi/9.3.1/../../../../arm-none-eabi/lib/thumb/v7e-m+dp/hard\libc_nano.a(lib_a-findfp.o)
                0x00000000080024f0                __sfp_lock_acquire
 .text.__sfp_lock_release
                0x00000000080024fc        0xc e:/allnetdiskdownload/ide_downloader/stm32cubeide_1.7.0/stm32cubeide/plugins/com.st.stm32cube.ide.mcu.externaltools.gnu-tools-for-stm32.9-2020-q2-update.win32_2.0.0.202105311346/tools/bin/../lib/gcc/arm-none-eabi/9.3.1/../../../../arm-none-eabi/lib/thumb/v7e-m+dp/hard\libc_nano.a(lib_a-findfp.o)
                0x00000000080024fc                __sfp_lock_release
 .text.__sinit_lock_acquire
                0x0000000008002508        0xc e:/allnetdiskdownload/ide_downloader/stm32cubeide_1.7.0/stm32cubeide/plugins/com.st.stm32cube.ide.mcu.externaltools.gnu-tools-for-stm32.9-2020-q2-update.win32_2.0.0.202105311346/tools/bin/../lib/gcc/arm-none-eabi/9.3.1/../../../../arm-none-eabi/lib/thumb/v7e-m+dp/hard\libc_nano.a(lib_a-findfp.o)
                0x0000000008002508                __sinit_lock_acquire
 .text.__sinit_lock_release
                0x0000000008002514        0xc e:/allnetdiskdownload/ide_downloader/stm32cubeide_1.7.0/stm32cubeide/plugins/com.st.stm32cube.ide.mcu.externaltools.gnu-tools-for-stm32.9-2020-q2-update.win32_2.0.0.202105311346/tools/bin/../lib/gcc/arm-none-eabi/9.3.1/../../../../arm-none-eabi/lib/thumb/v7e-m+dp/hard\libc_nano.a(lib_a-findfp.o)
                0x0000000008002514                __sinit_lock_release
 .text.__sinit  0x0000000008002520       0x70 e:/allnetdiskdownload/ide_downloader/stm32cubeide_1.7.0/stm32cubeide/plugins/com.st.stm32cube.ide.mcu.externaltools.gnu-tools-for-stm32.9-2020-q2-update.win32_2.0.0.202105311346/tools/bin/../lib/gcc/arm-none-eabi/9.3.1/../../../../arm-none-eabi/lib/thumb/v7e-m+dp/hard\libc_nano.a(lib_a-findfp.o)
                0x0000000008002520                __sinit
 .text.__sfp    0x0000000008002590       0x8c e:/allnetdiskdownload/ide_downloader/stm32cubeide_1.7.0/stm32cubeide/plugins/com.st.stm32cube.ide.mcu.externaltools.gnu-tools-for-stm32.9-2020-q2-update.win32_2.0.0.202105311346/tools/bin/../lib/gcc/arm-none-eabi/9.3.1/../../../../arm-none-eabi/lib/thumb/v7e-m+dp/hard\libc_nano.a(lib_a-findfp.o)
                0x0000000008002590                __sfp
 .text._fwalk   0x000000000800261c       0x3a e:/allnetdiskdownload/ide_downloader/stm32cubeide_1.7.0/stm32cubeide/plugins/com.st.stm32cube.ide.mcu.externaltools.gnu-tools-for-stm32.9-2020-q2-update.win32_2.0.0.202105311346/tools/bin/../lib/gcc/arm-none-eabi/9.3.1/../../../../arm-none-eabi/lib/thumb/v7e-m+dp/hard\libc_nano.a(lib_a-fwalk.o)
                0x000000000800261c                _fwalk
 .text._fwalk_reent
                0x0000000008002656       0x3e e:/allnetdiskdownload/ide_downloader/stm32cubeide_1.7.0/stm32cubeide/plugins/com.st.stm32cube.ide.mcu.externaltools.gnu-tools-for-stm32.9-2020-q2-update.win32_2.0.0.202105311346/tools/bin/../lib/gcc/arm-none-eabi/9.3.1/../../../../arm-none-eabi/lib/thumb/v7e-m+dp/hard\libc_nano.a(lib_a-fwalk.o)
                0x0000000008002656                _fwalk_reent
 .text.getchar  0x0000000008002694       0x24 e:/allnetdiskdownload/ide_downloader/stm32cubeide_1.7.0/stm32cubeide/plugins/com.st.stm32cube.ide.mcu.externaltools.gnu-tools-for-stm32.9-2020-q2-update.win32_2.0.0.202105311346/tools/bin/../lib/gcc/arm-none-eabi/9.3.1/../../../../arm-none-eabi/lib/thumb/v7e-m+dp/hard\libc_nano.a(lib_a-getchar.o)
                0x0000000008002694                getchar
 .text.__libc_init_array
                0x00000000080026b8       0x48 e:/allnetdiskdownload/ide_downloader/stm32cubeide_1.7.0/stm32cubeide/plugins/com.st.stm32cube.ide.mcu.externaltools.gnu-tools-for-stm32.9-2020-q2-update.win32_2.0.0.202105311346/tools/bin/../lib/gcc/arm-none-eabi/9.3.1/../../../../arm-none-eabi/lib/thumb/v7e-m+dp/hard\libc_nano.a(lib_a-init.o)
                0x00000000080026b8                __libc_init_array
 .text.__retarget_lock_init_recursive
                0x0000000008002700        0x2 e:/allnetdiskdownload/ide_downloader/stm32cubeide_1.7.0/stm32cubeide/plugins/com.st.stm32cube.ide.mcu.externaltools.gnu-tools-for-stm32.9-2020-q2-update.win32_2.0.0.202105311346/tools/bin/../lib/gcc/arm-none-eabi/9.3.1/../../../../arm-none-eabi/lib/thumb/v7e-m+dp/hard\libc_nano.a(lib_a-lock.o)
                0x0000000008002700                __retarget_lock_init_recursive
 .text.__retarget_lock_acquire_recursive
                0x0000000008002702        0x2 e:/allnetdiskdownload/ide_downloader/stm32cubeide_1.7.0/stm32cubeide/plugins/com.st.stm32cube.ide.mcu.externaltools.gnu-tools-for-stm32.9-2020-q2-update.win32_2.0.0.202105311346/tools/bin/../lib/gcc/arm-none-eabi/9.3.1/../../../../arm-none-eabi/lib/thumb/v7e-m+dp/hard\libc_nano.a(lib_a-lock.o)
                0x0000000008002702                __retarget_lock_acquire_recursive
 .text.__retarget_lock_release_recursive
                0x0000000008002704        0x2 e:/allnetdiskdownload/ide_downloader/stm32cubeide_1.7.0/stm32cubeide/plugins/com.st.stm32cube.ide.mcu.externaltools.gnu-tools-for-stm32.9-2020-q2-update.win32_2.0.0.202105311346/tools/bin/../lib/gcc/arm-none-eabi/9.3.1/../../../../arm-none-eabi/lib/thumb/v7e-m+dp/hard\libc_nano.a(lib_a-lock.o)
                0x0000000008002704                __retarget_lock_release_recursive
 .text.memset   0x0000000008002706       0x10 e:/allnetdiskdownload/ide_downloader/stm32cubeide_1.7.0/stm32cubeide/plugins/com.st.stm32cube.ide.mcu.externaltools.gnu-tools-for-stm32.9-2020-q2-update.win32_2.0.0.202105311346/tools/bin/../lib/gcc/arm-none-eabi/9.3.1/../../../../arm-none-eabi/lib/thumb/v7e-m+dp/hard\libc_nano.a(lib_a-memset.o)
                0x0000000008002706                memset
 *fill*         0x0000000008002716        0x2 
 .text._free_r  0x0000000008002718       0xa0 e:/allnetdiskdownload/ide_downloader/stm32cubeide_1.7.0/stm32cubeide/plugins/com.st.stm32cube.ide.mcu.externaltools.gnu-tools-for-stm32.9-2020-q2-update.win32_2.0.0.202105311346/tools/bin/../lib/gcc/arm-none-eabi/9.3.1/../../../../arm-none-eabi/lib/thumb/v7e-m+dp/hard\libc_nano.a(lib_a-nano-freer.o)
                0x0000000008002718                _free_r
 .text._malloc_r
                0x00000000080027b8       0xb4 e:/allnetdiskdownload/ide_downloader/stm32cubeide_1.7.0/stm32cubeide/plugins/com.st.stm32cube.ide.mcu.externaltools.gnu-tools-for-stm32.9-2020-q2-update.win32_2.0.0.202105311346/tools/bin/../lib/gcc/arm-none-eabi/9.3.1/../../../../arm-none-eabi/lib/thumb/v7e-m+dp/hard\libc_nano.a(lib_a-nano-mallocr.o)
                0x00000000080027b8                _malloc_r
 .text.printf   0x000000000800286c       0x30 e:/allnetdiskdownload/ide_downloader/stm32cubeide_1.7.0/stm32cubeide/plugins/com.st.stm32cube.ide.mcu.externaltools.gnu-tools-for-stm32.9-2020-q2-update.win32_2.0.0.202105311346/tools/bin/../lib/gcc/arm-none-eabi/9.3.1/../../../../arm-none-eabi/lib/thumb/v7e-m+dp/hard\libc_nano.a(lib_a-printf.o)
                0x000000000800286c                iprintf
                0x000000000800286c                printf
 .text.putchar  0x000000000800289c       0x2c e:/allnetdiskdownload/ide_downloader/stm32cubeide_1.7.0/stm32cubeide/plugins/com.st.stm32cube.ide.mcu.externaltools.gnu-tools-for-stm32.9-2020-q2-update.win32_2.0.0.202105311346/tools/bin/../lib/gcc/arm-none-eabi/9.3.1/../../../../arm-none-eabi/lib/thumb/v7e-m+dp/hard\libc_nano.a(lib_a-putchar.o)
                0x000000000800289c                putchar
 .text._sbrk_r  0x00000000080028c8       0x20 e:/allnetdiskdownload/ide_downloader/stm32cubeide_1.7.0/stm32cubeide/plugins/com.st.stm32cube.ide.mcu.externaltools.gnu-tools-for-stm32.9-2020-q2-update.win32_2.0.0.202105311346/tools/bin/../lib/gcc/arm-none-eabi/9.3.1/../../../../arm-none-eabi/lib/thumb/v7e-m+dp/hard\libc_nano.a(lib_a-sbrkr.o)
                0x00000000080028c8                _sbrk_r
 .text.__sread  0x00000000080028e8       0x22 e:/allnetdiskdownload/ide_downloader/stm32cubeide_1.7.0/stm32cubeide/plugins/com.st.stm32cube.ide.mcu.externaltools.gnu-tools-for-stm32.9-2020-q2-update.win32_2.0.0.202105311346/tools/bin/../lib/gcc/arm-none-eabi/9.3.1/../../../../arm-none-eabi/lib/thumb/v7e-m+dp/hard\libc_nano.a(lib_a-stdio.o)
                0x00000000080028e8                __sread
 .text.__swrite
                0x000000000800290a       0x38 e:/allnetdiskdownload/ide_downloader/stm32cubeide_1.7.0/stm32cubeide/plugins/com.st.stm32cube.ide.mcu.externaltools.gnu-tools-for-stm32.9-2020-q2-update.win32_2.0.0.202105311346/tools/bin/../lib/gcc/arm-none-eabi/9.3.1/../../../../arm-none-eabi/lib/thumb/v7e-m+dp/hard\libc_nano.a(lib_a-stdio.o)
                0x000000000800290a                __swrite
 .text.__sseek  0x0000000008002942       0x24 e:/allnetdiskdownload/ide_downloader/stm32cubeide_1.7.0/stm32cubeide/plugins/com.st.stm32cube.ide.mcu.externaltools.gnu-tools-for-stm32.9-2020-q2-update.win32_2.0.0.202105311346/tools/bin/../lib/gcc/arm-none-eabi/9.3.1/../../../../arm-none-eabi/lib/thumb/v7e-m+dp/hard\libc_nano.a(lib_a-stdio.o)
                0x0000000008002942                __sseek
 .text.__sclose
                0x0000000008002966        0x8 e:/allnetdiskdownload/ide_downloader/stm32cubeide_1.7.0/stm32cubeide/plugins/com.st.stm32cube.ide.mcu.externaltools.gnu-tools-for-stm32.9-2020-q2-update.win32_2.0.0.202105311346/tools/bin/../lib/gcc/arm-none-eabi/9.3.1/../../../../arm-none-eabi/lib/thumb/v7e-m+dp/hard\libc_nano.a(lib_a-stdio.o)
                0x0000000008002966                __sclose
 *fill*         0x000000000800296e        0x2 
 .text.__swbuf_r
                0x0000000008002970       0xa4 e:/allnetdiskdownload/ide_downloader/stm32cubeide_1.7.0/stm32cubeide/plugins/com.st.stm32cube.ide.mcu.externaltools.gnu-tools-for-stm32.9-2020-q2-update.win32_2.0.0.202105311346/tools/bin/../lib/gcc/arm-none-eabi/9.3.1/../../../../arm-none-eabi/lib/thumb/v7e-m+dp/hard\libc_nano.a(lib_a-wbuf.o)
                0x0000000008002970                __swbuf_r
 .text._write_r
                0x0000000008002a14       0x24 e:/allnetdiskdownload/ide_downloader/stm32cubeide_1.7.0/stm32cubeide/plugins/com.st.stm32cube.ide.mcu.externaltools.gnu-tools-for-stm32.9-2020-q2-update.win32_2.0.0.202105311346/tools/bin/../lib/gcc/arm-none-eabi/9.3.1/../../../../arm-none-eabi/lib/thumb/v7e-m+dp/hard\libc_nano.a(lib_a-writer.o)
                0x0000000008002a14                _write_r
 .text.__swsetup_r
                0x0000000008002a38       0xdc e:/allnetdiskdownload/ide_downloader/stm32cubeide_1.7.0/stm32cubeide/plugins/com.st.stm32cube.ide.mcu.externaltools.gnu-tools-for-stm32.9-2020-q2-update.win32_2.0.0.202105311346/tools/bin/../lib/gcc/arm-none-eabi/9.3.1/../../../../arm-none-eabi/lib/thumb/v7e-m+dp/hard\libc_nano.a(lib_a-wsetup.o)
                0x0000000008002a38                __swsetup_r
 .text._close_r
                0x0000000008002b14       0x20 e:/allnetdiskdownload/ide_downloader/stm32cubeide_1.7.0/stm32cubeide/plugins/com.st.stm32cube.ide.mcu.externaltools.gnu-tools-for-stm32.9-2020-q2-update.win32_2.0.0.202105311346/tools/bin/../lib/gcc/arm-none-eabi/9.3.1/../../../../arm-none-eabi/lib/thumb/v7e-m+dp/hard\libc_nano.a(lib_a-closer.o)
                0x0000000008002b14                _close_r
 .text._getc_r  0x0000000008002b34       0x80 e:/allnetdiskdownload/ide_downloader/stm32cubeide_1.7.0/stm32cubeide/plugins/com.st.stm32cube.ide.mcu.externaltools.gnu-tools-for-stm32.9-2020-q2-update.win32_2.0.0.202105311346/tools/bin/../lib/gcc/arm-none-eabi/9.3.1/../../../../arm-none-eabi/lib/thumb/v7e-m+dp/hard\libc_nano.a(lib_a-getc.o)
                0x0000000008002b34                _getc_r
 .text._lseek_r
                0x0000000008002bb4       0x24 e:/allnetdiskdownload/ide_downloader/stm32cubeide_1.7.0/stm32cubeide/plugins/com.st.stm32cube.ide.mcu.externaltools.gnu-tools-for-stm32.9-2020-q2-update.win32_2.0.0.202105311346/tools/bin/../lib/gcc/arm-none-eabi/9.3.1/../../../../arm-none-eabi/lib/thumb/v7e-m+dp/hard\libc_nano.a(lib_a-lseekr.o)
                0x0000000008002bb4                _lseek_r
 .text.__swhatbuf_r
                0x0000000008002bd8       0x48 e:/allnetdiskdownload/ide_downloader/stm32cubeide_1.7.0/stm32cubeide/plugins/com.st.stm32cube.ide.mcu.externaltools.gnu-tools-for-stm32.9-2020-q2-update.win32_2.0.0.202105311346/tools/bin/../lib/gcc/arm-none-eabi/9.3.1/../../../../arm-none-eabi/lib/thumb/v7e-m+dp/hard\libc_nano.a(lib_a-makebuf.o)
                0x0000000008002bd8                __swhatbuf_r
 .text.__smakebuf_r
                0x0000000008002c20       0x80 e:/allnetdiskdownload/ide_downloader/stm32cubeide_1.7.0/stm32cubeide/plugins/com.st.stm32cube.ide.mcu.externaltools.gnu-tools-for-stm32.9-2020-q2-update.win32_2.0.0.202105311346/tools/bin/../lib/gcc/arm-none-eabi/9.3.1/../../../../arm-none-eabi/lib/thumb/v7e-m+dp/hard\libc_nano.a(lib_a-makebuf.o)
                0x0000000008002c20                __smakebuf_r
 .text.__malloc_lock
                0x0000000008002ca0        0xc e:/allnetdiskdownload/ide_downloader/stm32cubeide_1.7.0/stm32cubeide/plugins/com.st.stm32cube.ide.mcu.externaltools.gnu-tools-for-stm32.9-2020-q2-update.win32_2.0.0.202105311346/tools/bin/../lib/gcc/arm-none-eabi/9.3.1/../../../../arm-none-eabi/lib/thumb/v7e-m+dp/hard\libc_nano.a(lib_a-mlock.o)
                0x0000000008002ca0                __malloc_lock
 .text.__malloc_unlock
                0x0000000008002cac        0xc e:/allnetdiskdownload/ide_downloader/stm32cubeide_1.7.0/stm32cubeide/plugins/com.st.stm32cube.ide.mcu.externaltools.gnu-tools-for-stm32.9-2020-q2-update.win32_2.0.0.202105311346/tools/bin/../lib/gcc/arm-none-eabi/9.3.1/../../../../arm-none-eabi/lib/thumb/v7e-m+dp/hard\libc_nano.a(lib_a-mlock.o)
                0x0000000008002cac                __malloc_unlock
 .text.__sfputc_r
                0x0000000008002cb8       0x2e e:/allnetdiskdownload/ide_downloader/stm32cubeide_1.7.0/stm32cubeide/plugins/com.st.stm32cube.ide.mcu.externaltools.gnu-tools-for-stm32.9-2020-q2-update.win32_2.0.0.202105311346/tools/bin/../lib/gcc/arm-none-eabi/9.3.1/../../../../arm-none-eabi/lib/thumb/v7e-m+dp/hard\libc_nano.a(lib_a-nano-vfprintf.o)
 .text.__sfputs_r
                0x0000000008002ce6       0x24 e:/allnetdiskdownload/ide_downloader/stm32cubeide_1.7.0/stm32cubeide/plugins/com.st.stm32cube.ide.mcu.externaltools.gnu-tools-for-stm32.9-2020-q2-update.win32_2.0.0.202105311346/tools/bin/../lib/gcc/arm-none-eabi/9.3.1/../../../../arm-none-eabi/lib/thumb/v7e-m+dp/hard\libc_nano.a(lib_a-nano-vfprintf.o)
                0x0000000008002ce6                __sfputs_r
 *fill*         0x0000000008002d0a        0x2 
 .text._vfprintf_r
                0x0000000008002d0c      0x260 e:/allnetdiskdownload/ide_downloader/stm32cubeide_1.7.0/stm32cubeide/plugins/com.st.stm32cube.ide.mcu.externaltools.gnu-tools-for-stm32.9-2020-q2-update.win32_2.0.0.202105311346/tools/bin/../lib/gcc/arm-none-eabi/9.3.1/../../../../arm-none-eabi/lib/thumb/v7e-m+dp/hard\libc_nano.a(lib_a-nano-vfprintf.o)
                0x0000000008002d0c                _vfprintf_r
                0x0000000008002d0c                _vfiprintf_r
 .text._printf_common
                0x0000000008002f6c       0xda e:/allnetdiskdownload/ide_downloader/stm32cubeide_1.7.0/stm32cubeide/plugins/com.st.stm32cube.ide.mcu.externaltools.gnu-tools-for-stm32.9-2020-q2-update.win32_2.0.0.202105311346/tools/bin/../lib/gcc/arm-none-eabi/9.3.1/../../../../arm-none-eabi/lib/thumb/v7e-m+dp/hard\libc_nano.a(lib_a-nano-vfprintf_i.o)
                0x0000000008002f6c                _printf_common
 *fill*         0x0000000008003046        0x2 
 .text._printf_i
                0x0000000008003048      0x24c e:/allnetdiskdownload/ide_downloader/stm32cubeide_1.7.0/stm32cubeide/plugins/com.st.stm32cube.ide.mcu.externaltools.gnu-tools-for-stm32.9-2020-q2-update.win32_2.0.0.202105311346/tools/bin/../lib/gcc/arm-none-eabi/9.3.1/../../../../arm-none-eabi/lib/thumb/v7e-m+dp/hard\libc_nano.a(lib_a-nano-vfprintf_i.o)
                0x0000000008003048                _printf_i
 .text._putc_r  0x0000000008003294       0x90 e:/allnetdiskdownload/ide_downloader/stm32cubeide_1.7.0/stm32cubeide/plugins/com.st.stm32cube.ide.mcu.externaltools.gnu-tools-for-stm32.9-2020-q2-update.win32_2.0.0.202105311346/tools/bin/../lib/gcc/arm-none-eabi/9.3.1/../../../../arm-none-eabi/lib/thumb/v7e-m+dp/hard\libc_nano.a(lib_a-putc.o)
                0x0000000008003294                _putc_r
 .text._read_r  0x0000000008003324       0x24 e:/allnetdiskdownload/ide_downloader/stm32cubeide_1.7.0/stm32cubeide/plugins/com.st.stm32cube.ide.mcu.externaltools.gnu-tools-for-stm32.9-2020-q2-update.win32_2.0.0.202105311346/tools/bin/../lib/gcc/arm-none-eabi/9.3.1/../../../../arm-none-eabi/lib/thumb/v7e-m+dp/hard\libc_nano.a(lib_a-readr.o)
                0x0000000008003324                _read_r
 .text.__srget_r
                0x0000000008003348       0x58 e:/allnetdiskdownload/ide_downloader/stm32cubeide_1.7.0/stm32cubeide/plugins/com.st.stm32cube.ide.mcu.externaltools.gnu-tools-for-stm32.9-2020-q2-update.win32_2.0.0.202105311346/tools/bin/../lib/gcc/arm-none-eabi/9.3.1/../../../../arm-none-eabi/lib/thumb/v7e-m+dp/hard\libc_nano.a(lib_a-rget.o)
                0x0000000008003348                __srget_r
 .text._fstat_r
                0x00000000080033a0       0x24 e:/allnetdiskdownload/ide_downloader/stm32cubeide_1.7.0/stm32cubeide/plugins/com.st.stm32cube.ide.mcu.externaltools.gnu-tools-for-stm32.9-2020-q2-update.win32_2.0.0.202105311346/tools/bin/../lib/gcc/arm-none-eabi/9.3.1/../../../../arm-none-eabi/lib/thumb/v7e-m+dp/hard\libc_nano.a(lib_a-fstatr.o)
                0x00000000080033a0                _fstat_r
 .text._isatty_r
                0x00000000080033c4       0x20 e:/allnetdiskdownload/ide_downloader/stm32cubeide_1.7.0/stm32cubeide/plugins/com.st.stm32cube.ide.mcu.externaltools.gnu-tools-for-stm32.9-2020-q2-update.win32_2.0.0.202105311346/tools/bin/../lib/gcc/arm-none-eabi/9.3.1/../../../../arm-none-eabi/lib/thumb/v7e-m+dp/hard\libc_nano.a(lib_a-isattyr.o)
                0x00000000080033c4                _isatty_r
 .text.lflush   0x00000000080033e4       0x12 e:/allnetdiskdownload/ide_downloader/stm32cubeide_1.7.0/stm32cubeide/plugins/com.st.stm32cube.ide.mcu.externaltools.gnu-tools-for-stm32.9-2020-q2-update.win32_2.0.0.202105311346/tools/bin/../lib/gcc/arm-none-eabi/9.3.1/../../../../arm-none-eabi/lib/thumb/v7e-m+dp/hard\libc_nano.a(lib_a-refill.o)
 *fill*         0x00000000080033f6        0x2 
 .text.__srefill_r
                0x00000000080033f8      0x114 e:/allnetdiskdownload/ide_downloader/stm32cubeide_1.7.0/stm32cubeide/plugins/com.st.stm32cube.ide.mcu.externaltools.gnu-tools-for-stm32.9-2020-q2-update.win32_2.0.0.202105311346/tools/bin/../lib/gcc/arm-none-eabi/9.3.1/../../../../arm-none-eabi/lib/thumb/v7e-m+dp/hard\libc_nano.a(lib_a-refill.o)
                0x00000000080033f8                __srefill_r
 .text._close   0x000000000800350c       0x10 e:/allnetdiskdownload/ide_downloader/stm32cubeide_1.7.0/stm32cubeide/plugins/com.st.stm32cube.ide.mcu.externaltools.gnu-tools-for-stm32.9-2020-q2-update.win32_2.0.0.202105311346/tools/bin/../lib/gcc/arm-none-eabi/9.3.1/../../../../arm-none-eabi/lib/thumb/v7e-m+dp/hard\libnosys.a(close.o)
                0x000000000800350c                _close
 .text._fstat   0x000000000800351c       0x10 e:/allnetdiskdownload/ide_downloader/stm32cubeide_1.7.0/stm32cubeide/plugins/com.st.stm32cube.ide.mcu.externaltools.gnu-tools-for-stm32.9-2020-q2-update.win32_2.0.0.202105311346/tools/bin/../lib/gcc/arm-none-eabi/9.3.1/../../../../arm-none-eabi/lib/thumb/v7e-m+dp/hard\libnosys.a(fstat.o)
                0x000000000800351c                _fstat
 .text._isatty  0x000000000800352c       0x10 e:/allnetdiskdownload/ide_downloader/stm32cubeide_1.7.0/stm32cubeide/plugins/com.st.stm32cube.ide.mcu.externaltools.gnu-tools-for-stm32.9-2020-q2-update.win32_2.0.0.202105311346/tools/bin/../lib/gcc/arm-none-eabi/9.3.1/../../../../arm-none-eabi/lib/thumb/v7e-m+dp/hard\libnosys.a(isatty.o)
                0x000000000800352c                _isatty
 .text._lseek   0x000000000800353c       0x10 e:/allnetdiskdownload/ide_downloader/stm32cubeide_1.7.0/stm32cubeide/plugins/com.st.stm32cube.ide.mcu.externaltools.gnu-tools-for-stm32.9-2020-q2-update.win32_2.0.0.202105311346/tools/bin/../lib/gcc/arm-none-eabi/9.3.1/../../../../arm-none-eabi/lib/thumb/v7e-m+dp/hard\libnosys.a(lseek.o)
                0x000000000800353c                _lseek
 .text._sbrk    0x000000000800354c       0x1c e:/allnetdiskdownload/ide_downloader/stm32cubeide_1.7.0/stm32cubeide/plugins/com.st.stm32cube.ide.mcu.externaltools.gnu-tools-for-stm32.9-2020-q2-update.win32_2.0.0.202105311346/tools/bin/../lib/gcc/arm-none-eabi/9.3.1/../../../../arm-none-eabi/lib/thumb/v7e-m+dp/hard\libnosys.a(sbrk.o)
                0x000000000800354c                _sbrk
 *(.glue_7)
 .glue_7        0x0000000008003568        0x0 linker stubs
 *(.glue_7t)
 .glue_7t       0x0000000008003568        0x0 linker stubs
 *(.eh_frame)
 .eh_frame      0x0000000008003568        0x0 e:/allnetdiskdownload/ide_downloader/stm32cubeide_1.7.0/stm32cubeide/plugins/com.st.stm32cube.ide.mcu.externaltools.gnu-tools-for-stm32.9-2020-q2-update.win32_2.0.0.202105311346/tools/bin/../lib/gcc/arm-none-eabi/9.3.1/thumb/v7e-m+dp/hard/crtbegin.o
 *(.init)
 .init          0x0000000008003568        0x4 e:/allnetdiskdownload/ide_downloader/stm32cubeide_1.7.0/stm32cubeide/plugins/com.st.stm32cube.ide.mcu.externaltools.gnu-tools-for-stm32.9-2020-q2-update.win32_2.0.0.202105311346/tools/bin/../lib/gcc/arm-none-eabi/9.3.1/thumb/v7e-m+dp/hard/crti.o
                0x0000000008003568                _init
 .init          0x000000000800356c        0x8 e:/allnetdiskdownload/ide_downloader/stm32cubeide_1.7.0/stm32cubeide/plugins/com.st.stm32cube.ide.mcu.externaltools.gnu-tools-for-stm32.9-2020-q2-update.win32_2.0.0.202105311346/tools/bin/../lib/gcc/arm-none-eabi/9.3.1/thumb/v7e-m+dp/hard/crtn.o
 *(.fini)
 .fini          0x0000000008003574        0x4 e:/allnetdiskdownload/ide_downloader/stm32cubeide_1.7.0/stm32cubeide/plugins/com.st.stm32cube.ide.mcu.externaltools.gnu-tools-for-stm32.9-2020-q2-update.win32_2.0.0.202105311346/tools/bin/../lib/gcc/arm-none-eabi/9.3.1/thumb/v7e-m+dp/hard/crti.o
                0x0000000008003574                _fini
 .fini          0x0000000008003578        0x8 e:/allnetdiskdownload/ide_downloader/stm32cubeide_1.7.0/stm32cubeide/plugins/com.st.stm32cube.ide.mcu.externaltools.gnu-tools-for-stm32.9-2020-q2-update.win32_2.0.0.202105311346/tools/bin/../lib/gcc/arm-none-eabi/9.3.1/thumb/v7e-m+dp/hard/crtn.o
                0x0000000008003580                . = ALIGN (0x4)
                0x0000000008003580                _etext = .

.vfp11_veneer   0x0000000008003580        0x0
 .vfp11_veneer  0x0000000008003580        0x0 linker stubs

.v4_bx          0x0000000008003580        0x0
 .v4_bx         0x0000000008003580        0x0 linker stubs

.iplt           0x0000000008003580        0x0
 .iplt          0x0000000008003580        0x0 e:/allnetdiskdownload/ide_downloader/stm32cubeide_1.7.0/stm32cubeide/plugins/com.st.stm32cube.ide.mcu.externaltools.gnu-tools-for-stm32.9-2020-q2-update.win32_2.0.0.202105311346/tools/bin/../lib/gcc/arm-none-eabi/9.3.1/thumb/v7e-m+dp/hard/crtbegin.o

.rodata         0x0000000008003580      0x394
                0x0000000008003580                . = ALIGN (0x4)
 *(.rodata)
 .rodata        0x0000000008003580       0x18 ./stm32lib/CMSIS/Device/ST/STM32F7xx/Source/Templates/system_stm32f7xx.o
                0x0000000008003580                AHBPrescTable
                0x0000000008003590                APBPrescTable
 *(.rodata*)
 .rodata.str1.4
                0x0000000008003598      0x2e1 ./src/Lab03_spi.o
 *fill*         0x0000000008003879        0x3 
 .rodata.__sf_fake_stderr
                0x000000000800387c       0x20 e:/allnetdiskdownload/ide_downloader/stm32cubeide_1.7.0/stm32cubeide/plugins/com.st.stm32cube.ide.mcu.externaltools.gnu-tools-for-stm32.9-2020-q2-update.win32_2.0.0.202105311346/tools/bin/../lib/gcc/arm-none-eabi/9.3.1/../../../../arm-none-eabi/lib/thumb/v7e-m+dp/hard\libc_nano.a(lib_a-findfp.o)
                0x000000000800387c                __sf_fake_stderr
 .rodata.__sf_fake_stdin
                0x000000000800389c       0x20 e:/allnetdiskdownload/ide_downloader/stm32cubeide_1.7.0/stm32cubeide/plugins/com.st.stm32cube.ide.mcu.externaltools.gnu-tools-for-stm32.9-2020-q2-update.win32_2.0.0.202105311346/tools/bin/../lib/gcc/arm-none-eabi/9.3.1/../../../../arm-none-eabi/lib/thumb/v7e-m+dp/hard\libc_nano.a(lib_a-findfp.o)
                0x000000000800389c                __sf_fake_stdin
 .rodata.__sf_fake_stdout
                0x00000000080038bc       0x20 e:/allnetdiskdownload/ide_downloader/stm32cubeide_1.7.0/stm32cubeide/plugins/com.st.stm32cube.ide.mcu.externaltools.gnu-tools-for-stm32.9-2020-q2-update.win32_2.0.0.202105311346/tools/bin/../lib/gcc/arm-none-eabi/9.3.1/../../../../arm-none-eabi/lib/thumb/v7e-m+dp/hard\libc_nano.a(lib_a-findfp.o)
                0x00000000080038bc                __sf_fake_stdout
 .rodata._global_impure_ptr
                0x00000000080038dc        0x4 e:/allnetdiskdownload/ide_downloader/stm32cubeide_1.7.0/stm32cubeide/plugins/com.st.stm32cube.ide.mcu.externaltools.gnu-tools-for-stm32.9-2020-q2-update.win32_2.0.0.202105311346/tools/bin/../lib/gcc/arm-none-eabi/9.3.1/../../../../arm-none-eabi/lib/thumb/v7e-m+dp/hard\libc_nano.a(lib_a-impure.o)
                0x00000000080038dc                _global_impure_ptr
 .rodata._vfprintf_r.str1.1
                0x00000000080038e0       0x11 e:/allnetdiskdownload/ide_downloader/stm32cubeide_1.7.0/stm32cubeide/plugins/com.st.stm32cube.ide.mcu.externaltools.gnu-tools-for-stm32.9-2020-q2-update.win32_2.0.0.202105311346/tools/bin/../lib/gcc/arm-none-eabi/9.3.1/../../../../arm-none-eabi/lib/thumb/v7e-m+dp/hard\libc_nano.a(lib_a-nano-vfprintf.o)
 .rodata._printf_i.str1.1
                0x00000000080038f1       0x22 e:/allnetdiskdownload/ide_downloader/stm32cubeide_1.7.0/stm32cubeide/plugins/com.st.stm32cube.ide.mcu.externaltools.gnu-tools-for-stm32.9-2020-q2-update.win32_2.0.0.202105311346/tools/bin/../lib/gcc/arm-none-eabi/9.3.1/../../../../arm-none-eabi/lib/thumb/v7e-m+dp/hard\libc_nano.a(lib_a-nano-vfprintf_i.o)
                0x0000000008003914                . = ALIGN (0x4)
 *fill*         0x0000000008003913        0x1 

.ARM.extab      0x0000000008003914        0x0
                0x0000000008003914                . = ALIGN (0x4)
 *(.ARM.extab* .gnu.linkonce.armextab.*)
                0x0000000008003914                . = ALIGN (0x4)

.ARM            0x0000000008003914        0x8
                0x0000000008003914                . = ALIGN (0x4)
                0x0000000008003914                __exidx_start = .
 *(.ARM.exidx*)
 .ARM.exidx     0x0000000008003914        0x8 e:/allnetdiskdownload/ide_downloader/stm32cubeide_1.7.0/stm32cubeide/plugins/com.st.stm32cube.ide.mcu.externaltools.gnu-tools-for-stm32.9-2020-q2-update.win32_2.0.0.202105311346/tools/bin/../lib/gcc/arm-none-eabi/9.3.1/thumb/v7e-m+dp/hard\libgcc.a(_udivmoddi4.o)
                0x000000000800391c                __exidx_end = .
                0x000000000800391c                . = ALIGN (0x4)

.rel.dyn        0x000000000800391c        0x0
 .rel.iplt      0x000000000800391c        0x0 e:/allnetdiskdownload/ide_downloader/stm32cubeide_1.7.0/stm32cubeide/plugins/com.st.stm32cube.ide.mcu.externaltools.gnu-tools-for-stm32.9-2020-q2-update.win32_2.0.0.202105311346/tools/bin/../lib/gcc/arm-none-eabi/9.3.1/thumb/v7e-m+dp/hard/crtbegin.o

.preinit_array  0x000000000800391c        0x0
                0x000000000800391c                . = ALIGN (0x4)
                0x000000000800391c                PROVIDE (__preinit_array_start = .)
 *(.preinit_array*)
                0x000000000800391c                PROVIDE (__preinit_array_end = .)
                0x000000000800391c                . = ALIGN (0x4)

.init_array     0x000000000800391c        0x4
                0x000000000800391c                . = ALIGN (0x4)
                0x000000000800391c                PROVIDE (__init_array_start = .)
 *(SORT_BY_NAME(.init_array.*))
 *(.init_array*)
 .init_array    0x000000000800391c        0x4 e:/allnetdiskdownload/ide_downloader/stm32cubeide_1.7.0/stm32cubeide/plugins/com.st.stm32cube.ide.mcu.externaltools.gnu-tools-for-stm32.9-2020-q2-update.win32_2.0.0.202105311346/tools/bin/../lib/gcc/arm-none-eabi/9.3.1/thumb/v7e-m+dp/hard/crtbegin.o
                0x0000000008003920                PROVIDE (__init_array_end = .)
                0x0000000008003920                . = ALIGN (0x4)

.fini_array     0x0000000008003920        0x4
                0x0000000008003920                . = ALIGN (0x4)
                [!provide]                        PROVIDE (__fini_array_start = .)
 *(SORT_BY_NAME(.fini_array.*))
 *(.fini_array*)
 .fini_array    0x0000000008003920        0x4 e:/allnetdiskdownload/ide_downloader/stm32cubeide_1.7.0/stm32cubeide/plugins/com.st.stm32cube.ide.mcu.externaltools.gnu-tools-for-stm32.9-2020-q2-update.win32_2.0.0.202105311346/tools/bin/../lib/gcc/arm-none-eabi/9.3.1/thumb/v7e-m+dp/hard/crtbegin.o
                [!provide]                        PROVIDE (__fini_array_end = .)
                0x0000000008003924                . = ALIGN (0x4)
                0x0000000008003924                _sidata = LOADADDR (.data)

.data           0x0000000020000000       0x70 load address 0x0000000008003924
                0x0000000020000000                . = ALIGN (0x4)
                0x0000000020000000                _sdata = .
 *(.data)
 .data          0x0000000020000000        0x4 ./stm32lib/CMSIS/Device/ST/STM32F7xx/Source/Templates/system_stm32f7xx.o
                0x0000000020000000                SystemCoreClock
 .data          0x0000000020000004        0x8 ./stm32lib/STM32F7xx_HAL_Driver/Src/stm32f7xx_hal.o
                0x0000000020000004                uwTickFreq
                0x0000000020000008                uwTickPrio
 *(.data*)
 .data._impure_ptr
                0x000000002000000c        0x4 e:/allnetdiskdownload/ide_downloader/stm32cubeide_1.7.0/stm32cubeide/plugins/com.st.stm32cube.ide.mcu.externaltools.gnu-tools-for-stm32.9-2020-q2-update.win32_2.0.0.202105311346/tools/bin/../lib/gcc/arm-none-eabi/9.3.1/../../../../arm-none-eabi/lib/thumb/v7e-m+dp/hard\libc_nano.a(lib_a-impure.o)
                0x000000002000000c                _impure_ptr
 .data.impure_data
                0x0000000020000010       0x60 e:/allnetdiskdownload/ide_downloader/stm32cubeide_1.7.0/stm32cubeide/plugins/com.st.stm32cube.ide.mcu.externaltools.gnu-tools-for-stm32.9-2020-q2-update.win32_2.0.0.202105311346/tools/bin/../lib/gcc/arm-none-eabi/9.3.1/../../../../arm-none-eabi/lib/thumb/v7e-m+dp/hard\libc_nano.a(lib_a-impure.o)
                0x0000000020000070                . = ALIGN (0x4)
                0x0000000020000070                _edata = .

.igot.plt       0x0000000020000070        0x0 load address 0x0000000008003994
 .igot.plt      0x0000000020000070        0x0 e:/allnetdiskdownload/ide_downloader/stm32cubeide_1.7.0/stm32cubeide/plugins/com.st.stm32cube.ide.mcu.externaltools.gnu-tools-for-stm32.9-2020-q2-update.win32_2.0.0.202105311346/tools/bin/../lib/gcc/arm-none-eabi/9.3.1/thumb/v7e-m+dp/hard/crtbegin.o
                0x0000000020000070                . = ALIGN (0x4)

.bss            0x0000000020000070      0x134 load address 0x0000000008003994
                0x0000000020000070                _sbss = .
                0x0000000020000070                __bss_start__ = _sbss
 *(.bss)
 .bss           0x0000000020000070       0x1c e:/allnetdiskdownload/ide_downloader/stm32cubeide_1.7.0/stm32cubeide/plugins/com.st.stm32cube.ide.mcu.externaltools.gnu-tools-for-stm32.9-2020-q2-update.win32_2.0.0.202105311346/tools/bin/../lib/gcc/arm-none-eabi/9.3.1/thumb/v7e-m+dp/hard/crtbegin.o
 *(.bss*)
 .bss.__malloc_free_list
                0x000000002000008c        0x4 e:/allnetdiskdownload/ide_downloader/stm32cubeide_1.7.0/stm32cubeide/plugins/com.st.stm32cube.ide.mcu.externaltools.gnu-tools-for-stm32.9-2020-q2-update.win32_2.0.0.202105311346/tools/bin/../lib/gcc/arm-none-eabi/9.3.1/../../../../arm-none-eabi/lib/thumb/v7e-m+dp/hard\libc_nano.a(lib_a-nano-mallocr.o)
                0x000000002000008c                __malloc_free_list
 .bss.__malloc_sbrk_start
                0x0000000020000090        0x4 e:/allnetdiskdownload/ide_downloader/stm32cubeide_1.7.0/stm32cubeide/plugins/com.st.stm32cube.ide.mcu.externaltools.gnu-tools-for-stm32.9-2020-q2-update.win32_2.0.0.202105311346/tools/bin/../lib/gcc/arm-none-eabi/9.3.1/../../../../arm-none-eabi/lib/thumb/v7e-m+dp/hard\libc_nano.a(lib_a-nano-mallocr.o)
                0x0000000020000090                __malloc_sbrk_start
 .bss.heap_end.5507
                0x0000000020000094        0x4 e:/allnetdiskdownload/ide_downloader/stm32cubeide_1.7.0/stm32cubeide/plugins/com.st.stm32cube.ide.mcu.externaltools.gnu-tools-for-stm32.9-2020-q2-update.win32_2.0.0.202105311346/tools/bin/../lib/gcc/arm-none-eabi/9.3.1/../../../../arm-none-eabi/lib/thumb/v7e-m+dp/hard\libnosys.a(sbrk.o)
 *(COMMON)
 COMMON         0x0000000020000098       0xf8 ./src/Lab03_spi.o
                0x0000000020000098                HSPI
                0x00000000200000fc                USB_UART
                0x000000002000017c                GPIO_InitStruct
 COMMON         0x0000000020000190        0x4 ./stm32lib/STM32F7xx_HAL_Driver/Src/stm32f7xx_hal.o
                0x0000000020000190                uwTick
 COMMON         0x0000000020000194        0x9 e:/allnetdiskdownload/ide_downloader/stm32cubeide_1.7.0/stm32cubeide/plugins/com.st.stm32cube.ide.mcu.externaltools.gnu-tools-for-stm32.9-2020-q2-update.win32_2.0.0.202105311346/tools/bin/../lib/gcc/arm-none-eabi/9.3.1/../../../../arm-none-eabi/lib/thumb/v7e-m+dp/hard\libc_nano.a(lib_a-lock.o)
                0x0000000020000194                __lock___atexit_recursive_mutex
                0x0000000020000195                __lock___arc4random_mutex
                0x0000000020000196                __lock___env_recursive_mutex
                0x0000000020000197                __lock___sinit_recursive_mutex
                0x0000000020000198                __lock___malloc_recursive_mutex
                0x0000000020000199                __lock___at_quick_exit_mutex
                0x000000002000019a                __lock___dd_hash_mutex
                0x000000002000019b                __lock___tz_mutex
                0x000000002000019c                __lock___sfp_recursive_mutex
 *fill*         0x000000002000019d        0x3 
 COMMON         0x00000000200001a0        0x4 e:/allnetdiskdownload/ide_downloader/stm32cubeide_1.7.0/stm32cubeide/plugins/com.st.stm32cube.ide.mcu.externaltools.gnu-tools-for-stm32.9-2020-q2-update.win32_2.0.0.202105311346/tools/bin/../lib/gcc/arm-none-eabi/9.3.1/../../../../arm-none-eabi/lib/thumb/v7e-m+dp/hard\libc_nano.a(lib_a-reent.o)
                0x00000000200001a0                errno
                0x00000000200001a4                . = ALIGN (0x4)
                0x00000000200001a4                _ebss = .
                0x00000000200001a4                __bss_end__ = _ebss

._user_heap_stack
                0x00000000200001a4      0x404 load address 0x0000000008003994
                0x00000000200001a8                . = ALIGN (0x8)
 *fill*         0x00000000200001a4        0x4 
                0x00000000200001a8                PROVIDE (end = .)
                [!provide]                        PROVIDE (_end = .)
                0x00000000200001a8                . = (. + _Min_Heap_Size)
                0x00000000200005a8                . = (. + _Min_Stack_Size)
 *fill*         0x00000000200001a8      0x400 
                0x00000000200005a8                . = ALIGN (0x8)

/DISCARD/
 libc.a(*)
 libm.a(*)
 libgcc.a(*)

.ARM.attributes
                0x0000000000000000       0x2e
 *(.ARM.attributes)
 .ARM.attributes
                0x0000000000000000       0x1e e:/allnetdiskdownload/ide_downloader/stm32cubeide_1.7.0/stm32cubeide/plugins/com.st.stm32cube.ide.mcu.externaltools.gnu-tools-for-stm32.9-2020-q2-update.win32_2.0.0.202105311346/tools/bin/../lib/gcc/arm-none-eabi/9.3.1/thumb/v7e-m+dp/hard/crti.o
 .ARM.attributes
                0x000000000000001e       0x32 e:/allnetdiskdownload/ide_downloader/stm32cubeide_1.7.0/stm32cubeide/plugins/com.st.stm32cube.ide.mcu.externaltools.gnu-tools-for-stm32.9-2020-q2-update.win32_2.0.0.202105311346/tools/bin/../lib/gcc/arm-none-eabi/9.3.1/thumb/v7e-m+dp/hard/crtbegin.o
 .ARM.attributes
                0x0000000000000050       0x32 ./src/Lab03_spi.o
 .ARM.attributes
                0x0000000000000082       0x32 ./src/init.o
 .ARM.attributes
                0x00000000000000b4       0x32 ./src/uart.o
 .ARM.attributes
                0x00000000000000e6       0x21 ./startup/startup_stm32f769xx.o
 .ARM.attributes
                0x0000000000000107       0x32 ./stm32lib/CMSIS/Device/ST/STM32F7xx/Source/Templates/system_stm32f7xx.o
 .ARM.attributes
                0x0000000000000139       0x32 ./stm32lib/STM32F7xx_HAL_Driver/Src/stm32f7xx_hal.o
 .ARM.attributes
                0x000000000000016b       0x32 ./stm32lib/STM32F7xx_HAL_Driver/Src/stm32f7xx_hal_cortex.o
 .ARM.attributes
                0x000000000000019d       0x32 ./stm32lib/STM32F7xx_HAL_Driver/Src/stm32f7xx_hal_gpio.o
 .ARM.attributes
                0x00000000000001cf       0x32 ./stm32lib/STM32F7xx_HAL_Driver/Src/stm32f7xx_hal_pwr_ex.o
 .ARM.attributes
                0x0000000000000201       0x32 ./stm32lib/STM32F7xx_HAL_Driver/Src/stm32f7xx_hal_rcc.o
 .ARM.attributes
                0x0000000000000233       0x32 ./stm32lib/STM32F7xx_HAL_Driver/Src/stm32f7xx_hal_spi.o
 .ARM.attributes
                0x0000000000000265       0x32 ./stm32lib/STM32F7xx_HAL_Driver/Src/stm32f7xx_hal_uart.o
 .ARM.attributes
                0x0000000000000297       0x32 e:/allnetdiskdownload/ide_downloader/stm32cubeide_1.7.0/stm32cubeide/plugins/com.st.stm32cube.ide.mcu.externaltools.gnu-tools-for-stm32.9-2020-q2-update.win32_2.0.0.202105311346/tools/bin/../lib/gcc/arm-none-eabi/9.3.1/../../../../arm-none-eabi/lib/thumb/v7e-m+dp/hard\libc_nano.a(lib_a-fflush.o)
 .ARM.attributes
                0x00000000000002c9       0x32 e:/allnetdiskdownload/ide_downloader/stm32cubeide_1.7.0/stm32cubeide/plugins/com.st.stm32cube.ide.mcu.externaltools.gnu-tools-for-stm32.9-2020-q2-update.win32_2.0.0.202105311346/tools/bin/../lib/gcc/arm-none-eabi/9.3.1/../../../../arm-none-eabi/lib/thumb/v7e-m+dp/hard\libc_nano.a(lib_a-findfp.o)
 .ARM.attributes
                0x00000000000002fb       0x32 e:/allnetdiskdownload/ide_downloader/stm32cubeide_1.7.0/stm32cubeide/plugins/com.st.stm32cube.ide.mcu.externaltools.gnu-tools-for-stm32.9-2020-q2-update.win32_2.0.0.202105311346/tools/bin/../lib/gcc/arm-none-eabi/9.3.1/../../../../arm-none-eabi/lib/thumb/v7e-m+dp/hard\libc_nano.a(lib_a-fwalk.o)
 .ARM.attributes
                0x000000000000032d       0x32 e:/allnetdiskdownload/ide_downloader/stm32cubeide_1.7.0/stm32cubeide/plugins/com.st.stm32cube.ide.mcu.externaltools.gnu-tools-for-stm32.9-2020-q2-update.win32_2.0.0.202105311346/tools/bin/../lib/gcc/arm-none-eabi/9.3.1/../../../../arm-none-eabi/lib/thumb/v7e-m+dp/hard\libc_nano.a(lib_a-getchar.o)
 .ARM.attributes
                0x000000000000035f       0x30 e:/allnetdiskdownload/ide_downloader/stm32cubeide_1.7.0/stm32cubeide/plugins/com.st.stm32cube.ide.mcu.externaltools.gnu-tools-for-stm32.9-2020-q2-update.win32_2.0.0.202105311346/tools/bin/../lib/gcc/arm-none-eabi/9.3.1/../../../../arm-none-eabi/lib/thumb/v7e-m+dp/hard\libc_nano.a(lib_a-impure.o)
 .ARM.attributes
                0x000000000000038f       0x32 e:/allnetdiskdownload/ide_downloader/stm32cubeide_1.7.0/stm32cubeide/plugins/com.st.stm32cube.ide.mcu.externaltools.gnu-tools-for-stm32.9-2020-q2-update.win32_2.0.0.202105311346/tools/bin/../lib/gcc/arm-none-eabi/9.3.1/../../../../arm-none-eabi/lib/thumb/v7e-m+dp/hard\libc_nano.a(lib_a-init.o)
 .ARM.attributes
                0x00000000000003c1       0x32 e:/allnetdiskdownload/ide_downloader/stm32cubeide_1.7.0/stm32cubeide/plugins/com.st.stm32cube.ide.mcu.externaltools.gnu-tools-for-stm32.9-2020-q2-update.win32_2.0.0.202105311346/tools/bin/../lib/gcc/arm-none-eabi/9.3.1/../../../../arm-none-eabi/lib/thumb/v7e-m+dp/hard\libc_nano.a(lib_a-lock.o)
 .ARM.attributes
                0x00000000000003f3       0x32 e:/allnetdiskdownload/ide_downloader/stm32cubeide_1.7.0/stm32cubeide/plugins/com.st.stm32cube.ide.mcu.externaltools.gnu-tools-for-stm32.9-2020-q2-update.win32_2.0.0.202105311346/tools/bin/../lib/gcc/arm-none-eabi/9.3.1/../../../../arm-none-eabi/lib/thumb/v7e-m+dp/hard\libc_nano.a(lib_a-memset.o)
 .ARM.attributes
                0x0000000000000425       0x32 e:/allnetdiskdownload/ide_downloader/stm32cubeide_1.7.0/stm32cubeide/plugins/com.st.stm32cube.ide.mcu.externaltools.gnu-tools-for-stm32.9-2020-q2-update.win32_2.0.0.202105311346/tools/bin/../lib/gcc/arm-none-eabi/9.3.1/../../../../arm-none-eabi/lib/thumb/v7e-m+dp/hard\libc_nano.a(lib_a-nano-freer.o)
 .ARM.attributes
                0x0000000000000457       0x32 e:/allnetdiskdownload/ide_downloader/stm32cubeide_1.7.0/stm32cubeide/plugins/com.st.stm32cube.ide.mcu.externaltools.gnu-tools-for-stm32.9-2020-q2-update.win32_2.0.0.202105311346/tools/bin/../lib/gcc/arm-none-eabi/9.3.1/../../../../arm-none-eabi/lib/thumb/v7e-m+dp/hard\libc_nano.a(lib_a-nano-mallocr.o)
 .ARM.attributes
                0x0000000000000489       0x32 e:/allnetdiskdownload/ide_downloader/stm32cubeide_1.7.0/stm32cubeide/plugins/com.st.stm32cube.ide.mcu.externaltools.gnu-tools-for-stm32.9-2020-q2-update.win32_2.0.0.202105311346/tools/bin/../lib/gcc/arm-none-eabi/9.3.1/../../../../arm-none-eabi/lib/thumb/v7e-m+dp/hard\libc_nano.a(lib_a-printf.o)
 .ARM.attributes
                0x00000000000004bb       0x32 e:/allnetdiskdownload/ide_downloader/stm32cubeide_1.7.0/stm32cubeide/plugins/com.st.stm32cube.ide.mcu.externaltools.gnu-tools-for-stm32.9-2020-q2-update.win32_2.0.0.202105311346/tools/bin/../lib/gcc/arm-none-eabi/9.3.1/../../../../arm-none-eabi/lib/thumb/v7e-m+dp/hard\libc_nano.a(lib_a-putchar.o)
 .ARM.attributes
                0x00000000000004ed       0x32 e:/allnetdiskdownload/ide_downloader/stm32cubeide_1.7.0/stm32cubeide/plugins/com.st.stm32cube.ide.mcu.externaltools.gnu-tools-for-stm32.9-2020-q2-update.win32_2.0.0.202105311346/tools/bin/../lib/gcc/arm-none-eabi/9.3.1/../../../../arm-none-eabi/lib/thumb/v7e-m+dp/hard\libc_nano.a(lib_a-sbrkr.o)
 .ARM.attributes
                0x000000000000051f       0x32 e:/allnetdiskdownload/ide_downloader/stm32cubeide_1.7.0/stm32cubeide/plugins/com.st.stm32cube.ide.mcu.externaltools.gnu-tools-for-stm32.9-2020-q2-update.win32_2.0.0.202105311346/tools/bin/../lib/gcc/arm-none-eabi/9.3.1/../../../../arm-none-eabi/lib/thumb/v7e-m+dp/hard\libc_nano.a(lib_a-stdio.o)
 .ARM.attributes
                0x0000000000000551       0x32 e:/allnetdiskdownload/ide_downloader/stm32cubeide_1.7.0/stm32cubeide/plugins/com.st.stm32cube.ide.mcu.externaltools.gnu-tools-for-stm32.9-2020-q2-update.win32_2.0.0.202105311346/tools/bin/../lib/gcc/arm-none-eabi/9.3.1/../../../../arm-none-eabi/lib/thumb/v7e-m+dp/hard\libc_nano.a(lib_a-wbuf.o)
 .ARM.attributes
                0x0000000000000583       0x32 e:/allnetdiskdownload/ide_downloader/stm32cubeide_1.7.0/stm32cubeide/plugins/com.st.stm32cube.ide.mcu.externaltools.gnu-tools-for-stm32.9-2020-q2-update.win32_2.0.0.202105311346/tools/bin/../lib/gcc/arm-none-eabi/9.3.1/../../../../arm-none-eabi/lib/thumb/v7e-m+dp/hard\libc_nano.a(lib_a-writer.o)
 .ARM.attributes
                0x00000000000005b5       0x32 e:/allnetdiskdownload/ide_downloader/stm32cubeide_1.7.0/stm32cubeide/plugins/com.st.stm32cube.ide.mcu.externaltools.gnu-tools-for-stm32.9-2020-q2-update.win32_2.0.0.202105311346/tools/bin/../lib/gcc/arm-none-eabi/9.3.1/../../../../arm-none-eabi/lib/thumb/v7e-m+dp/hard\libc_nano.a(lib_a-wsetup.o)
 .ARM.attributes
                0x00000000000005e7       0x32 e:/allnetdiskdownload/ide_downloader/stm32cubeide_1.7.0/stm32cubeide/plugins/com.st.stm32cube.ide.mcu.externaltools.gnu-tools-for-stm32.9-2020-q2-update.win32_2.0.0.202105311346/tools/bin/../lib/gcc/arm-none-eabi/9.3.1/../../../../arm-none-eabi/lib/thumb/v7e-m+dp/hard\libc_nano.a(lib_a-closer.o)
 .ARM.attributes
                0x0000000000000619       0x32 e:/allnetdiskdownload/ide_downloader/stm32cubeide_1.7.0/stm32cubeide/plugins/com.st.stm32cube.ide.mcu.externaltools.gnu-tools-for-stm32.9-2020-q2-update.win32_2.0.0.202105311346/tools/bin/../lib/gcc/arm-none-eabi/9.3.1/../../../../arm-none-eabi/lib/thumb/v7e-m+dp/hard\libc_nano.a(lib_a-getc.o)
 .ARM.attributes
                0x000000000000064b       0x32 e:/allnetdiskdownload/ide_downloader/stm32cubeide_1.7.0/stm32cubeide/plugins/com.st.stm32cube.ide.mcu.externaltools.gnu-tools-for-stm32.9-2020-q2-update.win32_2.0.0.202105311346/tools/bin/../lib/gcc/arm-none-eabi/9.3.1/../../../../arm-none-eabi/lib/thumb/v7e-m+dp/hard\libc_nano.a(lib_a-lseekr.o)
 .ARM.attributes
                0x000000000000067d       0x32 e:/allnetdiskdownload/ide_downloader/stm32cubeide_1.7.0/stm32cubeide/plugins/com.st.stm32cube.ide.mcu.externaltools.gnu-tools-for-stm32.9-2020-q2-update.win32_2.0.0.202105311346/tools/bin/../lib/gcc/arm-none-eabi/9.3.1/../../../../arm-none-eabi/lib/thumb/v7e-m+dp/hard\libc_nano.a(lib_a-makebuf.o)
 .ARM.attributes
                0x00000000000006af       0x32 e:/allnetdiskdownload/ide_downloader/stm32cubeide_1.7.0/stm32cubeide/plugins/com.st.stm32cube.ide.mcu.externaltools.gnu-tools-for-stm32.9-2020-q2-update.win32_2.0.0.202105311346/tools/bin/../lib/gcc/arm-none-eabi/9.3.1/../../../../arm-none-eabi/lib/thumb/v7e-m+dp/hard\libc_nano.a(lib_a-mlock.o)
 .ARM.attributes
                0x00000000000006e1       0x32 e:/allnetdiskdownload/ide_downloader/stm32cubeide_1.7.0/stm32cubeide/plugins/com.st.stm32cube.ide.mcu.externaltools.gnu-tools-for-stm32.9-2020-q2-update.win32_2.0.0.202105311346/tools/bin/../lib/gcc/arm-none-eabi/9.3.1/../../../../arm-none-eabi/lib/thumb/v7e-m+dp/hard\libc_nano.a(lib_a-nano-vfprintf.o)
 .ARM.attributes
                0x0000000000000713       0x32 e:/allnetdiskdownload/ide_downloader/stm32cubeide_1.7.0/stm32cubeide/plugins/com.st.stm32cube.ide.mcu.externaltools.gnu-tools-for-stm32.9-2020-q2-update.win32_2.0.0.202105311346/tools/bin/../lib/gcc/arm-none-eabi/9.3.1/../../../../arm-none-eabi/lib/thumb/v7e-m+dp/hard\libc_nano.a(lib_a-nano-vfprintf_i.o)
 .ARM.attributes
                0x0000000000000745       0x32 e:/allnetdiskdownload/ide_downloader/stm32cubeide_1.7.0/stm32cubeide/plugins/com.st.stm32cube.ide.mcu.externaltools.gnu-tools-for-stm32.9-2020-q2-update.win32_2.0.0.202105311346/tools/bin/../lib/gcc/arm-none-eabi/9.3.1/../../../../arm-none-eabi/lib/thumb/v7e-m+dp/hard\libc_nano.a(lib_a-putc.o)
 .ARM.attributes
                0x0000000000000777       0x32 e:/allnetdiskdownload/ide_downloader/stm32cubeide_1.7.0/stm32cubeide/plugins/com.st.stm32cube.ide.mcu.externaltools.gnu-tools-for-stm32.9-2020-q2-update.win32_2.0.0.202105311346/tools/bin/../lib/gcc/arm-none-eabi/9.3.1/../../../../arm-none-eabi/lib/thumb/v7e-m+dp/hard\libc_nano.a(lib_a-readr.o)
 .ARM.attributes
                0x00000000000007a9       0x32 e:/allnetdiskdownload/ide_downloader/stm32cubeide_1.7.0/stm32cubeide/plugins/com.st.stm32cube.ide.mcu.externaltools.gnu-tools-for-stm32.9-2020-q2-update.win32_2.0.0.202105311346/tools/bin/../lib/gcc/arm-none-eabi/9.3.1/../../../../arm-none-eabi/lib/thumb/v7e-m+dp/hard\libc_nano.a(lib_a-reent.o)
 .ARM.attributes
                0x00000000000007db       0x32 e:/allnetdiskdownload/ide_downloader/stm32cubeide_1.7.0/stm32cubeide/plugins/com.st.stm32cube.ide.mcu.externaltools.gnu-tools-for-stm32.9-2020-q2-update.win32_2.0.0.202105311346/tools/bin/../lib/gcc/arm-none-eabi/9.3.1/../../../../arm-none-eabi/lib/thumb/v7e-m+dp/hard\libc_nano.a(lib_a-rget.o)
 .ARM.attributes
                0x000000000000080d       0x32 e:/allnetdiskdownload/ide_downloader/stm32cubeide_1.7.0/stm32cubeide/plugins/com.st.stm32cube.ide.mcu.externaltools.gnu-tools-for-stm32.9-2020-q2-update.win32_2.0.0.202105311346/tools/bin/../lib/gcc/arm-none-eabi/9.3.1/../../../../arm-none-eabi/lib/thumb/v7e-m+dp/hard\libc_nano.a(lib_a-fstatr.o)
 .ARM.attributes
                0x000000000000083f       0x32 e:/allnetdiskdownload/ide_downloader/stm32cubeide_1.7.0/stm32cubeide/plugins/com.st.stm32cube.ide.mcu.externaltools.gnu-tools-for-stm32.9-2020-q2-update.win32_2.0.0.202105311346/tools/bin/../lib/gcc/arm-none-eabi/9.3.1/../../../../arm-none-eabi/lib/thumb/v7e-m+dp/hard\libc_nano.a(lib_a-isattyr.o)
 .ARM.attributes
                0x0000000000000871       0x1c e:/allnetdiskdownload/ide_downloader/stm32cubeide_1.7.0/stm32cubeide/plugins/com.st.stm32cube.ide.mcu.externaltools.gnu-tools-for-stm32.9-2020-q2-update.win32_2.0.0.202105311346/tools/bin/../lib/gcc/arm-none-eabi/9.3.1/../../../../arm-none-eabi/lib/thumb/v7e-m+dp/hard\libc_nano.a(lib_a-memchr.o)
 .ARM.attributes
                0x000000000000088d       0x32 e:/allnetdiskdownload/ide_downloader/stm32cubeide_1.7.0/stm32cubeide/plugins/com.st.stm32cube.ide.mcu.externaltools.gnu-tools-for-stm32.9-2020-q2-update.win32_2.0.0.202105311346/tools/bin/../lib/gcc/arm-none-eabi/9.3.1/../../../../arm-none-eabi/lib/thumb/v7e-m+dp/hard\libc_nano.a(lib_a-refill.o)
 .ARM.attributes
                0x00000000000008bf       0x1e e:/allnetdiskdownload/ide_downloader/stm32cubeide_1.7.0/stm32cubeide/plugins/com.st.stm32cube.ide.mcu.externaltools.gnu-tools-for-stm32.9-2020-q2-update.win32_2.0.0.202105311346/tools/bin/../lib/gcc/arm-none-eabi/9.3.1/thumb/v7e-m+dp/hard\libgcc.a(_aeabi_uldivmod.o)
 .ARM.attributes
                0x00000000000008dd       0x32 e:/allnetdiskdownload/ide_downloader/stm32cubeide_1.7.0/stm32cubeide/plugins/com.st.stm32cube.ide.mcu.externaltools.gnu-tools-for-stm32.9-2020-q2-update.win32_2.0.0.202105311346/tools/bin/../lib/gcc/arm-none-eabi/9.3.1/thumb/v7e-m+dp/hard\libgcc.a(_udivmoddi4.o)
 .ARM.attributes
                0x000000000000090f       0x1e e:/allnetdiskdownload/ide_downloader/stm32cubeide_1.7.0/stm32cubeide/plugins/com.st.stm32cube.ide.mcu.externaltools.gnu-tools-for-stm32.9-2020-q2-update.win32_2.0.0.202105311346/tools/bin/../lib/gcc/arm-none-eabi/9.3.1/thumb/v7e-m+dp/hard\libgcc.a(_dvmd_tls.o)
 .ARM.attributes
                0x000000000000092d       0x32 e:/allnetdiskdownload/ide_downloader/stm32cubeide_1.7.0/stm32cubeide/plugins/com.st.stm32cube.ide.mcu.externaltools.gnu-tools-for-stm32.9-2020-q2-update.win32_2.0.0.202105311346/tools/bin/../lib/gcc/arm-none-eabi/9.3.1/../../../../arm-none-eabi/lib/thumb/v7e-m+dp/hard\libnosys.a(close.o)
 .ARM.attributes
                0x000000000000095f       0x32 e:/allnetdiskdownload/ide_downloader/stm32cubeide_1.7.0/stm32cubeide/plugins/com.st.stm32cube.ide.mcu.externaltools.gnu-tools-for-stm32.9-2020-q2-update.win32_2.0.0.202105311346/tools/bin/../lib/gcc/arm-none-eabi/9.3.1/../../../../arm-none-eabi/lib/thumb/v7e-m+dp/hard\libnosys.a(fstat.o)
 .ARM.attributes
                0x0000000000000991       0x32 e:/allnetdiskdownload/ide_downloader/stm32cubeide_1.7.0/stm32cubeide/plugins/com.st.stm32cube.ide.mcu.externaltools.gnu-tools-for-stm32.9-2020-q2-update.win32_2.0.0.202105311346/tools/bin/../lib/gcc/arm-none-eabi/9.3.1/../../../../arm-none-eabi/lib/thumb/v7e-m+dp/hard\libnosys.a(isatty.o)
 .ARM.attributes
                0x00000000000009c3       0x32 e:/allnetdiskdownload/ide_downloader/stm32cubeide_1.7.0/stm32cubeide/plugins/com.st.stm32cube.ide.mcu.externaltools.gnu-tools-for-stm32.9-2020-q2-update.win32_2.0.0.202105311346/tools/bin/../lib/gcc/arm-none-eabi/9.3.1/../../../../arm-none-eabi/lib/thumb/v7e-m+dp/hard\libnosys.a(lseek.o)
 .ARM.attributes
                0x00000000000009f5       0x32 e:/allnetdiskdownload/ide_downloader/stm32cubeide_1.7.0/stm32cubeide/plugins/com.st.stm32cube.ide.mcu.externaltools.gnu-tools-for-stm32.9-2020-q2-update.win32_2.0.0.202105311346/tools/bin/../lib/gcc/arm-none-eabi/9.3.1/../../../../arm-none-eabi/lib/thumb/v7e-m+dp/hard\libnosys.a(sbrk.o)
 .ARM.attributes
                0x0000000000000a27       0x1e e:/allnetdiskdownload/ide_downloader/stm32cubeide_1.7.0/stm32cubeide/plugins/com.st.stm32cube.ide.mcu.externaltools.gnu-tools-for-stm32.9-2020-q2-update.win32_2.0.0.202105311346/tools/bin/../lib/gcc/arm-none-eabi/9.3.1/thumb/v7e-m+dp/hard/crtn.o
OUTPUT(LAB-03_Template.elf elf32-littlearm)
LOAD linker stubs
LOAD e:/allnetdiskdownload/ide_downloader/stm32cubeide_1.7.0/stm32cubeide/plugins/com.st.stm32cube.ide.mcu.externaltools.gnu-tools-for-stm32.9-2020-q2-update.win32_2.0.0.202105311346/tools/bin/../lib/gcc/arm-none-eabi/9.3.1/../../../../arm-none-eabi/lib/thumb/v7e-m+dp/hard\libc.a
LOAD e:/allnetdiskdownload/ide_downloader/stm32cubeide_1.7.0/stm32cubeide/plugins/com.st.stm32cube.ide.mcu.externaltools.gnu-tools-for-stm32.9-2020-q2-update.win32_2.0.0.202105311346/tools/bin/../lib/gcc/arm-none-eabi/9.3.1/../../../../arm-none-eabi/lib/thumb/v7e-m+dp/hard\libm.a
LOAD e:/allnetdiskdownload/ide_downloader/stm32cubeide_1.7.0/stm32cubeide/plugins/com.st.stm32cube.ide.mcu.externaltools.gnu-tools-for-stm32.9-2020-q2-update.win32_2.0.0.202105311346/tools/bin/../lib/gcc/arm-none-eabi/9.3.1/thumb/v7e-m+dp/hard\libgcc.a

.debug_info     0x0000000000000000     0xeb27
 .debug_info    0x0000000000000000     0x2f4e ./src/Lab03_spi.o
 .debug_info    0x0000000000002f4e     0x17ac ./src/init.o
 .debug_info    0x00000000000046fa     0x1786 ./src/uart.o
 .debug_info    0x0000000000005e80       0x22 ./startup/startup_stm32f769xx.o
 .debug_info    0x0000000000005ea2      0x7c6 ./stm32lib/CMSIS/Device/ST/STM32F7xx/Source/Templates/system_stm32f7xx.o
 .debug_info    0x0000000000006668      0xc01 ./stm32lib/STM32F7xx_HAL_Driver/Src/stm32f7xx_hal.o
 .debug_info    0x0000000000007269     0x13df ./stm32lib/STM32F7xx_HAL_Driver/Src/stm32f7xx_hal_cortex.o
 .debug_info    0x0000000000008648      0x8ab ./stm32lib/STM32F7xx_HAL_Driver/Src/stm32f7xx_hal_gpio.o
 .debug_info    0x0000000000008ef3      0xafc ./stm32lib/STM32F7xx_HAL_Driver/Src/stm32f7xx_hal_pwr_ex.o
 .debug_info    0x00000000000099ef      0xc81 ./stm32lib/STM32F7xx_HAL_Driver/Src/stm32f7xx_hal_rcc.o
 .debug_info    0x000000000000a670     0x24c5 ./stm32lib/STM32F7xx_HAL_Driver/Src/stm32f7xx_hal_spi.o
 .debug_info    0x000000000000cb35     0x1ff2 ./stm32lib/STM32F7xx_HAL_Driver/Src/stm32f7xx_hal_uart.o

.debug_abbrev   0x0000000000000000     0x1c21
 .debug_abbrev  0x0000000000000000      0x377 ./src/Lab03_spi.o
 .debug_abbrev  0x0000000000000377      0x2f8 ./src/init.o
 .debug_abbrev  0x000000000000066f      0x2af ./src/uart.o
 .debug_abbrev  0x000000000000091e       0x12 ./startup/startup_stm32f769xx.o
 .debug_abbrev  0x0000000000000930      0x16b ./stm32lib/CMSIS/Device/ST/STM32F7xx/Source/Templates/system_stm32f7xx.o
 .debug_abbrev  0x0000000000000a9b      0x21c ./stm32lib/STM32F7xx_HAL_Driver/Src/stm32f7xx_hal.o
 .debug_abbrev  0x0000000000000cb7      0x393 ./stm32lib/STM32F7xx_HAL_Driver/Src/stm32f7xx_hal_cortex.o
 .debug_abbrev  0x000000000000104a      0x21f ./stm32lib/STM32F7xx_HAL_Driver/Src/stm32f7xx_hal_gpio.o
 .debug_abbrev  0x0000000000001269      0x1ef ./stm32lib/STM32F7xx_HAL_Driver/Src/stm32f7xx_hal_pwr_ex.o
 .debug_abbrev  0x0000000000001458      0x2d9 ./stm32lib/STM32F7xx_HAL_Driver/Src/stm32f7xx_hal_rcc.o
 .debug_abbrev  0x0000000000001731      0x27d ./stm32lib/STM32F7xx_HAL_Driver/Src/stm32f7xx_hal_spi.o
 .debug_abbrev  0x00000000000019ae      0x273 ./stm32lib/STM32F7xx_HAL_Driver/Src/stm32f7xx_hal_uart.o

.debug_loc      0x0000000000000000     0x630b
 .debug_loc     0x0000000000000000      0xa56 ./src/Lab03_spi.o
 .debug_loc     0x0000000000000a56       0xbf ./src/init.o
 .debug_loc     0x0000000000000b15      0x353 ./src/uart.o
 .debug_loc     0x0000000000000e68      0x16c ./stm32lib/CMSIS/Device/ST/STM32F7xx/Source/Templates/system_stm32f7xx.o
 .debug_loc     0x0000000000000fd4      0x141 ./stm32lib/STM32F7xx_HAL_Driver/Src/stm32f7xx_hal.o
 .debug_loc     0x0000000000001115      0x734 ./stm32lib/STM32F7xx_HAL_Driver/Src/stm32f7xx_hal_cortex.o
 .debug_loc     0x0000000000001849      0x50c ./stm32lib/STM32F7xx_HAL_Driver/Src/stm32f7xx_hal_gpio.o
 .debug_loc     0x0000000000001d55      0x286 ./stm32lib/STM32F7xx_HAL_Driver/Src/stm32f7xx_hal_pwr_ex.o
 .debug_loc     0x0000000000001fdb      0x678 ./stm32lib/STM32F7xx_HAL_Driver/Src/stm32f7xx_hal_rcc.o
 .debug_loc     0x0000000000002653     0x215d ./stm32lib/STM32F7xx_HAL_Driver/Src/stm32f7xx_hal_spi.o
 .debug_loc     0x00000000000047b0     0x1b5b ./stm32lib/STM32F7xx_HAL_Driver/Src/stm32f7xx_hal_uart.o

.debug_aranges  0x0000000000000000      0x898
 .debug_aranges
                0x0000000000000000       0x90 ./src/Lab03_spi.o
 .debug_aranges
                0x0000000000000090       0x38 ./src/init.o
 .debug_aranges
                0x00000000000000c8       0x58 ./src/uart.o
 .debug_aranges
                0x0000000000000120       0x28 ./startup/startup_stm32f769xx.o
 .debug_aranges
                0x0000000000000148       0x28 ./stm32lib/CMSIS/Device/ST/STM32F7xx/Source/Templates/system_stm32f7xx.o
 .debug_aranges
                0x0000000000000170      0x110 ./stm32lib/STM32F7xx_HAL_Driver/Src/stm32f7xx_hal.o
 .debug_aranges
                0x0000000000000280       0xa8 ./stm32lib/STM32F7xx_HAL_Driver/Src/stm32f7xx_hal_cortex.o
 .debug_aranges
                0x0000000000000328       0x58 ./stm32lib/STM32F7xx_HAL_Driver/Src/stm32f7xx_hal_gpio.o
 .debug_aranges
                0x0000000000000380       0x80 ./stm32lib/STM32F7xx_HAL_Driver/Src/stm32f7xx_hal_pwr_ex.o
 .debug_aranges
                0x0000000000000400       0x88 ./stm32lib/STM32F7xx_HAL_Driver/Src/stm32f7xx_hal_rcc.o
 .debug_aranges
                0x0000000000000488      0x1f8 ./stm32lib/STM32F7xx_HAL_Driver/Src/stm32f7xx_hal_spi.o
 .debug_aranges
                0x0000000000000680      0x218 ./stm32lib/STM32F7xx_HAL_Driver/Src/stm32f7xx_hal_uart.o

.debug_ranges   0x0000000000000000      0x840
 .debug_ranges  0x0000000000000000       0x80 ./src/Lab03_spi.o
 .debug_ranges  0x0000000000000080       0x28 ./src/init.o
 .debug_ranges  0x00000000000000a8       0x48 ./src/uart.o
 .debug_ranges  0x00000000000000f0       0x20 ./startup/startup_stm32f769xx.o
 .debug_ranges  0x0000000000000110       0x18 ./stm32lib/CMSIS/Device/ST/STM32F7xx/Source/Templates/system_stm32f7xx.o
 .debug_ranges  0x0000000000000128      0x100 ./stm32lib/STM32F7xx_HAL_Driver/Src/stm32f7xx_hal.o
 .debug_ranges  0x0000000000000228       0xf8 ./stm32lib/STM32F7xx_HAL_Driver/Src/stm32f7xx_hal_cortex.o
 .debug_ranges  0x0000000000000320       0x48 ./stm32lib/STM32F7xx_HAL_Driver/Src/stm32f7xx_hal_gpio.o
 .debug_ranges  0x0000000000000368       0x70 ./stm32lib/STM32F7xx_HAL_Driver/Src/stm32f7xx_hal_pwr_ex.o
 .debug_ranges  0x00000000000003d8       0x78 ./stm32lib/STM32F7xx_HAL_Driver/Src/stm32f7xx_hal_rcc.o
 .debug_ranges  0x0000000000000450      0x1e8 ./stm32lib/STM32F7xx_HAL_Driver/Src/stm32f7xx_hal_spi.o
 .debug_ranges  0x0000000000000638      0x208 ./stm32lib/STM32F7xx_HAL_Driver/Src/stm32f7xx_hal_uart.o

.debug_macro    0x0000000000000000    0x2c4f4
 .debug_macro   0x0000000000000000      0x3a5 ./src/Lab03_spi.o
 .debug_macro   0x00000000000003a5      0xac0 ./src/Lab03_spi.o
 .debug_macro   0x0000000000000e65       0x3b ./src/Lab03_spi.o
 .debug_macro   0x0000000000000ea0       0x22 ./src/Lab03_spi.o
 .debug_macro   0x0000000000000ec2       0x8e ./src/Lab03_spi.o
 .debug_macro   0x0000000000000f50       0x51 ./src/Lab03_spi.o
 .debug_macro   0x0000000000000fa1      0x103 ./src/Lab03_spi.o
 .debug_macro   0x00000000000010a4       0x6a ./src/Lab03_spi.o
 .debug_macro   0x000000000000110e      0x1df ./src/Lab03_spi.o
 .debug_macro   0x00000000000012ed       0x1c ./src/Lab03_spi.o
 .debug_macro   0x0000000000001309       0x22 ./src/Lab03_spi.o
 .debug_macro   0x000000000000132b       0xdf ./src/Lab03_spi.o
 .debug_macro   0x000000000000140a     0x12cd ./src/Lab03_spi.o
 .debug_macro   0x00000000000026d7      0x11f ./src/Lab03_spi.o
 .debug_macro   0x00000000000027f6       0x19 ./src/Lab03_spi.o
 .debug_macro   0x000000000000280f    0x20462 ./src/Lab03_spi.o
 .debug_macro   0x0000000000022c71      0x1b0 ./src/Lab03_spi.o
 .debug_macro   0x0000000000022e21       0x2e ./src/Lab03_spi.o
 .debug_macro   0x0000000000022e4f       0x43 ./src/Lab03_spi.o
 .debug_macro   0x0000000000022e92     0x36b4 ./src/Lab03_spi.o
 .debug_macro   0x0000000000026546      0x174 ./src/Lab03_spi.o
 .debug_macro   0x00000000000266ba       0x61 ./src/Lab03_spi.o
 .debug_macro   0x000000000002671b     0x1b3f ./src/Lab03_spi.o
 .debug_macro   0x000000000002825a      0x6c4 ./src/Lab03_spi.o
 .debug_macro   0x000000000002891e      0x117 ./src/Lab03_spi.o
 .debug_macro   0x0000000000028a35      0x276 ./src/Lab03_spi.o
 .debug_macro   0x0000000000028cab       0x27 ./src/Lab03_spi.o
 .debug_macro   0x0000000000028cd2      0x24f ./src/Lab03_spi.o
 .debug_macro   0x0000000000028f21       0x71 ./src/Lab03_spi.o
 .debug_macro   0x0000000000028f92       0x58 ./src/Lab03_spi.o
 .debug_macro   0x0000000000028fea      0x236 ./src/Lab03_spi.o
 .debug_macro   0x0000000000029220      0x14f ./src/Lab03_spi.o
 .debug_macro   0x000000000002936f      0x3dc ./src/Lab03_spi.o
 .debug_macro   0x000000000002974b       0x12 ./src/Lab03_spi.o
 .debug_macro   0x000000000002975d      0x12f ./src/Lab03_spi.o
 .debug_macro   0x000000000002988c      0x108 ./src/Lab03_spi.o
 .debug_macro   0x0000000000029994       0x35 ./src/Lab03_spi.o
 .debug_macro   0x00000000000299c9      0x2fe ./src/Lab03_spi.o
 .debug_macro   0x0000000000029cc7      0x589 ./src/Lab03_spi.o
 .debug_macro   0x000000000002a250       0x44 ./src/Lab03_spi.o
 .debug_macro   0x000000000002a294      0x15c ./src/Lab03_spi.o
 .debug_macro   0x000000000002a3f0       0x52 ./src/Lab03_spi.o
 .debug_macro   0x000000000002a442       0x17 ./src/Lab03_spi.o
 .debug_macro   0x000000000002a459       0x3c ./src/Lab03_spi.o
 .debug_macro   0x000000000002a495       0x34 ./src/Lab03_spi.o
 .debug_macro   0x000000000002a4c9       0x16 ./src/Lab03_spi.o
 .debug_macro   0x000000000002a4df       0x43 ./src/Lab03_spi.o
 .debug_macro   0x000000000002a522       0x34 ./src/Lab03_spi.o
 .debug_macro   0x000000000002a556       0x10 ./src/Lab03_spi.o
 .debug_macro   0x000000000002a566       0x58 ./src/Lab03_spi.o
 .debug_macro   0x000000000002a5be       0x71 ./src/Lab03_spi.o
 .debug_macro   0x000000000002a62f       0x1c ./src/Lab03_spi.o
 .debug_macro   0x000000000002a64b      0x12a ./src/Lab03_spi.o
 .debug_macro   0x000000000002a775      0x333 ./src/Lab03_spi.o
 .debug_macro   0x000000000002aaa8       0x10 ./src/Lab03_spi.o
 .debug_macro   0x000000000002aab8       0x35 ./src/Lab03_spi.o
 .debug_macro   0x000000000002aaed       0x20 ./src/Lab03_spi.o
 .debug_macro   0x000000000002ab0d       0x1c ./src/Lab03_spi.o
 .debug_macro   0x000000000002ab29       0x10 ./src/Lab03_spi.o
 .debug_macro   0x000000000002ab39       0x10 ./src/Lab03_spi.o
 .debug_macro   0x000000000002ab49       0x1c ./src/Lab03_spi.o
 .debug_macro   0x000000000002ab65       0x52 ./src/Lab03_spi.o
 .debug_macro   0x000000000002abb7       0x22 ./src/Lab03_spi.o
 .debug_macro   0x000000000002abd9       0x10 ./src/Lab03_spi.o
 .debug_macro   0x000000000002abe9       0x40 ./src/Lab03_spi.o
 .debug_macro   0x000000000002ac29       0xd5 ./src/Lab03_spi.o
 .debug_macro   0x000000000002acfe       0x1c ./src/Lab03_spi.o
 .debug_macro   0x000000000002ad1a       0x3d ./src/Lab03_spi.o
 .debug_macro   0x000000000002ad57       0x16 ./src/Lab03_spi.o
 .debug_macro   0x000000000002ad6d      0x145 ./src/Lab03_spi.o
 .debug_macro   0x000000000002aeb2       0x4c ./src/Lab03_spi.o
 .debug_macro   0x000000000002aefe       0x16 ./src/Lab03_spi.o
 .debug_macro   0x000000000002af14       0x16 ./src/Lab03_spi.o
 .debug_macro   0x000000000002af2a       0x29 ./src/Lab03_spi.o
 .debug_macro   0x000000000002af53      0x371 ./src/init.o
 .debug_macro   0x000000000002b2c4      0x367 ./src/uart.o
 .debug_macro   0x000000000002b62b      0x1c7 ./stm32lib/CMSIS/Device/ST/STM32F7xx/Source/Templates/system_stm32f7xx.o
 .debug_macro   0x000000000002b7f2      0x1e5 ./stm32lib/STM32F7xx_HAL_Driver/Src/stm32f7xx_hal.o
 .debug_macro   0x000000000002b9d7      0x1c1 ./stm32lib/STM32F7xx_HAL_Driver/Src/stm32f7xx_hal_cortex.o
 .debug_macro   0x000000000002bb98      0x1f7 ./stm32lib/STM32F7xx_HAL_Driver/Src/stm32f7xx_hal_gpio.o
 .debug_macro   0x000000000002bd8f      0x1d9 ./stm32lib/STM32F7xx_HAL_Driver/Src/stm32f7xx_hal_pwr_ex.o
 .debug_macro   0x000000000002bf68      0x1e5 ./stm32lib/STM32F7xx_HAL_Driver/Src/stm32f7xx_hal_rcc.o
 .debug_macro   0x000000000002c14d      0x1c9 ./stm32lib/STM32F7xx_HAL_Driver/Src/stm32f7xx_hal_spi.o
 .debug_macro   0x000000000002c316      0x1de ./stm32lib/STM32F7xx_HAL_Driver/Src/stm32f7xx_hal_uart.o

.debug_line     0x0000000000000000     0xeef8
 .debug_line    0x0000000000000000     0x20d6 ./src/Lab03_spi.o
 .debug_line    0x00000000000020d6      0xd8b ./src/init.o
 .debug_line    0x0000000000002e61      0xd20 ./src/uart.o
 .debug_line    0x0000000000003b81       0x7f ./startup/startup_stm32f769xx.o
 .debug_line    0x0000000000003c00      0xa2a ./stm32lib/CMSIS/Device/ST/STM32F7xx/Source/Templates/system_stm32f7xx.o
 .debug_line    0x000000000000462a      0xd04 ./stm32lib/STM32F7xx_HAL_Driver/Src/stm32f7xx_hal.o
 .debug_line    0x000000000000532e      0xedd ./stm32lib/STM32F7xx_HAL_Driver/Src/stm32f7xx_hal_cortex.o
 .debug_line    0x000000000000620b      0xe62 ./stm32lib/STM32F7xx_HAL_Driver/Src/stm32f7xx_hal_gpio.o
 .debug_line    0x000000000000706d      0xcbd ./stm32lib/STM32F7xx_HAL_Driver/Src/stm32f7xx_hal_pwr_ex.o
 .debug_line    0x0000000000007d2a     0x13eb ./stm32lib/STM32F7xx_HAL_Driver/Src/stm32f7xx_hal_rcc.o
 .debug_line    0x0000000000009115     0x3527 ./stm32lib/STM32F7xx_HAL_Driver/Src/stm32f7xx_hal_spi.o
 .debug_line    0x000000000000c63c     0x28bc ./stm32lib/STM32F7xx_HAL_Driver/Src/stm32f7xx_hal_uart.o

.debug_str      0x0000000000000000   0x10c73e
 .debug_str     0x0000000000000000   0x109f23 ./src/Lab03_spi.o
                                     0x10a767 (size before relaxing)
 .debug_str     0x0000000000109f23      0x328 ./src/init.o
                                     0x10a4b9 (size before relaxing)
 .debug_str     0x000000000010a24b       0xb6 ./src/uart.o
                                     0x10a38e (size before relaxing)
 .debug_str     0x000000000010a301       0x2f ./startup/startup_stm32f769xx.o
                                         0x87 (size before relaxing)
 .debug_str     0x000000000010a330       0xda ./stm32lib/CMSIS/Device/ST/STM32F7xx/Source/Templates/system_stm32f7xx.o
                                     0x105db8 (size before relaxing)
 .debug_str     0x000000000010a40a      0xa87 ./stm32lib/STM32F7xx_HAL_Driver/Src/stm32f7xx_hal.o
                                     0x10678d (size before relaxing)
 .debug_str     0x000000000010ae91      0x37e ./stm32lib/STM32F7xx_HAL_Driver/Src/stm32f7xx_hal_cortex.o
                                     0x10678c (size before relaxing)
 .debug_str     0x000000000010b20f      0x264 ./stm32lib/STM32F7xx_HAL_Driver/Src/stm32f7xx_hal_gpio.o
                                     0x105f64 (size before relaxing)
 .debug_str     0x000000000010b473      0x227 ./stm32lib/STM32F7xx_HAL_Driver/Src/stm32f7xx_hal_pwr_ex.o