Archive member included to satisfy reference by file (symbol)

e:/allnetdiskdownload/ide_downloader/stm32cubeide_1.7.0/stm32cubeide/plugins/com.st.stm32cube.ide.mcu.externaltools.gnu-tools-for-stm32.9-2020-q2-update.win32_2.0.0.202105311346/tools/bin/../lib/gcc/arm-none-eabi/9.3.1/../../../../arm-none-eabi/lib/thumb/v7e-m+dp/hard\libc_nano.a(lib_a-exit.o)
                              e:/allnetdiskdownload/ide_downloader/stm32cubeide_1.7.0/stm32cubeide/plugins/com.st.stm32cube.ide.mcu.externaltools.gnu-tools-for-stm32.9-2020-q2-update.win32_2.0.0.202105311346/tools/bin/../lib/gcc/arm-none-eabi/9.3.1/../../../../arm-none-eabi/lib/thumb/v7e-m+dp/hard/crt0.o (exit)
e:/allnetdiskdownload/ide_downloader/stm32cubeide_1.7.0/stm32cubeide/plugins/com.st.stm32cube.ide.mcu.externaltools.gnu-tools-for-stm32.9-2020-q2-update.win32_2.0.0.202105311346/tools/bin/../lib/gcc/arm-none-eabi/9.3.1/../../../../arm-none-eabi/lib/thumb/v7e-m+dp/hard\libc_nano.a(lib_a-fflush.o)
                              ./src/Lab02_intrpt.o (fflush)
e:/allnetdiskdownload/ide_downloader/stm32cubeide_1.7.0/stm32cubeide/plugins/com.st.stm32cube.ide.mcu.externaltools.gnu-tools-for-stm32.9-2020-q2-update.win32_2.0.0.202105311346/tools/bin/../lib/gcc/arm-none-eabi/9.3.1/../../../../arm-none-eabi/lib/thumb/v7e-m+dp/hard\libc_nano.a(lib_a-findfp.o)
                              e:/allnetdiskdownload/ide_downloader/stm32cubeide_1.7.0/stm32cubeide/plugins/com.st.stm32cube.ide.mcu.externaltools.gnu-tools-for-stm32.9-2020-q2-update.win32_2.0.0.202105311346/tools/bin/../lib/gcc/arm-none-eabi/9.3.1/../../../../arm-none-eabi/lib/thumb/v7e-m+dp/hard\libc_nano.a(lib_a-fflush.o) (__sinit)
e:/allnetdiskdownload/ide_downloader/stm32cubeide_1.7.0/stm32cubeide/plugins/com.st.stm32cube.ide.mcu.externaltools.gnu-tools-for-stm32.9-2020-q2-update.win32_2.0.0.202105311346/tools/bin/../lib/gcc/arm-none-eabi/9.3.1/../../../../arm-none-eabi/lib/thumb/v7e-m+dp/hard\libc_nano.a(lib_a-fwalk.o)
                              e:/allnetdiskdownload/ide_downloader/stm32cubeide_1.7.0/stm32cubeide/plugins/com.st.stm32cube.ide.mcu.externaltools.gnu-tools-for-stm32.9-2020-q2-update.win32_2.0.0.202105311346/tools/bin/../lib/gcc/arm-none-eabi/9.3.1/../../../../arm-none-eabi/lib/thumb/v7e-m+dp/hard\libc_nano.a(lib_a-findfp.o) (_fwalk)
e:/allnetdiskdownload/ide_downloader/stm32cubeide_1.7.0/stm32cubeide/plugins/com.st.stm32cube.ide.mcu.externaltools.gnu-tools-for-stm32.9-2020-q2-update.win32_2.0.0.202105311346/tools/bin/../lib/gcc/arm-none-eabi/9.3.1/../../../../arm-none-eabi/lib/thumb/v7e-m+dp/hard\libc_nano.a(lib_a-impure.o)
                              e:/allnetdiskdownload/ide_downloader/stm32cubeide_1.7.0/stm32cubeide/plugins/com.st.stm32cube.ide.mcu.externaltools.gnu-tools-for-stm32.9-2020-q2-update.win32_2.0.0.202105311346/tools/bin/../lib/gcc/arm-none-eabi/9.3.1/../../../../arm-none-eabi/lib/thumb/v7e-m+dp/hard\libc_nano.a(lib_a-exit.o) (_global_impure_ptr)
e:/allnetdiskdownload/ide_downloader/stm32cubeide_1.7.0/stm32cubeide/plugins/com.st.stm32cube.ide.mcu.externaltools.gnu-tools-for-stm32.9-2020-q2-update.win32_2.0.0.202105311346/tools/bin/../lib/gcc/arm-none-eabi/9.3.1/../../../../arm-none-eabi/lib/thumb/v7e-m+dp/hard\libc_nano.a(lib_a-init.o)
                              e:/allnetdiskdownload/ide_downloader/stm32cubeide_1.7.0/stm32cubeide/plugins/com.st.stm32cube.ide.mcu.externaltools.gnu-tools-for-stm32.9-2020-q2-update.win32_2.0.0.202105311346/tools/bin/../lib/gcc/arm-none-eabi/9.3.1/../../../../arm-none-eabi/lib/thumb/v7e-m+dp/hard/crt0.o (__libc_init_array)
e:/allnetdiskdownload/ide_downloader/stm32cubeide_1.7.0/stm32cubeide/plugins/com.st.stm32cube.ide.mcu.externaltools.gnu-tools-for-stm32.9-2020-q2-update.win32_2.0.0.202105311346/tools/bin/../lib/gcc/arm-none-eabi/9.3.1/../../../../arm-none-eabi/lib/thumb/v7e-m+dp/hard\libc_nano.a(lib_a-lock.o)
                              e:/allnetdiskdownload/ide_downloader/stm32cubeide_1.7.0/stm32cubeide/plugins/com.st.stm32cube.ide.mcu.externaltools.gnu-tools-for-stm32.9-2020-q2-update.win32_2.0.0.202105311346/tools/bin/../lib/gcc/arm-none-eabi/9.3.1/../../../../arm-none-eabi/lib/thumb/v7e-m+dp/hard\libc_nano.a(lib_a-findfp.o) (__retarget_lock_init_recursive)
e:/allnetdiskdownload/ide_downloader/stm32cubeide_1.7.0/stm32cubeide/plugins/com.st.stm32cube.ide.mcu.externaltools.gnu-tools-for-stm32.9-2020-q2-update.win32_2.0.0.202105311346/tools/bin/../lib/gcc/arm-none-eabi/9.3.1/../../../../arm-none-eabi/lib/thumb/v7e-m+dp/hard\libc_nano.a(lib_a-memset.o)
                              e:/allnetdiskdownload/ide_downloader/stm32cubeide_1.7.0/stm32cubeide/plugins/com.st.stm32cube.ide.mcu.externaltools.gnu-tools-for-stm32.9-2020-q2-update.win32_2.0.0.202105311346/tools/bin/../lib/gcc/arm-none-eabi/9.3.1/../../../../arm-none-eabi/lib/thumb/v7e-m+dp/hard/crt0.o (memset)
[...]
Memory Configuration

Name             Origin             Length             Attributes
RAM              0x0000000020000000 0x0000000000080000 xrw
ROM              0x0000000008000000 0x0000000000200000 xr
*default*        0x0000000000000000 0xffffffffffffffff

Linker script and memory map

LOAD e:/allnetdiskdownload/ide_downloader/stm32cubeide_1.7.0/stm32cubeide/plugins/com.st.stm32cube.ide.mcu.externaltools.gnu-tools-for-stm32.9-2020-q2-update.win32_2.0.0.202105311346/tools/bin/../lib/gcc/arm-none-eabi/9.3.1/thumb/v7e-m+dp/hard/crti.o
LOAD e:/allnetdiskdownload/ide_downloader/stm32cubeide_1.7.0/stm32cubeide/plugins/com.st.stm32cube.ide.mcu.externaltools.gnu-tools-for-stm32.9-2020-q2-update.win32_2.0.0.202105311346/tools/bin/../lib/gcc/arm-none-eabi/9.3.1/thumb/v7e-m+dp/hard/crtbegin.o
LOAD e:/allnetdiskdownload/ide_downloader/stm32cubeide_1.7.0/stm32cubeide/plugins/com.st.stm32cube.ide.mcu.externaltools.gnu-tools-for-stm32.9-2020-q2-update.win32_2.0.0.202105311346/tools/bin/../lib/gcc/arm-none-eabi/9.3.1/../../../../arm-none-eabi/lib/thumb/v7e-m+dp/hard/crt0.o
LOAD ./src/Lab02_intrpt.o
LOAD ./src/init.o
LOAD ./src/uart.o
LOAD ./startup/startup_stm32f769xx.o
LOAD ./stm32lib/CMSIS/Device/ST/STM32F7xx/Source/Templates/system_stm32f7xx.o
LOAD ./stm32lib/STM32F7xx_HAL_Driver/Src/stm32f7xx_hal.o
LOAD ./stm32lib/STM32F7xx_HAL_Driver/Src/stm32f7xx_hal_cortex.o
LOAD ./stm32lib/STM32F7xx_HAL_Driver/Src/stm32f7xx_hal_gpio.o
LOAD ./stm32lib/STM32F7xx_HAL_Driver/Src/stm32f7xx_hal_pwr.o
LOAD ./stm32lib/STM32F7xx_HAL_Driver/Src/stm32f7xx_hal_pwr_ex.o
LOAD ./stm32lib/STM32F7xx_HAL_Driver/Src/stm32f7xx_hal_rcc.o
LOAD ./stm32lib/STM32F7xx_HAL_Driver/Src/stm32f7xx_hal_rcc_ex.o
LOAD ./stm32lib/STM32F7xx_HAL_Driver/Src/stm32f7xx_hal_tim.o
LOAD ./stm32lib/STM32F7xx_HAL_Driver/Src/stm32f7xx_hal_tim_ex.o
LOAD ./stm32lib/STM32F7xx_HAL_Driver/Src/stm32f7xx_hal_uart.o
START GROUP
LOAD e:/allnetdiskdownload/ide_downloader/stm32cubeide_1.7.0/stm32cubeide/plugins/com.st.stm32cube.ide.mcu.externaltools.gnu-tools-for-stm32.9-2020-q2-update.win32_2.0.0.202105311346/tools/bin/../lib/gcc/arm-none-eabi/9.3.1/../../../../arm-none-eabi/lib/thumb/v7e-m+dp/hard\libc_nano.a
LOAD e:/allnetdiskdownload/ide_downloader/stm32cubeide_1.7.0/stm32cubeide/plugins/com.st.stm32cube.ide.mcu.externaltools.gnu-tools-for-stm32.9-2020-q2-update.win32_2.0.0.202105311346/tools/bin/../lib/gcc/arm-none-eabi/9.3.1/../../../../arm-none-eabi/lib/thumb/v7e-m+dp/hard\libm.a
END GROUP
START GROUP
LOAD e:/allnetdiskdownload/ide_downloader/stm32cubeide_1.7.0/stm32cubeide/plugins/com.st.stm32cube.ide.mcu.externaltools.gnu-tools-for-stm32.9-2020-q2-update.win32_2.0.0.202105311346/tools/bin/../lib/gcc/arm-none-eabi/9.3.1/thumb/v7e-m+dp/hard\libgcc.a
LOAD e:/allnetdiskdownload/ide_downloader/stm32cubeide_1.7.0/stm32cubeide/plugins/com.st.stm32cube.ide.mcu.externaltools.gnu-tools-for-stm32.9-2020-q2-update.win32_2.0.0.202105311346/tools/bin/../lib/gcc/arm-none-eabi/9.3.1/../../../../arm-none-eabi/lib/thumb/v7e-m+dp/hard\libc_nano.a
END GROUP
START GROUP
LOAD e:/allnetdiskdownload/ide_downloader/stm32cubeide_1.7.0/stm32cubeide/plugins/com.st.stm32cube.ide.mcu.externaltools.gnu-tools-for-stm32.9-2020-q2-update.win32_2.0.0.202105311346/tools/bin/../lib/gcc/arm-none-eabi/9.3.1/thumb/v7e-m+dp/hard\libgcc.a
LOAD e:/allnetdiskdownload/ide_downloader/stm32cubeide_1.7.0/stm32cubeide/plugins/com.st.stm32cube.ide.mcu.externaltools.gnu-tools-for-stm32.9-2020-q2-update.win32_2.0.0.202105311346/tools/bin/../lib/gcc/arm-none-eabi/9.3.1/../../../../arm-none-eabi/lib/thumb/v7e-m+dp/hard\libc_nano.a
LOAD e:/allnetdiskdownload/ide_downloader/stm32cubeide_1.7.0/stm32cubeide/plugins/com.st.stm32cube.ide.mcu.externaltools.gnu-tools-for-stm32.9-2020-q2-update.win32_2.0.0.202105311346/tools/bin/../lib/gcc/arm-none-eabi/9.3.1/../../../../arm-none-eabi/lib/thumb/v7e-m+dp/hard\libnosys.a
END GROUP
START GROUP
LOAD e:/allnetdiskdownload/ide_downloader/stm32cubeide_1.7.0/stm32cubeide/plugins/com.st.stm32cube.ide.mcu.externaltools.gnu-tools-for-stm32.9-2020-q2-update.win32_2.0.0.202105311346/tools/bin/../lib/gcc/arm-none-eabi/9.3.1/thumb/v7e-m+dp/hard\libgcc.a
LOAD e:/allnetdiskdownload/ide_downloader/stm32cubeide_1.7.0/stm32cubeide/plugins/com.st.stm32cube.ide.mcu.externaltools.gnu-tools-for-stm32.9-2020-q2-update.win32_2.0.0.202105311346/tools/bin/../lib/gcc/arm-none-eabi/9.3.1/../../../../arm-none-eabi/lib/thumb/v7e-m+dp/hard\libc_nano.a
LOAD e:/allnetdiskdownload/ide_downloader/stm32cubeide_1.7.0/stm32cubeide/plugins/com.st.stm32cube.ide.mcu.externaltools.gnu-tools-for-stm32.9-2020-q2-update.win32_2.0.0.202105311346/tools/bin/../lib/gcc/arm-none-eabi/9.3.1/../../../../arm-none-eabi/lib/thumb/v7e-m+dp/hard\libnosys.a
END GROUP
LOAD e:/allnetdiskdownload/ide_downloader/stm32cubeide_1.7.0/stm32cubeide/plugins/com.st.stm32cube.ide.mcu.externaltools.gnu-tools-for-stm32.9-2020-q2-update.win32_2.0.0.202105311346/tools/bin/../lib/gcc/arm-none-eabi/9.3.1/thumb/v7e-m+dp/hard/crtend.o
LOAD e:/allnetdiskdownload/ide_downloader/stm32cubeide_1.7.0/stm32cubeide/plugins/com.st.stm32cube.ide.mcu.externaltools.gnu-tools-for-stm32.9-2020-q2-update.win32_2.0.0.202105311346/tools/bin/../lib/gcc/arm-none-eabi/9.3.1/thumb/v7e-m+dp/hard/crtn.o
                0x0000000020080000                _estack = 0x20080000
                0x0000000000000000                _Min_Heap_Size = 0x0
                0x0000000000000400                _Min_Stack_Size = 0x400

.isr_vector     0x0000000008000000      0x1f8
                0x0000000008000000                . = ALIGN (0x4)
 *(.isr_vector)
 .isr_vector    0x0000000008000000      0x1f8 ./startup/startup_stm32f769xx.o
                0x0000000008000000                g_pfnVectors
                0x00000000080001f8                . = ALIGN (0x4)

.text           0x0000000008000200     0x2e28
                0x0000000008000200                . = ALIGN (0x4)
 *(.text)
 .text          0x0000000008000200       0x40 e:/allnetdiskdownload/ide_downloader/stm32cubeide_1.7.0/stm32cubeide/plugins/com.st.stm32cube.ide.mcu.externaltools.gnu-tools-for-stm32.9-2020-q2-update.win32_2.0.0.202105311346/tools/bin/../lib/gcc/arm-none-eabi/9.3.1/thumb/v7e-m+dp/hard/crtbegin.o
 .text          0x0000000008000240       0xa0 e:/allnetdiskdownload/ide_downloader/stm32cubeide_1.7.0/stm32cubeide/plugins/com.st.stm32cube.ide.mcu.externaltools.gnu-tools-for-stm32.9-2020-q2-update.win32_2.0.0.202105311346/tools/bin/../lib/gcc/arm-none-eabi/9.3.1/../../../../arm-none-eabi/lib/thumb/v7e-m+dp/hard\libc_nano.a(lib_a-memchr.o)
                0x0000000008000240                memchr
 .text          0x00000000080002e0       0x30 e:/allnetdiskdownload/ide_downloader/stm32cubeide_1.7.0/stm32cubeide/plugins/com.st.stm32cube.ide.mcu.externaltools.gnu-tools-for-stm32.9-2020-q2-update.win32_2.0.0.202105311346/tools/bin/../lib/gcc/arm-none-eabi/9.3.1/thumb/v7e-m+dp/hard\libgcc.a(_aeabi_uldivmod.o)
                0x00000000080002e0                __aeabi_uldivmod
 .text          0x0000000008000310      0x2c4 e:/allnetdiskdownload/ide_downloader/stm32cubeide_1.7.0/stm32cubeide/plugins/com.st.stm32cube.ide.mcu.externaltools.gnu-tools-for-stm32.9-2020-q2-update.win32_2.0.0.202105311346/tools/bin/../lib/gcc/arm-none-eabi/9.3.1/thumb/v7e-m+dp/hard\libgcc.a(_udivmoddi4.o)
                0x0000000008000310                __udivmoddi4
 .text          0x00000000080005d4        0x4 e:/allnetdiskdownload/ide_downloader/stm32cubeide_1.7.0/stm32cubeide/plugins/com.st.stm32cube.ide.mcu.externaltools.gnu-tools-for-stm32.9-2020-q2-update.win32_2.0.0.202105311346/tools/bin/../lib/gcc/arm-none-eabi/9.3.1/thumb/v7e-m+dp/hard\libgcc.a(_dvmd_tls.o)
                0x00000000080005d4                __aeabi_idiv0
                0x00000000080005d4                __aeabi_ldiv0
 *(.text*)
 .text.Init_Timer
                0x00000000080005d8       0x4c ./src/Lab02_intrpt.o
                0x00000000080005d8                Init_Timer
 .text.HAL_Init_GPIO
                0x0000000008000624       0x58 ./src/Lab02_intrpt.o
                0x0000000008000624                HAL_Init_GPIO
 .text.Init_GPIO
                0x000000000800067c       0xd8 ./src/Lab02_intrpt.o
                0x000000000800067c                Init_GPIO
 .text.TIM6_DAC_IRQHandler
                0x0000000008000754       0x34 ./src/Lab02_intrpt.o
                0x0000000008000754                TIM6_DAC_IRQHandler
 .text.TIM7_IRQHandler
                0x0000000008000788       0x10 ./src/Lab02_intrpt.o
                0x0000000008000788                TIM7_IRQHandler
 .text.EXTI0_IRQHandler
                0x0000000008000798        0xa ./src/Lab02_intrpt.o
                0x0000000008000798                EXTI0_IRQHandler
 *fill*         0x00000000080007a2        0x2 
 .text.HAL_GPIO_EXTI_Callback
                0x00000000080007a4       0x24 ./src/Lab02_intrpt.o
                0x00000000080007a4                HAL_GPIO_EXTI_Callback
 .text.HAL_TIM_PeriodElapsedCallback
                0x00000000080007c8       0x3c ./src/Lab02_intrpt.o
                0x00000000080007c8                HAL_TIM_PeriodElapsedCallback
 .text.flash_screen
                0x0000000008000804       0x1c ./src/Lab02_intrpt.o
                0x0000000008000804                flash_screen
 .text.main     0x0000000008000820       0x1c ./src/Lab02_intrpt.o
                0x0000000008000820                main
 .text.SystemClock_Config
                0x000000000800083c       0x68 ./src/init.o
                0x000000000800083c                SystemClock_Config
 .text.CPU_CACHE_Enable
                0x00000000080008a4       0x80 ./src/init.o
                0x00000000080008a4                CPU_CACHE_Enable
 .text.Sys_Init
                0x0000000008000924       0x24 ./src/init.o
                0x0000000008000924                Sys_Init
 .text.SysTick_Handler
                0x0000000008000948        0x8 ./src/init.o
                0x0000000008000948                SysTick_Handler
 .text.HAL_UART_MspInit
                0x0000000008000950       0xd4 ./src/uart.o
                0x0000000008000950                HAL_UART_MspInit
 .text.initUart
                0x0000000008000a24       0x1a ./src/uart.o
                0x0000000008000a24                initUart
 *fill*         0x0000000008000a3e        0x2 
 .text._write   0x0000000008000a40       0x18 ./src/uart.o
                0x0000000008000a40                _write
 .text._read    0x0000000008000a58       0x1c ./src/uart.o
                0x0000000008000a58                _read
 .text.Reset_Handler
                0x0000000008000a74       0x50 ./startup/startup_stm32f769xx.o
                0x0000000008000a74                Reset_Handler
 .text.Default_Handler
                0x0000000008000ac4        0x2 ./startup/startup_stm32f769xx.o
                0x0000000008000ac4                RTC_Alarm_IRQHandler
                0x0000000008000ac4                EXTI2_IRQHandler
                0x0000000008000ac4                TIM8_CC_IRQHandler
                0x0000000008000ac4                DebugMon_Handler
                0x0000000008000ac4                UART8_IRQHandler
                0x0000000008000ac4                SPI4_IRQHandler
                0x0000000008000ac4                TIM1_CC_IRQHandler
                0x0000000008000ac4                DMA2_Stream5_IRQHandler
                0x0000000008000ac4                HardFault_Handler
                0x0000000008000ac4                JPEG_IRQHandler
                0x0000000008000ac4                DMA1_Stream5_IRQHandler
                0x0000000008000ac4                CAN3_RX1_IRQHandler
                0x0000000008000ac4                PVD_IRQHandler
                0x0000000008000ac4                TAMP_STAMP_IRQHandler
                0x0000000008000ac4                PendSV_Handler
                0x0000000008000ac4                NMI_Handler
                0x0000000008000ac4                CAN2_RX1_IRQHandler
                0x0000000008000ac4                EXTI3_IRQHandler
                0x0000000008000ac4                TIM8_TRG_COM_TIM14_IRQHandler
                0x0000000008000ac4                DFSDM1_FLT1_IRQHandler
                0x0000000008000ac4                TIM1_UP_TIM10_IRQHandler
                0x0000000008000ac4                TIM8_UP_TIM13_IRQHandler
                0x0000000008000ac4                I2C3_ER_IRQHandler
                0x0000000008000ac4                DFSDM1_FLT2_IRQHandler
                0x0000000008000ac4                I2C2_EV_IRQHandler
                0x0000000008000ac4                DMA1_Stream2_IRQHandler
                0x0000000008000ac4                CAN1_RX0_IRQHandler
                0x0000000008000ac4                FPU_IRQHandler
                0x0000000008000ac4                OTG_HS_WKUP_IRQHandler
                0x0000000008000ac4                CAN3_SCE_IRQHandler
                0x0000000008000ac4                UsageFault_Handler
                0x0000000008000ac4                LTDC_ER_IRQHandler
                0x0000000008000ac4                CAN2_SCE_IRQHandler
                0x0000000008000ac4                DMA2_Stream2_IRQHandler
                0x0000000008000ac4                SPI1_IRQHandler
                0x0000000008000ac4                TIM1_BRK_TIM9_IRQHandler
                0x0000000008000ac4                DCMI_IRQHandler
                0x0000000008000ac4                CAN2_RX0_IRQHandler
                0x0000000008000ac4                DMA2_Stream3_IRQHandler
                0x0000000008000ac4                SAI2_IRQHandler
                0x0000000008000ac4                DFSDM1_FLT3_IRQHandler
                0x0000000008000ac4                USART6_IRQHandler
                0x0000000008000ac4                CAN3_RX0_IRQHandler
                0x0000000008000ac4                USART3_IRQHandler
                0x0000000008000ac4                CAN1_RX1_IRQHandler
                0x0000000008000ac4                UART5_IRQHandler
                0x0000000008000ac4                DMA2_Stream0_IRQHandler
                0x0000000008000ac4                TIM4_IRQHandler
                0x0000000008000ac4                QUADSPI_IRQHandler
                0x0000000008000ac4                I2C1_EV_IRQHandler
                0x0000000008000ac4                DMA1_Stream6_IRQHandler
                0x0000000008000ac4                DMA1_Stream1_IRQHandler
                0x0000000008000ac4                UART4_IRQHandler
                0x0000000008000ac4                TIM3_IRQHandler
                0x0000000008000ac4                RCC_IRQHandler
                0x0000000008000ac4                TIM8_BRK_TIM12_IRQHandler
                0x0000000008000ac4                Default_Handler
                0x0000000008000ac4                CEC_IRQHandler
                0x0000000008000ac4                EXTI15_10_IRQHandler
                0x0000000008000ac4                ADC_IRQHandler
                0x0000000008000ac4                DMA1_Stream7_IRQHandler
                0x0000000008000ac4                SPI5_IRQHandler
                0x0000000008000ac4                SDMMC1_IRQHandler
                0x0000000008000ac4                CAN2_TX_IRQHandler
                0x0000000008000ac4                TIM5_IRQHandler
                0x0000000008000ac4                DMA2_Stream7_IRQHandler
                0x0000000008000ac4                I2C3_EV_IRQHandler
                0x0000000008000ac4                EXTI9_5_IRQHandler
                0x0000000008000ac4                RTC_WKUP_IRQHandler
                0x0000000008000ac4                LTDC_IRQHandler
                0x0000000008000ac4                ETH_WKUP_IRQHandler
                0x0000000008000ac4                SPDIF_RX_IRQHandler
                0x0000000008000ac4                SPI2_IRQHandler
                0x0000000008000ac4                OTG_HS_EP1_IN_IRQHandler
                0x0000000008000ac4                MemManage_Handler
                0x0000000008000ac4                DMA1_Stream0_IRQHandler
                0x0000000008000ac4                CAN1_TX_IRQHandler
                0x0000000008000ac4                SVC_Handler
                0x0000000008000ac4                EXTI4_IRQHandler
                0x0000000008000ac4                RNG_IRQHandler
                0x0000000008000ac4                DSI_IRQHandler
                0x0000000008000ac4                ETH_IRQHandler
                0x0000000008000ac4                OTG_HS_EP1_OUT_IRQHandler
                0x0000000008000ac4                WWDG_IRQHandler
                0x0000000008000ac4                SPI6_IRQHandler
                0x0000000008000ac4                MDIOS_IRQHandler
                0x0000000008000ac4                I2C4_EV_IRQHandler
                0x0000000008000ac4                CAN3_TX_IRQHandler
                0x0000000008000ac4                TIM2_IRQHandler
                0x0000000008000ac4                OTG_FS_WKUP_IRQHandler
                0x0000000008000ac4                TIM1_TRG_COM_TIM11_IRQHandler
                0x0000000008000ac4                OTG_HS_IRQHandler
                0x0000000008000ac4                DMA2D_IRQHandler
                0x0000000008000ac4                EXTI1_IRQHandler
                0x0000000008000ac4                SDMMC2_IRQHandler
                0x0000000008000ac4                UART7_IRQHandler
                0x0000000008000ac4                USART2_IRQHandler
                0x0000000008000ac4                DFSDM1_FLT0_IRQHandler
                0x0000000008000ac4                I2C2_ER_IRQHandler
                0x0000000008000ac4                DMA2_Stream1_IRQHandler
                0x0000000008000ac4                CAN1_SCE_IRQHandler
                0x0000000008000ac4                FLASH_IRQHandler
                0x0000000008000ac4                DMA2_Stream4_IRQHandler
                0x0000000008000ac4                BusFault_Handler
                0x0000000008000ac4                USART1_IRQHandler
                0x0000000008000ac4                OTG_FS_IRQHandler
                0x0000000008000ac4                SPI3_IRQHandler
                0x0000000008000ac4                DMA1_Stream4_IRQHandler
                0x0000000008000ac4                I2C1_ER_IRQHandler
                0x0000000008000ac4                FMC_IRQHandler
                0x0000000008000ac4                LPTIM1_IRQHandler
                0x0000000008000ac4                I2C4_ER_IRQHandler
                0x0000000008000ac4                DMA2_Stream6_IRQHandler
                0x0000000008000ac4                SAI1_IRQHandler
                0x0000000008000ac4                DMA1_Stream3_IRQHandler
 *fill*         0x0000000008000ac6        0x2 
 .text.SystemInit
                0x0000000008000ac8       0x1c ./stm32lib/CMSIS/Device/ST/STM32F7xx/Source/Templates/system_stm32f7xx.o
                0x0000000008000ac8                SystemInit
 .text.HAL_MspInit
                0x0000000008000ae4        0x2 ./stm32lib/STM32F7xx_HAL_Driver/Src/stm32f7xx_hal.o
                0x0000000008000ae4                HAL_MspInit
 *fill*         0x0000000008000ae6        0x2 
 .text.HAL_InitTick
                0x0000000008000ae8       0x48 ./stm32lib/STM32F7xx_HAL_Driver/Src/stm32f7xx_hal.o
                0x0000000008000ae8                HAL_InitTick
 .text.HAL_Init
                0x0000000008000b30       0x2c ./stm32lib/STM32F7xx_HAL_Driver/Src/stm32f7xx_hal.o
                0x0000000008000b30                HAL_Init
 .text.HAL_IncTick
                0x0000000008000b5c       0x18 ./stm32lib/STM32F7xx_HAL_Driver/Src/stm32f7xx_hal.o
                0x0000000008000b5c                HAL_IncTick
 .text.HAL_GetTick
                0x0000000008000b74        0xc ./stm32lib/STM32F7xx_HAL_Driver/Src/stm32f7xx_hal.o
                0x0000000008000b74                HAL_GetTick
 .text.HAL_NVIC_SetPriorityGrouping
                0x0000000008000b80       0x24 ./stm32lib/STM32F7xx_HAL_Driver/Src/stm32f7xx_hal_cortex.o
                0x0000000008000b80                HAL_NVIC_SetPriorityGrouping
 .text.HAL_NVIC_SetPriority
                0x0000000008000ba4       0x64 ./stm32lib/STM32F7xx_HAL_Driver/Src/stm32f7xx_hal_cortex.o
                0x0000000008000ba4                HAL_NVIC_SetPriority
 .text.HAL_NVIC_EnableIRQ
                0x0000000008000c08       0x1c ./stm32lib/STM32F7xx_HAL_Driver/Src/stm32f7xx_hal_cortex.o
                0x0000000008000c08                HAL_NVIC_EnableIRQ
 .text.HAL_SYSTICK_Config
                0x0000000008000c24       0x2c ./stm32lib/STM32F7xx_HAL_Driver/Src/stm32f7xx_hal_cortex.o
                0x0000000008000c24                HAL_SYSTICK_Config
 .text.HAL_GPIO_Init
                0x0000000008000c50      0x1e0 ./stm32lib/STM32F7xx_HAL_Driver/Src/stm32f7xx_hal_gpio.o
                0x0000000008000c50                HAL_GPIO_Init
 .text.HAL_GPIO_ReadPin
                0x0000000008000e30        0xe ./stm32lib/STM32F7xx_HAL_Driver/Src/stm32f7xx_hal_gpio.o
                0x0000000008000e30                HAL_GPIO_ReadPin
 .text.HAL_GPIO_WritePin
                0x0000000008000e3e        0xc ./stm32lib/STM32F7xx_HAL_Driver/Src/stm32f7xx_hal_gpio.o
                0x0000000008000e3e                HAL_GPIO_WritePin
 .text.HAL_GPIO_TogglePin
                0x0000000008000e4a       0x10 ./stm32lib/STM32F7xx_HAL_Driver/Src/stm32f7xx_hal_gpio.o
                0x0000000008000e4a                HAL_GPIO_TogglePin
 *fill*         0x0000000008000e5a        0x2 
 .text.HAL_GPIO_EXTI_IRQHandler
                0x0000000008000e5c       0x1c ./stm32lib/STM32F7xx_HAL_Driver/Src/stm32f7xx_hal_gpio.o
                0x0000000008000e5c                HAL_GPIO_EXTI_IRQHandler
 .text.HAL_PWREx_EnableOverDrive
                0x0000000008000e78       0x7c ./stm32lib/STM32F7xx_HAL_Driver/Src/stm32f7xx_hal_pwr_ex.o
                0x0000000008000e78                HAL_PWREx_EnableOverDrive
 .text.HAL_RCC_OscConfig
                0x0000000008000ef4      0x444 ./stm32lib/STM32F7xx_HAL_Driver/Src/stm32f7xx_hal_rcc.o
                0x0000000008000ef4                HAL_RCC_OscConfig
 .text.HAL_RCC_GetSysClockFreq
                0x0000000008001338       0xa0 ./stm32lib/STM32F7xx_HAL_Driver/Src/stm32f7xx_hal_rcc.o
                0x0000000008001338                HAL_RCC_GetSysClockFreq
 .text.HAL_RCC_ClockConfig
                0x00000000080013d8      0x16c ./stm32lib/STM32F7xx_HAL_Driver/Src/stm32f7xx_hal_rcc.o
                0x00000000080013d8                HAL_RCC_ClockConfig
 .text.HAL_RCC_GetHCLKFreq
                0x0000000008001544        0xc ./stm32lib/STM32F7xx_HAL_Driver/Src/stm32f7xx_hal_rcc.o
                0x0000000008001544                HAL_RCC_GetHCLKFreq
 .text.HAL_RCC_GetPCLK1Freq
                0x0000000008001550       0x20 ./stm32lib/STM32F7xx_HAL_Driver/Src/stm32f7xx_hal_rcc.o
                0x0000000008001550                HAL_RCC_GetPCLK1Freq
 .text.HAL_RCC_GetPCLK2Freq
                0x0000000008001570       0x20 ./stm32lib/STM32F7xx_HAL_Driver/Src/stm32f7xx_hal_rcc.o
                0x0000000008001570                HAL_RCC_GetPCLK2Freq
 .text.HAL_TIM_Base_MspInit
                0x0000000008001590        0x2 ./stm32lib/STM32F7xx_HAL_Driver/Src/stm32f7xx_hal_tim.o
                0x0000000008001590                HAL_TIM_Base_MspInit
 *fill*         0x0000000008001592        0x2 
 .text.HAL_TIM_Base_Start_IT
                0x0000000008001594       0x2c ./stm32lib/STM32F7xx_HAL_Driver/Src/stm32f7xx_hal_tim.o
                0x0000000008001594                HAL_TIM_Base_Start_IT
 .text.HAL_TIM_OC_DelayElapsedCallback
                0x00000000080015c0        0x2 ./stm32lib/STM32F7xx_HAL_Driver/Src/stm32f7xx_hal_tim.o
                0x00000000080015c0                HAL_TIM_OC_DelayElapsedCallback
 .text.HAL_TIM_IC_CaptureCallback
                0x00000000080015c2        0x2 ./stm32lib/STM32F7xx_HAL_Driver/Src/stm32f7xx_hal_tim.o
                0x00000000080015c2                HAL_TIM_IC_CaptureCallback
 .text.HAL_TIM_PWM_PulseFinishedCallback
                0x00000000080015c4        0x2 ./stm32lib/STM32F7xx_HAL_Driver/Src/stm32f7xx_hal_tim.o
                0x00000000080015c4                HAL_TIM_PWM_PulseFinishedCallback
 .text.HAL_TIM_TriggerCallback
                0x00000000080015c6        0x2 ./stm32lib/STM32F7xx_HAL_Driver/Src/stm32f7xx_hal_tim.o
                0x00000000080015c6                HAL_TIM_TriggerCallback
 .text.HAL_TIM_IRQHandler
                0x00000000080015c8      0x19a ./stm32lib/STM32F7xx_HAL_Driver/Src/stm32f7xx_hal_tim.o
                0x00000000080015c8                HAL_TIM_IRQHandler
 *fill*         0x0000000008001762        0x2 
 .text.TIM_Base_SetConfig
                0x0000000008001764      0x10c ./stm32lib/STM32F7xx_HAL_Driver/Src/stm32f7xx_hal_tim.o
                0x0000000008001764                TIM_Base_SetConfig
 .text.HAL_TIM_Base_Init
                0x0000000008001870       0x34 ./stm32lib/STM32F7xx_HAL_Driver/Src/stm32f7xx_hal_tim.o
                0x0000000008001870                HAL_TIM_Base_Init
 .text.HAL_TIMEx_CommutCallback
                0x00000000080018a4        0x2 ./stm32lib/STM32F7xx_HAL_Driver/Src/stm32f7xx_hal_tim_ex.o
                0x00000000080018a4                HAL_TIMEx_CommutCallback
 .text.HAL_TIMEx_BreakCallback
                0x00000000080018a6        0x2 ./stm32lib/STM32F7xx_HAL_Driver/Src/stm32f7xx_hal_tim_ex.o
                0x00000000080018a6                HAL_TIMEx_BreakCallback
 .text.HAL_TIMEx_Break2Callback
                0x00000000080018a8        0x2 ./stm32lib/STM32F7xx_HAL_Driver/Src/stm32f7xx_hal_tim_ex.o
                0x00000000080018a8                HAL_TIMEx_Break2Callback
 *fill*         0x00000000080018aa        0x2 
 .text.UART_SetConfig
                0x00000000080018ac      0x3a0 ./stm32lib/STM32F7xx_HAL_Driver/Src/stm32f7xx_hal_uart.o
                0x00000000080018ac                UART_SetConfig
 .text.UART_AdvFeatureConfig
                0x0000000008001c4c       0xca ./stm32lib/STM32F7xx_HAL_Driver/Src/stm32f7xx_hal_uart.o
                0x0000000008001c4c                UART_AdvFeatureConfig
 .text.UART_WaitOnFlagUntilTimeout
                0x0000000008001d16       0xa2 ./stm32lib/STM32F7xx_HAL_Driver/Src/stm32f7xx_hal_uart.o
                0x0000000008001d16                UART_WaitOnFlagUntilTimeout
 .text.HAL_UART_Transmit
                0x0000000008001db8       0xda ./stm32lib/STM32F7xx_HAL_Driver/Src/stm32f7xx_hal_uart.o
                0x0000000008001db8                HAL_UART_Transmit
 .text.HAL_UART_Receive
                0x0000000008001e92      0x126 ./stm32lib/STM32F7xx_HAL_Driver/Src/stm32f7xx_hal_uart.o
                0x0000000008001e92                HAL_UART_Receive
 .text.UART_CheckIdleState
                0x0000000008001fb8       0x6c ./stm32lib/STM32F7xx_HAL_Driver/Src/stm32f7xx_hal_uart.o
                0x0000000008001fb8                UART_CheckIdleState
 .text.HAL_UART_Init
                0x0000000008002024       0x62 ./stm32lib/STM32F7xx_HAL_Driver/Src/stm32f7xx_hal_uart.o
                0x0000000008002024                HAL_UART_Init
 *fill*         0x0000000008002086        0x2 
 .text.__sflush_r
                0x0000000008002088      0x10c e:/allnetdiskdownload/ide_downloader/stm32cubeide_1.7.0/stm32cubeide/plugins/com.st.stm32cube.ide.mcu.externaltools.gnu-tools-for-stm32.9-2020-q2-update.win32_2.0.0.202105311346/tools/bin/../lib/gcc/arm-none-eabi/9.3.1/../../../../arm-none-eabi/lib/thumb/v7e-m+dp/hard\libc_nano.a(lib_a-fflush.o)
                0x0000000008002088                __sflush_r
 .text._fflush_r
                0x0000000008002194       0x78 e:/allnetdiskdownload/ide_downloader/stm32cubeide_1.7.0/stm32cubeide/plugins/com.st.stm32cube.ide.mcu.externaltools.gnu-tools-for-stm32.9-2020-q2-update.win32_2.0.0.202105311346/tools/bin/../lib/gcc/arm-none-eabi/9.3.1/../../../../arm-none-eabi/lib/thumb/v7e-m+dp/hard\libc_nano.a(lib_a-fflush.o)
                0x0000000008002194                _fflush_r
 .text.fflush   0x000000000800220c       0x24 e:/allnetdiskdownload/ide_downloader/stm32cubeide_1.7.0/stm32cubeide/plugins/com.st.stm32cube.ide.mcu.externaltools.gnu-tools-for-stm32.9-2020-q2-update.win32_2.0.0.202105311346/tools/bin/../lib/gcc/arm-none-eabi/9.3.1/../../../../arm-none-eabi/lib/thumb/v7e-m+dp/hard\libc_nano.a(lib_a-fflush.o)
                0x000000000800220c                fflush
 .text.std      0x0000000008002230       0x48 e:/allnetdiskdownload/ide_downloader/stm32cubeide_1.7.0/stm32cubeide/plugins/com.st.stm32cube.ide.mcu.externaltools.gnu-tools-for-stm32.9-2020-q2-update.win32_2.0.0.202105311346/tools/bin/../lib/gcc/arm-none-eabi/9.3.1/../../../../arm-none-eabi/lib/thumb/v7e-m+dp/hard\libc_nano.a(lib_a-findfp.o)
 .text._cleanup_r
                0x0000000008002278        0xc e:/allnetdiskdownload/ide_downloader/stm32cubeide_1.7.0/stm32cubeide/plugins/com.st.stm32cube.ide.mcu.externaltools.gnu-tools-for-stm32.9-2020-q2-update.win32_2.0.0.202105311346/tools/bin/../lib/gcc/arm-none-eabi/9.3.1/../../../../arm-none-eabi/lib/thumb/v7e-m+dp/hard\libc_nano.a(lib_a-findfp.o)
                0x0000000008002278                _cleanup_r
 .text.__sfmoreglue
                0x0000000008002284       0x2c e:/allnetdiskdownload/ide_downloader/stm32cubeide_1.7.0/stm32cubeide/plugins/com.st.stm32cube.ide.mcu.externaltools.gnu-tools-for-stm32.9-2020-q2-update.win32_2.0.0.202105311346/tools/bin/../lib/gcc/arm-none-eabi/9.3.1/../../../../arm-none-eabi/lib/thumb/v7e-m+dp/hard\libc_nano.a(lib_a-findfp.o)
                0x0000000008002284                __sfmoreglue
 .text.__sfp_lock_acquire
                0x00000000080022b0        0xc e:/allnetdiskdownload/ide_downloader/stm32cubeide_1.7.0/stm32cubeide/plugins/com.st.stm32cube.ide.mcu.externaltools.gnu-tools-for-stm32.9-2020-q2-update.win32_2.0.0.202105311346/tools/bin/../lib/gcc/arm-none-eabi/9.3.1/../../../../arm-none-eabi/lib/thumb/v7e-m+dp/hard\libc_nano.a(lib_a-findfp.o)
                0x00000000080022b0                __sfp_lock_acquire
 .text.__sfp_lock_release
                0x00000000080022bc        0xc e:/allnetdiskdownload/ide_downloader/stm32cubeide_1.7.0/stm32cubeide/plugins/com.st.stm32cube.ide.mcu.externaltools.gnu-tools-for-stm32.9-2020-q2-update.win32_2.0.0.202105311346/tools/bin/../lib/gcc/arm-none-eabi/9.3.1/../../../../arm-none-eabi/lib/thumb/v7e-m+dp/hard\libc_nano.a(lib_a-findfp.o)
                0x00000000080022bc                __sfp_lock_release
 .text.__sinit_lock_acquire
                0x00000000080022c8        0xc e:/allnetdiskdownload/ide_downloader/stm32cubeide_1.7.0/stm32cubeide/plugins/com.st.stm32cube.ide.mcu.externaltools.gnu-tools-for-stm32.9-2020-q2-update.win32_2.0.0.202105311346/tools/bin/../lib/gcc/arm-none-eabi/9.3.1/../../../../arm-none-eabi/lib/thumb/v7e-m+dp/hard\libc_nano.a(lib_a-findfp.o)
                0x00000000080022c8                __sinit_lock_acquire
 .text.__sinit_lock_release
                0x00000000080022d4        0xc e:/allnetdiskdownload/ide_downloader/stm32cubeide_1.7.0/stm32cubeide/plugins/com.st.stm32cube.ide.mcu.externaltools.gnu-tools-for-stm32.9-2020-q2-update.win32_2.0.0.202105311346/tools/bin/../lib/gcc/arm-none-eabi/9.3.1/../../../../arm-none-eabi/lib/thumb/v7e-m+dp/hard\libc_nano.a(lib_a-findfp.o)
                0x00000000080022d4                __sinit_lock_release
 .text.__sinit  0x00000000080022e0       0x70 e:/allnetdiskdownload/ide_downloader/stm32cubeide_1.7.0/stm32cubeide/plugins/com.st.stm32cube.ide.mcu.externaltools.gnu-tools-for-stm32.9-2020-q2-update.win32_2.0.0.202105311346/tools/bin/../lib/gcc/arm-none-eabi/9.3.1/../../../../arm-none-eabi/lib/thumb/v7e-m+dp/hard\libc_nano.a(lib_a-findfp.o)
                0x00000000080022e0                __sinit
 .text.__sfp    0x0000000008002350       0x8c e:/allnetdiskdownload/ide_downloader/stm32cubeide_1.7.0/stm32cubeide/plugins/com.st.stm32cube.ide.mcu.externaltools.gnu-tools-for-stm32.9-2020-q2-update.win32_2.0.0.202105311346/tools/bin/../lib/gcc/arm-none-eabi/9.3.1/../../../../arm-none-eabi/lib/thumb/v7e-m+dp/hard\libc_nano.a(lib_a-findfp.o)
                0x0000000008002350                __sfp
 .text._fwalk_reent
                0x00000000080023dc       0x3e e:/allnetdiskdownload/ide_downloader/stm32cubeide_1.7.0/stm32cubeide/plugins/com.st.stm32cube.ide.mcu.externaltools.gnu-tools-for-stm32.9-2020-q2-update.win32_2.0.0.202105311346/tools/bin/../lib/gcc/arm-none-eabi/9.3.1/../../../../arm-none-eabi/lib/thumb/v7e-m+dp/hard\libc_nano.a(lib_a-fwalk.o)
                0x00000000080023dc                _fwalk_reent
 *fill*         0x000000000800241a        0x2 
 .text.__libc_init_array
                0x000000000800241c       0x48 e:/allnetdiskdownload/ide_downloader/stm32cubeide_1.7.0/stm32cubeide/plugins/com.st.stm32cube.ide.mcu.externaltools.gnu-tools-for-stm32.9-2020-q2-update.win32_2.0.0.202105311346/tools/bin/../lib/gcc/arm-none-eabi/9.3.1/../../../../arm-none-eabi/lib/thumb/v7e-m+dp/hard\libc_nano.a(lib_a-init.o)
                0x000000000800241c                __libc_init_array
 .text.__retarget_lock_init_recursive
                0x0000000008002464        0x2 e:/allnetdiskdownload/ide_downloader/stm32cubeide_1.7.0/stm32cubeide/plugins/com.st.stm32cube.ide.mcu.externaltools.gnu-tools-for-stm32.9-2020-q2-update.win32_2.0.0.202105311346/tools/bin/../lib/gcc/arm-none-eabi/9.3.1/../../../../arm-none-eabi/lib/thumb/v7e-m+dp/hard\libc_nano.a(lib_a-lock.o)
                0x0000000008002464                __retarget_lock_init_recursive
 .text.__retarget_lock_acquire_recursive
                0x0000000008002466        0x2 e:/allnetdiskdownload/ide_downloader/stm32cubeide_1.7.0/stm32cubeide/plugins/com.st.stm32cube.ide.mcu.externaltools.gnu-tools-for-stm32.9-2020-q2-update.win32_2.0.0.202105311346/tools/bin/../lib/gcc/arm-none-eabi/9.3.1/../../../../arm-none-eabi/lib/thumb/v7e-m+dp/hard\libc_nano.a(lib_a-lock.o)
                0x0000000008002466                __retarget_lock_acquire_recursive
 .text.__retarget_lock_release_recursive
                0x0000000008002468        0x2 e:/allnetdiskdownload/ide_downloader/stm32cubeide_1.7.0/stm32cubeide/plugins/com.st.stm32cube.ide.mcu.externaltools.gnu-tools-for-stm32.9-2020-q2-update.win32_2.0.0.202105311346/tools/bin/../lib/gcc/arm-none-eabi/9.3.1/../../../../arm-none-eabi/lib/thumb/v7e-m+dp/hard\libc_nano.a(lib_a-lock.o)
                0x0000000008002468                __retarget_lock_release_recursive
 .text.memset   0x000000000800246a       0x10 e:/allnetdiskdownload/ide_downloader/stm32cubeide_1.7.0/stm32cubeide/plugins/com.st.stm32cube.ide.mcu.externaltools.gnu-tools-for-stm32.9-2020-q2-update.win32_2.0.0.202105311346/tools/bin/../lib/gcc/arm-none-eabi/9.3.1/../../../../arm-none-eabi/lib/thumb/v7e-m+dp/hard\libc_nano.a(lib_a-memset.o)
                0x000000000800246a                memset
 *fill*         0x000000000800247a        0x2 
 .text._free_r  0x000000000800247c       0xa0 e:/allnetdiskdownload/ide_downloader/stm32cubeide_1.7.0/stm32cubeide/plugins/com.st.stm32cube.ide.mcu.externaltools.gnu-tools-for-stm32.9-2020-q2-update.win32_2.0.0.202105311346/tools/bin/../lib/gcc/arm-none-eabi/9.3.1/../../../../arm-none-eabi/lib/thumb/v7e-m+dp/hard\libc_nano.a(lib_a-nano-freer.o)
                0x000000000800247c                _free_r
 .text._malloc_r
                0x000000000800251c       0xb4 e:/allnetdiskdownload/ide_downloader/stm32cubeide_1.7.0/stm32cubeide/plugins/com.st.stm32cube.ide.mcu.externaltools.gnu-tools-for-stm32.9-2020-q2-update.win32_2.0.0.202105311346/tools/bin/../lib/gcc/arm-none-eabi/9.3.1/../../../../arm-none-eabi/lib/thumb/v7e-m+dp/hard\libc_nano.a(lib_a-nano-mallocr.o)
                0x000000000800251c                _malloc_r
 .text.printf   0x00000000080025d0       0x30 e:/allnetdiskdownload/ide_downloader/stm32cubeide_1.7.0/stm32cubeide/plugins/com.st.stm32cube.ide.mcu.externaltools.gnu-tools-for-stm32.9-2020-q2-update.win32_2.0.0.202105311346/tools/bin/../lib/gcc/arm-none-eabi/9.3.1/../../../../arm-none-eabi/lib/thumb/v7e-m+dp/hard\libc_nano.a(lib_a-printf.o)
                0x00000000080025d0                iprintf
                0x00000000080025d0                printf
 .text._sbrk_r  0x0000000008002600       0x20 e:/allnetdiskdownload/ide_downloader/stm32cubeide_1.7.0/stm32cubeide/plugins/com.st.stm32cube.ide.mcu.externaltools.gnu-tools-for-stm32.9-2020-q2-update.win32_2.0.0.202105311346/tools/bin/../lib/gcc/arm-none-eabi/9.3.1/../../../../arm-none-eabi/lib/thumb/v7e-m+dp/hard\libc_nano.a(lib_a-sbrkr.o)
                0x0000000008002600                _sbrk_r
 .text.__sread  0x0000000008002620       0x22 e:/allnetdiskdownload/ide_downloader/stm32cubeide_1.7.0/stm32cubeide/plugins/com.st.stm32cube.ide.mcu.externaltools.gnu-tools-for-stm32.9-2020-q2-update.win32_2.0.0.202105311346/tools/bin/../lib/gcc/arm-none-eabi/9.3.1/../../../../arm-none-eabi/lib/thumb/v7e-m+dp/hard\libc_nano.a(lib_a-stdio.o)
                0x0000000008002620                __sread
 .text.__swrite
                0x0000000008002642       0x38 e:/allnetdiskdownload/ide_downloader/stm32cubeide_1.7.0/stm32cubeide/plugins/com.st.stm32cube.ide.mcu.externaltools.gnu-tools-for-stm32.9-2020-q2-update.win32_2.0.0.202105311346/tools/bin/../lib/gcc/arm-none-eabi/9.3.1/../../../../arm-none-eabi/lib/thumb/v7e-m+dp/hard\libc_nano.a(lib_a-stdio.o)
                0x0000000008002642                __swrite
 .text.__sseek  0x000000000800267a       0x24 e:/allnetdiskdownload/ide_downloader/stm32cubeide_1.7.0/stm32cubeide/plugins/com.st.stm32cube.ide.mcu.externaltools.gnu-tools-for-stm32.9-2020-q2-update.win32_2.0.0.202105311346/tools/bin/../lib/gcc/arm-none-eabi/9.3.1/../../../../arm-none-eabi/lib/thumb/v7e-m+dp/hard\libc_nano.a(lib_a-stdio.o)
                0x000000000800267a                __sseek
 .text.__sclose
                0x000000000800269e        0x8 e:/allnetdiskdownload/ide_downloader/stm32cubeide_1.7.0/stm32cubeide/plugins/com.st.stm32cube.ide.mcu.externaltools.gnu-tools-for-stm32.9-2020-q2-update.win32_2.0.0.202105311346/tools/bin/../lib/gcc/arm-none-eabi/9.3.1/../../../../arm-none-eabi/lib/thumb/v7e-m+dp/hard\libc_nano.a(lib_a-stdio.o)
                0x000000000800269e                __sclose
 *fill*         0x00000000080026a6        0x2 
 .text._write_r
                0x00000000080026a8       0x24 e:/allnetdiskdownload/ide_downloader/stm32cubeide_1.7.0/stm32cubeide/plugins/com.st.stm32cube.ide.mcu.externaltools.gnu-tools-for-stm32.9-2020-q2-update.win32_2.0.0.202105311346/tools/bin/../lib/gcc/arm-none-eabi/9.3.1/../../../../arm-none-eabi/lib/thumb/v7e-m+dp/hard\libc_nano.a(lib_a-writer.o)
                0x00000000080026a8                _write_r
 .text._close_r
                0x00000000080026cc       0x20 e:/allnetdiskdownload/ide_downloader/stm32cubeide_1.7.0/stm32cubeide/plugins/com.st.stm32cube.ide.mcu.externaltools.gnu-tools-for-stm32.9-2020-q2-update.win32_2.0.0.202105311346/tools/bin/../lib/gcc/arm-none-eabi/9.3.1/../../../../arm-none-eabi/lib/thumb/v7e-m+dp/hard\libc_nano.a(lib_a-closer.o)
                0x00000000080026cc                _close_r
 .text._lseek_r
                0x00000000080026ec       0x24 e:/allnetdiskdownload/ide_downloader/stm32cubeide_1.7.0/stm32cubeide/plugins/com.st.stm32cube.ide.mcu.externaltools.gnu-tools-for-stm32.9-2020-q2-update.win32_2.0.0.202105311346/tools/bin/../lib/gcc/arm-none-eabi/9.3.1/../../../../arm-none-eabi/lib/thumb/v7e-m+dp/hard\libc_nano.a(lib_a-lseekr.o)
                0x00000000080026ec                _lseek_r
 .text.__malloc_lock
                0x0000000008002710        0xc e:/allnetdiskdownload/ide_downloader/stm32cubeide_1.7.0/stm32cubeide/plugins/com.st.stm32cube.ide.mcu.externaltools.gnu-tools-for-stm32.9-2020-q2-update.win32_2.0.0.202105311346/tools/bin/../lib/gcc/arm-none-eabi/9.3.1/../../../../arm-none-eabi/lib/thumb/v7e-m+dp/hard\libc_nano.a(lib_a-mlock.o)
                0x0000000008002710                __malloc_lock
 .text.__malloc_unlock
                0x000000000800271c        0xc e:/allnetdiskdownload/ide_downloader/stm32cubeide_1.7.0/stm32cubeide/plugins/com.st.stm32cube.ide.mcu.externaltools.gnu-tools-for-stm32.9-2020-q2-update.win32_2.0.0.202105311346/tools/bin/../lib/gcc/arm-none-eabi/9.3.1/../../../../arm-none-eabi/lib/thumb/v7e-m+dp/hard\libc_nano.a(lib_a-mlock.o)
                0x000000000800271c                __malloc_unlock
 .text.__sfputc_r
                0x0000000008002728       0x2e e:/allnetdiskdownload/ide_downloader/stm32cubeide_1.7.0/stm32cubeide/plugins/com.st.stm32cube.ide.mcu.externaltools.gnu-tools-for-stm32.9-2020-q2-update.win32_2.0.0.202105311346/tools/bin/../lib/gcc/arm-none-eabi/9.3.1/../../../../arm-none-eabi/lib/thumb/v7e-m+dp/hard\libc_nano.a(lib_a-nano-vfprintf.o)
 .text.__sfputs_r
                0x0000000008002756       0x24 e:/allnetdiskdownload/ide_downloader/stm32cubeide_1.7.0/stm32cubeide/plugins/com.st.stm32cube.ide.mcu.externaltools.gnu-tools-for-stm32.9-2020-q2-update.win32_2.0.0.202105311346/tools/bin/../lib/gcc/arm-none-eabi/9.3.1/../../../../arm-none-eabi/lib/thumb/v7e-m+dp/hard\libc_nano.a(lib_a-nano-vfprintf.o)
                0x0000000008002756                __sfputs_r
 *fill*         0x000000000800277a        0x2 
 .text._vfprintf_r
                0x000000000800277c      0x260 e:/allnetdiskdownload/ide_downloader/stm32cubeide_1.7.0/stm32cubeide/plugins/com.st.stm32cube.ide.mcu.externaltools.gnu-tools-for-stm32.9-2020-q2-update.win32_2.0.0.202105311346/tools/bin/../lib/gcc/arm-none-eabi/9.3.1/../../../../arm-none-eabi/lib/thumb/v7e-m+dp/hard\libc_nano.a(lib_a-nano-vfprintf.o)
                0x000000000800277c                _vfprintf_r
                0x000000000800277c                _vfiprintf_r
 .text._printf_common
                0x00000000080029dc       0xda e:/allnetdiskdownload/ide_downloader/stm32cubeide_1.7.0/stm32cubeide/plugins/com.st.stm32cube.ide.mcu.externaltools.gnu-tools-for-stm32.9-2020-q2-update.win32_2.0.0.202105311346/tools/bin/../lib/gcc/arm-none-eabi/9.3.1/../../../../arm-none-eabi/lib/thumb/v7e-m+dp/hard\libc_nano.a(lib_a-nano-vfprintf_i.o)
                0x00000000080029dc                _printf_common
 *fill*         0x0000000008002ab6        0x2 
 .text._printf_i
                0x0000000008002ab8      0x24c e:/allnetdiskdownload/ide_downloader/stm32cubeide_1.7.0/stm32cubeide/plugins/com.st.stm32cube.ide.mcu.externaltools.gnu-tools-for-stm32.9-2020-q2-update.win32_2.0.0.202105311346/tools/bin/../lib/gcc/arm-none-eabi/9.3.1/../../../../arm-none-eabi/lib/thumb/v7e-m+dp/hard\libc_nano.a(lib_a-nano-vfprintf_i.o)
                0x0000000008002ab8                _printf_i
 .text._read_r  0x0000000008002d04       0x24 e:/allnetdiskdownload/ide_downloader/stm32cubeide_1.7.0/stm32cubeide/plugins/com.st.stm32cube.ide.mcu.externaltools.gnu-tools-for-stm32.9-2020-q2-update.win32_2.0.0.202105311346/tools/bin/../lib/gcc/arm-none-eabi/9.3.1/../../../../arm-none-eabi/lib/thumb/v7e-m+dp/hard\libc_nano.a(lib_a-readr.o)
                0x0000000008002d04                _read_r
 .text.__swbuf_r
                0x0000000008002d28       0xa4 e:/allnetdiskdownload/ide_downloader/stm32cubeide_1.7.0/stm32cubeide/plugins/com.st.stm32cube.ide.mcu.externaltools.gnu-tools-for-stm32.9-2020-q2-update.win32_2.0.0.202105311346/tools/bin/../lib/gcc/arm-none-eabi/9.3.1/../../../../arm-none-eabi/lib/thumb/v7e-m+dp/hard\libc_nano.a(lib_a-wbuf.o)
                0x0000000008002d28                __swbuf_r
 .text.__swsetup_r
                0x0000000008002dcc       0xdc e:/allnetdiskdownload/ide_downloader/stm32cubeide_1.7.0/stm32cubeide/plugins/com.st.stm32cube.ide.mcu.externaltools.gnu-tools-for-stm32.9-2020-q2-update.win32_2.0.0.202105311346/tools/bin/../lib/gcc/arm-none-eabi/9.3.1/../../../../arm-none-eabi/lib/thumb/v7e-m+dp/hard\libc_nano.a(lib_a-wsetup.o)
                0x0000000008002dcc                __swsetup_r
 .text.__swhatbuf_r
                0x0000000008002ea8       0x48 e:/allnetdiskdownload/ide_downloader/stm32cubeide_1.7.0/stm32cubeide/plugins/com.st.stm32cube.ide.mcu.externaltools.gnu-tools-for-stm32.9-2020-q2-update.win32_2.0.0.202105311346/tools/bin/../lib/gcc/arm-none-eabi/9.3.1/../../../../arm-none-eabi/lib/thumb/v7e-m+dp/hard\libc_nano.a(lib_a-makebuf.o)
                0x0000000008002ea8                __swhatbuf_r
 .text.__smakebuf_r
                0x0000000008002ef0       0x80 e:/allnetdiskdownload/ide_downloader/stm32cubeide_1.7.0/stm32cubeide/plugins/com.st.stm32cube.ide.mcu.externaltools.gnu-tools-for-stm32.9-2020-q2-update.win32_2.0.0.202105311346/tools/bin/../lib/gcc/arm-none-eabi/9.3.1/../../../../arm-none-eabi/lib/thumb/v7e-m+dp/hard\libc_nano.a(lib_a-makebuf.o)
                0x0000000008002ef0                __smakebuf_r
 .text._fstat_r
                0x0000000008002f70       0x24 e:/allnetdiskdownload/ide_downloader/stm32cubeide_1.7.0/stm32cubeide/plugins/com.st.stm32cube.ide.mcu.externaltools.gnu-tools-for-stm32.9-2020-q2-update.win32_2.0.0.202105311346/tools/bin/../lib/gcc/arm-none-eabi/9.3.1/../../../../arm-none-eabi/lib/thumb/v7e-m+dp/hard\libc_nano.a(lib_a-fstatr.o)
                0x0000000008002f70                _fstat_r
 .text._isatty_r
                0x0000000008002f94       0x20 e:/allnetdiskdownload/ide_downloader/stm32cubeide_1.7.0/stm32cubeide/plugins/com.st.stm32cube.ide.mcu.externaltools.gnu-tools-for-stm32.9-2020-q2-update.win32_2.0.0.202105311346/tools/bin/../lib/gcc/arm-none-eabi/9.3.1/../../../../arm-none-eabi/lib/thumb/v7e-m+dp/hard\libc_nano.a(lib_a-isattyr.o)
                0x0000000008002f94                _isatty_r
 .text._close   0x0000000008002fb4       0x10 e:/allnetdiskdownload/ide_downloader/stm32cubeide_1.7.0/stm32cubeide/plugins/com.st.stm32cube.ide.mcu.externaltools.gnu-tools-for-stm32.9-2020-q2-update.win32_2.0.0.202105311346/tools/bin/../lib/gcc/arm-none-eabi/9.3.1/../../../../arm-none-eabi/lib/thumb/v7e-m+dp/hard\libnosys.a(close.o)
                0x0000000008002fb4                _close
 .text._fstat   0x0000000008002fc4       0x10 e:/allnetdiskdownload/ide_downloader/stm32cubeide_1.7.0/stm32cubeide/plugins/com.st.stm32cube.ide.mcu.externaltools.gnu-tools-for-stm32.9-2020-q2-update.win32_2.0.0.202105311346/tools/bin/../lib/gcc/arm-none-eabi/9.3.1/../../../../arm-none-eabi/lib/thumb/v7e-m+dp/hard\libnosys.a(fstat.o)
                0x0000000008002fc4                _fstat
 .text._isatty  0x0000000008002fd4       0x10 e:/allnetdiskdownload/ide_downloader/stm32cubeide_1.7.0/stm32cubeide/plugins/com.st.stm32cube.ide.mcu.externaltools.gnu-tools-for-stm32.9-2020-q2-update.win32_2.0.0.202105311346/tools/bin/../lib/gcc/arm-none-eabi/9.3.1/../../../../arm-none-eabi/lib/thumb/v7e-m+dp/hard\libnosys.a(isatty.o)
                0x0000000008002fd4                _isatty
 .text._lseek   0x0000000008002fe4       0x10 e:/allnetdiskdownload/ide_downloader/stm32cubeide_1.7.0/stm32cubeide/plugins/com.st.stm32cube.ide.mcu.externaltools.gnu-tools-for-stm32.9-2020-q2-update.win32_2.0.0.202105311346/tools/bin/../lib/gcc/arm-none-eabi/9.3.1/../../../../arm-none-eabi/lib/thumb/v7e-m+dp/hard\libnosys.a(lseek.o)
                0x0000000008002fe4                _lseek
 .text._sbrk    0x0000000008002ff4       0x1c e:/allnetdiskdownload/ide_downloader/stm32cubeide_1.7.0/stm32cubeide/plugins/com.st.stm32cube.ide.mcu.externaltools.gnu-tools-for-stm32.9-2020-q2-update.win32_2.0.0.202105311346/tools/bin/../lib/gcc/arm-none-eabi/9.3.1/../../../../arm-none-eabi/lib/thumb/v7e-m+dp/hard\libnosys.a(sbrk.o)
                0x0000000008002ff4                _sbrk
 *(.glue_7)
 .glue_7        0x0000000008003010        0x0 linker stubs
 *(.glue_7t)
 .glue_7t       0x0000000008003010        0x0 linker stubs
 *(.eh_frame)
 .eh_frame      0x0000000008003010        0x0 e:/allnetdiskdownload/ide_downloader/stm32cubeide_1.7.0/stm32cubeide/plugins/com.st.stm32cube.ide.mcu.externaltools.gnu-tools-for-stm32.9-2020-q2-update.win32_2.0.0.202105311346/tools/bin/../lib/gcc/arm-none-eabi/9.3.1/thumb/v7e-m+dp/hard/crtbegin.o
 *(.init)
 .init          0x0000000008003010        0x4 e:/allnetdiskdownload/ide_downloader/stm32cubeide_1.7.0/stm32cubeide/plugins/com.st.stm32cube.ide.mcu.externaltools.gnu-tools-for-stm32.9-2020-q2-update.win32_2.0.0.202105311346/tools/bin/../lib/gcc/arm-none-eabi/9.3.1/thumb/v7e-m+dp/hard/crti.o
                0x0000000008003010                _init
 .init          0x0000000008003014        0x8 e:/allnetdiskdownload/ide_downloader/stm32cubeide_1.7.0/stm32cubeide/plugins/com.st.stm32cube.ide.mcu.externaltools.gnu-tools-for-stm32.9-2020-q2-update.win32_2.0.0.202105311346/tools/bin/../lib/gcc/arm-none-eabi/9.3.1/thumb/v7e-m+dp/hard/crtn.o
 *(.fini)
 .fini          0x000000000800301c        0x4 e:/allnetdiskdownload/ide_downloader/stm32cubeide_1.7.0/stm32cubeide/plugins/com.st.stm32cube.ide.mcu.externaltools.gnu-tools-for-stm32.9-2020-q2-update.win32_2.0.0.202105311346/tools/bin/../lib/gcc/arm-none-eabi/9.3.1/thumb/v7e-m+dp/hard/crti.o
                0x000000000800301c                _fini
 .fini          0x0000000008003020        0x8 e:/allnetdiskdownload/ide_downloader/stm32cubeide_1.7.0/stm32cubeide/plugins/com.st.stm32cube.ide.mcu.externaltools.gnu-tools-for-stm32.9-2020-q2-update.win32_2.0.0.202105311346/tools/bin/../lib/gcc/arm-none-eabi/9.3.1/thumb/v7e-m+dp/hard/crtn.o
                0x0000000008003028                . = ALIGN (0x4)
                0x0000000008003028                _etext = .

.vfp11_veneer   0x0000000008003028        0x0
 .vfp11_veneer  0x0000000008003028        0x0 linker stubs

.v4_bx          0x0000000008003028        0x0
 .v4_bx         0x0000000008003028        0x0 linker stubs

.iplt           0x0000000008003028        0x0
 .iplt          0x0000000008003028        0x0 e:/allnetdiskdownload/ide_downloader/stm32cubeide_1.7.0/stm32cubeide/plugins/com.st.stm32cube.ide.mcu.externaltools.gnu-tools-for-stm32.9-2020-q2-update.win32_2.0.0.202105311346/tools/bin/../lib/gcc/arm-none-eabi/9.3.1/thumb/v7e-m+dp/hard/crtbegin.o

.rodata         0x0000000008003028      0x10c
                0x0000000008003028                . = ALIGN (0x4)
 *(.rodata)
 .rodata        0x0000000008003028       0x18 ./stm32lib/CMSIS/Device/ST/STM32F7xx/Source/Templates/system_stm32f7xx.o
                0x0000000008003028                AHBPrescTable
                0x0000000008003038                APBPrescTable
 *(.rodata*)
 .rodata.str1.4
                0x0000000008003040       0x5b ./src/Lab02_intrpt.o
 *fill*         0x000000000800309b        0x1 
 .rodata.__sf_fake_stderr
                0x000000000800309c       0x20 e:/allnetdiskdownload/ide_downloader/stm32cubeide_1.7.0/stm32cubeide/plugins/com.st.stm32cube.ide.mcu.externaltools.gnu-tools-for-stm32.9-2020-q2-update.win32_2.0.0.202105311346/tools/bin/../lib/gcc/arm-none-eabi/9.3.1/../../../../arm-none-eabi/lib/thumb/v7e-m+dp/hard\libc_nano.a(lib_a-findfp.o)
                0x000000000800309c                __sf_fake_stderr
 .rodata.__sf_fake_stdin
                0x00000000080030bc       0x20 e:/allnetdiskdownload/ide_downloader/stm32cubeide_1.7.0/stm32cubeide/plugins/com.st.stm32cube.ide.mcu.externaltools.gnu-tools-for-stm32.9-2020-q2-update.win32_2.0.0.202105311346/tools/bin/../lib/gcc/arm-none-eabi/9.3.1/../../../../arm-none-eabi/lib/thumb/v7e-m+dp/hard\libc_nano.a(lib_a-findfp.o)
                0x00000000080030bc                __sf_fake_stdin
 .rodata.__sf_fake_stdout
                0x00000000080030dc       0x20 e:/allnetdiskdownload/ide_downloader/stm32cubeide_1.7.0/stm32cubeide/plugins/com.st.stm32cube.ide.mcu.externaltools.gnu-tools-for-stm32.9-2020-q2-update.win32_2.0.0.202105311346/tools/bin/../lib/gcc/arm-none-eabi/9.3.1/../../../../arm-none-eabi/lib/thumb/v7e-m+dp/hard\libc_nano.a(lib_a-findfp.o)
                0x00000000080030dc                __sf_fake_stdout
 .rodata._global_impure_ptr
                0x00000000080030fc        0x4 e:/allnetdiskdownload/ide_downloader/stm32cubeide_1.7.0/stm32cubeide/plugins/com.st.stm32cube.ide.mcu.externaltools.gnu-tools-for-stm32.9-2020-q2-update.win32_2.0.0.202105311346/tools/bin/../lib/gcc/arm-none-eabi/9.3.1/../../../../arm-none-eabi/lib/thumb/v7e-m+dp/hard\libc_nano.a(lib_a-impure.o)
                0x00000000080030fc                _global_impure_ptr
 .rodata._vfprintf_r.str1.1
                0x0000000008003100       0x11 e:/allnetdiskdownload/ide_downloader/stm32cubeide_1.7.0/stm32cubeide/plugins/com.st.stm32cube.ide.mcu.externaltools.gnu-tools-for-stm32.9-2020-q2-update.win32_2.0.0.202105311346/tools/bin/../lib/gcc/arm-none-eabi/9.3.1/../../../../arm-none-eabi/lib/thumb/v7e-m+dp/hard\libc_nano.a(lib_a-nano-vfprintf.o)
 .rodata._printf_i.str1.1
                0x0000000008003111       0x22 e:/allnetdiskdownload/ide_downloader/stm32cubeide_1.7.0/stm32cubeide/plugins/com.st.stm32cube.ide.mcu.externaltools.gnu-tools-for-stm32.9-2020-q2-update.win32_2.0.0.202105311346/tools/bin/../lib/gcc/arm-none-eabi/9.3.1/../../../../arm-none-eabi/lib/thumb/v7e-m+dp/hard\libc_nano.a(lib_a-nano-vfprintf_i.o)
                0x0000000008003134                . = ALIGN (0x4)
 *fill*         0x0000000008003133        0x1 

.ARM.extab      0x0000000008003134        0x0
                0x0000000008003134                . = ALIGN (0x4)
 *(.ARM.extab* .gnu.linkonce.armextab.*)
                0x0000000008003134                . = ALIGN (0x4)

.ARM            0x0000000008003134        0x8
                0x0000000008003134                . = ALIGN (0x4)
                0x0000000008003134                __exidx_start = .
 *(.ARM.exidx*)
 .ARM.exidx     0x0000000008003134        0x8 e:/allnetdiskdownload/ide_downloader/stm32cubeide_1.7.0/stm32cubeide/plugins/com.st.stm32cube.ide.mcu.externaltools.gnu-tools-for-stm32.9-2020-q2-update.win32_2.0.0.202105311346/tools/bin/../lib/gcc/arm-none-eabi/9.3.1/thumb/v7e-m+dp/hard\libgcc.a(_udivmoddi4.o)
                0x000000000800313c                __exidx_end = .
                0x000000000800313c                . = ALIGN (0x4)

.rel.dyn        0x000000000800313c        0x0
 .rel.iplt      0x000000000800313c        0x0 e:/allnetdiskdownload/ide_downloader/stm32cubeide_1.7.0/stm32cubeide/plugins/com.st.stm32cube.ide.mcu.externaltools.gnu-tools-for-stm32.9-2020-q2-update.win32_2.0.0.202105311346/tools/bin/../lib/gcc/arm-none-eabi/9.3.1/thumb/v7e-m+dp/hard/crtbegin.o

.preinit_array  0x000000000800313c        0x0
                0x000000000800313c                . = ALIGN (0x4)
                0x000000000800313c                PROVIDE (__preinit_array_start = .)
 *(.preinit_array*)
                0x000000000800313c                PROVIDE (__preinit_array_end = .)
                0x000000000800313c                . = ALIGN (0x4)

.init_array     0x000000000800313c        0x4
                0x000000000800313c                . = ALIGN (0x4)
                0x000000000800313c                PROVIDE (__init_array_start = .)
 *(SORT_BY_NAME(.init_array.*))
 *(.init_array*)
 .init_array    0x000000000800313c        0x4 e:/allnetdiskdownload/ide_downloader/stm32cubeide_1.7.0/stm32cubeide/plugins/com.st.stm32cube.ide.mcu.externaltools.gnu-tools-for-stm32.9-2020-q2-update.win32_2.0.0.202105311346/tools/bin/../lib/gcc/arm-none-eabi/9.3.1/thumb/v7e-m+dp/hard/crtbegin.o
                0x0000000008003140                PROVIDE (__init_array_end = .)
                0x0000000008003140                . = ALIGN (0x4)

.fini_array     0x0000000008003140        0x4
                0x0000000008003140                . = ALIGN (0x4)
                [!provide]                        PROVIDE (__fini_array_start = .)
 *(SORT_BY_NAME(.fini_array.*))
 *(.fini_array*)
 .fini_array    0x0000000008003140        0x4 e:/allnetdiskdownload/ide_downloader/stm32cubeide_1.7.0/stm32cubeide/plugins/com.st.stm32cube.ide.mcu.externaltools.gnu-tools-for-stm32.9-2020-q2-update.win32_2.0.0.202105311346/tools/bin/../lib/gcc/arm-none-eabi/9.3.1/thumb/v7e-m+dp/hard/crtbegin.o
                [!provide]                        PROVIDE (__fini_array_end = .)
                0x0000000008003144                . = ALIGN (0x4)
                0x0000000008003144                _sidata = LOADADDR (.data)

.data           0x0000000020000000       0x70 load address 0x0000000008003144
                0x0000000020000000                . = ALIGN (0x4)
                0x0000000020000000                _sdata = .
 *(.data)
 .data          0x0000000020000000        0x4 ./stm32lib/CMSIS/Device/ST/STM32F7xx/Source/Templates/system_stm32f7xx.o
                0x0000000020000000                SystemCoreClock
 .data          0x0000000020000004        0x8 ./stm32lib/STM32F7xx_HAL_Driver/Src/stm32f7xx_hal.o
                0x0000000020000004                uwTickFreq
                0x0000000020000008                uwTickPrio
 *(.data*)
 .data._impure_ptr
                0x000000002000000c        0x4 e:/allnetdiskdownload/ide_downloader/stm32cubeide_1.7.0/stm32cubeide/plugins/com.st.stm32cube.ide.mcu.externaltools.gnu-tools-for-stm32.9-2020-q2-update.win32_2.0.0.202105311346/tools/bin/../lib/gcc/arm-none-eabi/9.3.1/../../../../arm-none-eabi/lib/thumb/v7e-m+dp/hard\libc_nano.a(lib_a-impure.o)
                0x000000002000000c                _impure_ptr
 .data.impure_data
                0x0000000020000010       0x60 e:/allnetdiskdownload/ide_downloader/stm32cubeide_1.7.0/stm32cubeide/plugins/com.st.stm32cube.ide.mcu.externaltools.gnu-tools-for-stm32.9-2020-q2-update.win32_2.0.0.202105311346/tools/bin/../lib/gcc/arm-none-eabi/9.3.1/../../../../arm-none-eabi/lib/thumb/v7e-m+dp/hard\libc_nano.a(lib_a-impure.o)
                0x0000000020000070                . = ALIGN (0x4)
                0x0000000020000070                _edata = .

.igot.plt       0x0000000020000070        0x0 load address 0x00000000080031b4
 .igot.plt      0x0000000020000070        0x0 e:/allnetdiskdownload/ide_downloader/stm32cubeide_1.7.0/stm32cubeide/plugins/com.st.stm32cube.ide.mcu.externaltools.gnu-tools-for-stm32.9-2020-q2-update.win32_2.0.0.202105311346/tools/bin/../lib/gcc/arm-none-eabi/9.3.1/thumb/v7e-m+dp/hard/crtbegin.o
                0x0000000020000070                . = ALIGN (0x4)

.bss            0x0000000020000070      0x158 load address 0x00000000080031b4
                0x0000000020000070                _sbss = .
                0x0000000020000070                __bss_start__ = _sbss
 *(.bss)
 .bss           0x0000000020000070       0x1c e:/allnetdiskdownload/ide_downloader/stm32cubeide_1.7.0/stm32cubeide/plugins/com.st.stm32cube.ide.mcu.externaltools.gnu-tools-for-stm32.9-2020-q2-update.win32_2.0.0.202105311346/tools/bin/../lib/gcc/arm-none-eabi/9.3.1/thumb/v7e-m+dp/hard/crtbegin.o
 .bss           0x000000002000008c       0x1a ./src/Lab02_intrpt.o
                0x000000002000008c                elapsed
                0x0000000020000090                timeUpdated
                0x0000000020000094                iterations
                0x0000000020000098                averageScore
                0x000000002000009c                startTime
                0x00000000200000a0                randomNumber
                0x00000000200000a4                buttonReleased
                0x00000000200000a5                buttonPressed
 *(.bss*)
 *fill*         0x00000000200000a6        0x2 
 .bss.__malloc_free_list
                0x00000000200000a8        0x4 e:/allnetdiskdownload/ide_downloader/stm32cubeide_1.7.0/stm32cubeide/plugins/com.st.stm32cube.ide.mcu.externaltools.gnu-tools-for-stm32.9-2020-q2-update.win32_2.0.0.202105311346/tools/bin/../lib/gcc/arm-none-eabi/9.3.1/../../../../arm-none-eabi/lib/thumb/v7e-m+dp/hard\libc_nano.a(lib_a-nano-mallocr.o)
                0x00000000200000a8                __malloc_free_list
 .bss.__malloc_sbrk_start
                0x00000000200000ac        0x4 e:/allnetdiskdownload/ide_downloader/stm32cubeide_1.7.0/stm32cubeide/plugins/com.st.stm32cube.ide.mcu.externaltools.gnu-tools-for-stm32.9-2020-q2-update.win32_2.0.0.202105311346/tools/bin/../lib/gcc/arm-none-eabi/9.3.1/../../../../arm-none-eabi/lib/thumb/v7e-m+dp/hard\libc_nano.a(lib_a-nano-mallocr.o)
                0x00000000200000ac                __malloc_sbrk_start
 .bss.heap_end.5507
                0x00000000200000b0        0x4 e:/allnetdiskdownload/ide_downloader/stm32cubeide_1.7.0/stm32cubeide/plugins/com.st.stm32cube.ide.mcu.externaltools.gnu-tools-for-stm32.9-2020-q2-update.win32_2.0.0.202105311346/tools/bin/../lib/gcc/arm-none-eabi/9.3.1/../../../../arm-none-eabi/lib/thumb/v7e-m+dp/hard\libnosys.a(sbrk.o)
 *(COMMON)
 COMMON         0x00000000200000b4      0x100 ./src/Lab02_intrpt.o
                0x00000000200000b4                USB_UART
                0x0000000020000134                htim6
                0x0000000020000174                htim7
 COMMON         0x00000000200001b4        0x4 ./stm32lib/STM32F7xx_HAL_Driver/Src/stm32f7xx_hal.o
                0x00000000200001b4                uwTick
 COMMON         0x00000000200001b8        0x9 e:/allnetdiskdownload/ide_downloader/stm32cubeide_1.7.0/stm32cubeide/plugins/com.st.stm32cube.ide.mcu.externaltools.gnu-tools-for-stm32.9-2020-q2-update.win32_2.0.0.202105311346/tools/bin/../lib/gcc/arm-none-eabi/9.3.1/../../../../arm-none-eabi/lib/thumb/v7e-m+dp/hard\libc_nano.a(lib_a-lock.o)
                0x00000000200001b8                __lock___atexit_recursive_mutex
                0x00000000200001b9                __lock___arc4random_mutex
                0x00000000200001ba                __lock___env_recursive_mutex
                0x00000000200001bb                __lock___sinit_recursive_mutex
                0x00000000200001bc                __lock___malloc_recursive_mutex
                0x00000000200001bd                __lock___at_quick_exit_mutex
                0x00000000200001be                __lock___dd_hash_mutex
                0x00000000200001bf                __lock___tz_mutex
                0x00000000200001c0                __lock___sfp_recursive_mutex
 *fill*         0x00000000200001c1        0x3 
 COMMON         0x00000000200001c4        0x4 e:/allnetdiskdownload/ide_downloader/stm32cubeide_1.7.0/stm32cubeide/plugins/com.st.stm32cube.ide.mcu.externaltools.gnu-tools-for-stm32.9-2020-q2-update.win32_2.0.0.202105311346/tools/bin/../lib/gcc/arm-none-eabi/9.3.1/../../../../arm-none-eabi/lib/thumb/v7e-m+dp/hard\libc_nano.a(lib_a-reent.o)
                0x00000000200001c4                errno
                0x00000000200001c8                . = ALIGN (0x4)
                0x00000000200001c8                _ebss = .
                0x00000000200001c8                __bss_end__ = _ebss

._user_heap_stack
                0x00000000200001c8      0x400 load address 0x00000000080031b4
                0x00000000200001c8                . = ALIGN (0x8)
                0x00000000200001c8                PROVIDE (end = .)
                [!provide]                        PROVIDE (_end = .)
                0x00000000200001c8                . = (. + _Min_Heap_Size)
                0x00000000200005c8                . = (. + _Min_Stack_Size)
 *fill*         0x00000000200001c8      0x400 
                0x00000000200005c8                . = ALIGN (0x8)

/DISCARD/
 libc.a(*)
 libm.a(*)
 libgcc.a(*)

.ARM.attributes
                0x0000000000000000       0x2e
 *(.ARM.attributes)
 .ARM.attributes
                0x0000000000000000       0x1e e:/allnetdiskdownload/ide_downloader/stm32cubeide_1.7.0/stm32cubeide/plugins/com.st.stm32cube.ide.mcu.externaltools.gnu-tools-for-stm32.9-2020-q2-update.win32_2.0.0.202105311346/tools/bin/../lib/gcc/arm-none-eabi/9.3.1/thumb/v7e-m+dp/hard/crti.o
 .ARM.attributes
                0x000000000000001e       0x32 e:/allnetdiskdownload/ide_downloader/stm32cubeide_1.7.0/stm32cubeide/plugins/com.st.stm32cube.ide.mcu.externaltools.gnu-tools-for-stm32.9-2020-q2-update.win32_2.0.0.202105311346/tools/bin/../lib/gcc/arm-none-eabi/9.3.1/thumb/v7e-m+dp/hard/crtbegin.o
 .ARM.attributes
                0x0000000000000050       0x32 ./src/Lab02_intrpt.o
 .ARM.attributes
                0x0000000000000082       0x32 ./src/init.o
 .ARM.attributes
                0x00000000000000b4       0x32 ./src/uart.o
 .ARM.attributes
                0x00000000000000e6       0x21 ./startup/startup_stm32f769xx.o
 .ARM.attributes
                0x0000000000000107       0x32 ./stm32lib/CMSIS/Device/ST/STM32F7xx/Source/Templates/system_stm32f7xx.o
 .ARM.attributes
                0x0000000000000139       0x32 ./stm32lib/STM32F7xx_HAL_Driver/Src/stm32f7xx_hal.o
 .ARM.attributes
                0x000000000000016b       0x32 ./stm32lib/STM32F7xx_HAL_Driver/Src/stm32f7xx_hal_cortex.o
 .ARM.attributes
                0x000000000000019d       0x32 ./stm32lib/STM32F7xx_HAL_Driver/Src/stm32f7xx_hal_gpio.o
 .ARM.attributes
                0x00000000000001cf       0x32 ./stm32lib/STM32F7xx_HAL_Driver/Src/stm32f7xx_hal_pwr_ex.o
 .ARM.attributes
                0x0000000000000201       0x32 ./stm32lib/STM32F7xx_HAL_Driver/Src/stm32f7xx_hal_rcc.o
 .ARM.attributes
                0x0000000000000233       0x32 ./stm32lib/STM32F7xx_HAL_Driver/Src/stm32f7xx_hal_tim.o
 .ARM.attributes
                0x0000000000000265       0x32 ./stm32lib/STM32F7xx_HAL_Driver/Src/stm32f7xx_hal_tim_ex.o
 .ARM.attributes
                0x0000000000000297       0x32 ./stm32lib/STM32F7xx_HAL_Driver/Src/stm32f7xx_hal_uart.o
 .ARM.attributes
                0x00000000000002c9       0x32 e:/allnetdiskdownload/ide_downloader/stm32cubeide_1.7.0/stm32cubeide/plugins/com.st.stm32cube.ide.mcu.externaltools.gnu-tools-for-stm32.9-2020-q2-update.win32_2.0.0.202105311346/tools/bin/../lib/gcc/arm-none-eabi/9.3.1/../../../../arm-none-eabi/lib/thumb/v7e-m+dp/hard\libc_nano.a(lib_a-fflush.o)
 .ARM.attributes
                0x00000000000002fb       0x32 e:/allnetdiskdownload/ide_downloader/stm32cubeide_1.7.0/stm32cubeide/plugins/com.st.stm32cube.ide.mcu.externaltools.gnu-tools-for-stm32.9-2020-q2-update.win32_2.0.0.202105311346/tools/bin/../lib/gcc/arm-none-eabi/9.3.1/../../../../arm-none-eabi/lib/thumb/v7e-m+dp/hard\libc_nano.a(lib_a-findfp.o)
 .ARM.attributes
                0x000000000000032d       0x32 e:/allnetdiskdownload/ide_downloader/stm32cubeide_1.7.0/stm32cubeide/plugins/com.st.stm32cube.ide.mcu.externaltools.gnu-tools-for-stm32.9-2020-q2-update.win32_2.0.0.202105311346/tools/bin/../lib/gcc/arm-none-eabi/9.3.1/../../../../arm-none-eabi/lib/thumb/v7e-m+dp/hard\libc_nano.a(lib_a-fwalk.o)
 .ARM.attributes
                0x000000000000035f       0x30 e:/allnetdiskdownload/ide_downloader/stm32cubeide_1.7.0/stm32cubeide/plugins/com.st.stm32cube.ide.mcu.externaltools.gnu-tools-for-stm32.9-2020-q2-update.win32_2.0.0.202105311346/tools/bin/../lib/gcc/arm-none-eabi/9.3.1/../../../../arm-none-eabi/lib/thumb/v7e-m+dp/hard\libc_nano.a(lib_a-impure.o)
 .ARM.attributes
                0x000000000000038f       0x32 e:/allnetdiskdownload/ide_downloader/stm32cubeide_1.7.0/stm32cubeide/plugins/com.st.stm32cube.ide.mcu.externaltools.gnu-tools-for-stm32.9-2020-q2-update.win32_2.0.0.202105311346/tools/bin/../lib/gcc/arm-none-eabi/9.3.1/../../../../arm-none-eabi/lib/thumb/v7e-m+dp/hard\libc_nano.a(lib_a-init.o)
 .ARM.attributes
                0x00000000000003c1       0x32 e:/allnetdiskdownload/ide_downloader/stm32cubeide_1.7.0/stm32cubeide/plugins/com.st.stm32cube.ide.mcu.externaltools.gnu-tools-for-stm32.9-2020-q2-update.win32_2.0.0.202105311346/tools/bin/../lib/gcc/arm-none-eabi/9.3.1/../../../../arm-none-eabi/lib/thumb/v7e-m+dp/hard\libc_nano.a(lib_a-lock.o)
 .ARM.attributes
                0x00000000000003f3       0x32 e:/allnetdiskdownload/ide_downloader/stm32cubeide_1.7.0/stm32cubeide/plugins/com.st.stm32cube.ide.mcu.externaltools.gnu-tools-for-stm32.9-2020-q2-update.win32_2.0.0.202105311346/tools/bin/../lib/gcc/arm-none-eabi/9.3.1/../../../../arm-none-eabi/lib/thumb/v7e-m+dp/hard\libc_nano.a(lib_a-memset.o)
 .ARM.attributes
                0x0000000000000425       0x32 e:/allnetdiskdownload/ide_downloader/stm32cubeide_1.7.0/stm32cubeide/plugins/com.st.stm32cube.ide.mcu.externaltools.gnu-tools-for-stm32.9-2020-q2-update.win32_2.0.0.202105311346/tools/bin/../lib/gcc/arm-none-eabi/9.3.1/../../../../arm-none-eabi/lib/thumb/v7e-m+dp/hard\libc_nano.a(lib_a-nano-freer.o)
 .ARM.attributes
                0x0000000000000457       0x32 e:/allnetdiskdownload/ide_downloader/stm32cubeide_1.7.0/stm32cubeide/plugins/com.st.stm32cube.ide.mcu.externaltools.gnu-tools-for-stm32.9-2020-q2-update.win32_2.0.0.202105311346/tools/bin/../lib/gcc/arm-none-eabi/9.3.1/../../../../arm-none-eabi/lib/thumb/v7e-m+dp/hard\libc_nano.a(lib_a-nano-mallocr.o)
 .ARM.attributes
                0x0000000000000489       0x32 e:/allnetdiskdownload/ide_downloader/stm32cubeide_1.7.0/stm32cubeide/plugins/com.st.stm32cube.ide.mcu.externaltools.gnu-tools-for-stm32.9-2020-q2-update.win32_2.0.0.202105311346/tools/bin/../lib/gcc/arm-none-eabi/9.3.1/../../../../arm-none-eabi/lib/thumb/v7e-m+dp/hard\libc_nano.a(lib_a-printf.o)
 .ARM.attributes
                0x00000000000004bb       0x32 e:/allnetdiskdownload/ide_downloader/stm32cubeide_1.7.0/stm32cubeide/plugins/com.st.stm32cube.ide.mcu.externaltools.gnu-tools-for-stm32.9-2020-q2-update.win32_2.0.0.202105311346/tools/bin/../lib/gcc/arm-none-eabi/9.3.1/../../../../arm-none-eabi/lib/thumb/v7e-m+dp/hard\libc_nano.a(lib_a-sbrkr.o)
 .ARM.attributes
                0x00000000000004ed       0x32 e:/allnetdiskdownload/ide_downloader/stm32cubeide_1.7.0/stm32cubeide/plugins/com.st.stm32cube.ide.mcu.externaltools.gnu-tools-for-stm32.9-2020-q2-update.win32_2.0.0.202105311346/tools/bin/../lib/gcc/arm-none-eabi/9.3.1/../../../../arm-none-eabi/lib/thumb/v7e-m+dp/hard\libc_nano.a(lib_a-stdio.o)
 .ARM.attributes
                0x000000000000051f       0x32 e:/allnetdiskdownload/ide_downloader/stm32cubeide_1.7.0/stm32cubeide/plugins/com.st.stm32cube.ide.mcu.externaltools.gnu-tools-for-stm32.9-2020-q2-update.win32_2.0.0.202105311346/tools/bin/../lib/gcc/arm-none-eabi/9.3.1/../../../../arm-none-eabi/lib/thumb/v7e-m+dp/hard\libc_nano.a(lib_a-writer.o)
 .ARM.attributes
                0x0000000000000551       0x32 e:/allnetdiskdownload/ide_downloader/stm32cubeide_1.7.0/stm32cubeide/plugins/com.st.stm32cube.ide.mcu.externaltools.gnu-tools-for-stm32.9-2020-q2-update.win32_2.0.0.202105311346/tools/bin/../lib/gcc/arm-none-eabi/9.3.1/../../../../arm-none-eabi/lib/thumb/v7e-m+dp/hard\libc_nano.a(lib_a-closer.o)
 .ARM.attributes
                0x0000000000000583       0x32 e:/allnetdiskdownload/ide_downloader/stm32cubeide_1.7.0/stm32cubeide/plugins/com.st.stm32cube.ide.mcu.externaltools.gnu-tools-for-stm32.9-2020-q2-update.win32_2.0.0.202105311346/tools/bin/../lib/gcc/arm-none-eabi/9.3.1/../../../../arm-none-eabi/lib/thumb/v7e-m+dp/hard\libc_nano.a(lib_a-lseekr.o)
 .ARM.attributes
                0x00000000000005b5       0x32 e:/allnetdiskdownload/ide_downloader/stm32cubeide_1.7.0/stm32cubeide/plugins/com.st.stm32cube.ide.mcu.externaltools.gnu-tools-for-stm32.9-2020-q2-update.win32_2.0.0.202105311346/tools/bin/../lib/gcc/arm-none-eabi/9.3.1/../../../../arm-none-eabi/lib/thumb/v7e-m+dp/hard\libc_nano.a(lib_a-mlock.o)
 .ARM.attributes
                0x00000000000005e7       0x32 e:/allnetdiskdownload/ide_downloader/stm32cubeide_1.7.0/stm32cubeide/plugins/com.st.stm32cube.ide.mcu.externaltools.gnu-tools-for-stm32.9-2020-q2-update.win32_2.0.0.202105311346/tools/bin/../lib/gcc/arm-none-eabi/9.3.1/../../../../arm-none-eabi/lib/thumb/v7e-m+dp/hard\libc_nano.a(lib_a-nano-vfprintf.o)
 .ARM.attributes
                0x0000000000000619       0x32 e:/allnetdiskdownload/ide_downloader/stm32cubeide_1.7.0/stm32cubeide/plugins/com.st.stm32cube.ide.mcu.externaltools.gnu-tools-for-stm32.9-2020-q2-update.win32_2.0.0.202105311346/tools/bin/../lib/gcc/arm-none-eabi/9.3.1/../../../../arm-none-eabi/lib/thumb/v7e-m+dp/hard\libc_nano.a(lib_a-nano-vfprintf_i.o)
 .ARM.attributes
                0x000000000000064b       0x32 e:/allnetdiskdownload/ide_downloader/stm32cubeide_1.7.0/stm32cubeide/plugins/com.st.stm32cube.ide.mcu.externaltools.gnu-tools-for-stm32.9-2020-q2-update.win32_2.0.0.202105311346/tools/bin/../lib/gcc/arm-none-eabi/9.3.1/../../../../arm-none-eabi/lib/thumb/v7e-m+dp/hard\libc_nano.a(lib_a-readr.o)
 .ARM.attributes
                0x000000000000067d       0x32 e:/allnetdiskdownload/ide_downloader/stm32cubeide_1.7.0/stm32cubeide/plugins/com.st.stm32cube.ide.mcu.externaltools.gnu-tools-for-stm32.9-2020-q2-update.win32_2.0.0.202105311346/tools/bin/../lib/gcc/arm-none-eabi/9.3.1/../../../../arm-none-eabi/lib/thumb/v7e-m+dp/hard\libc_nano.a(lib_a-reent.o)
 .ARM.attributes
                0x00000000000006af       0x32 e:/allnetdiskdownload/ide_downloader/stm32cubeide_1.7.0/stm32cubeide/plugins/com.st.stm32cube.ide.mcu.externaltools.gnu-tools-for-stm32.9-2020-q2-update.win32_2.0.0.202105311346/tools/bin/../lib/gcc/arm-none-eabi/9.3.1/../../../../arm-none-eabi/lib/thumb/v7e-m+dp/hard\libc_nano.a(lib_a-wbuf.o)
 .ARM.attributes
                0x00000000000006e1       0x32 e:/allnetdiskdownload/ide_downloader/stm32cubeide_1.7.0/stm32cubeide/plugins/com.st.stm32cube.ide.mcu.externaltools.gnu-tools-for-stm32.9-2020-q2-update.win32_2.0.0.202105311346/tools/bin/../lib/gcc/arm-none-eabi/9.3.1/../../../../arm-none-eabi/lib/thumb/v7e-m+dp/hard\libc_nano.a(lib_a-wsetup.o)
 .ARM.attributes
                0x0000000000000713       0x32 e:/allnetdiskdownload/ide_downloader/stm32cubeide_1.7.0/stm32cubeide/plugins/com.st.stm32cube.ide.mcu.externaltools.gnu-tools-for-stm32.9-2020-q2-update.win32_2.0.0.202105311346/tools/bin/../lib/gcc/arm-none-eabi/9.3.1/../../../../arm-none-eabi/lib/thumb/v7e-m+dp/hard\libc_nano.a(lib_a-makebuf.o)
 .ARM.attributes
                0x0000000000000745       0x1c e:/allnetdiskdownload/ide_downloader/stm32cubeide_1.7.0/stm32cubeide/plugins/com.st.stm32cube.ide.mcu.externaltools.gnu-tools-for-stm32.9-2020-q2-update.win32_2.0.0.202105311346/tools/bin/../lib/gcc/arm-none-eabi/9.3.1/../../../../arm-none-eabi/lib/thumb/v7e-m+dp/hard\libc_nano.a(lib_a-memchr.o)
 .ARM.attributes
                0x0000000000000761       0x32 e:/allnetdiskdownload/ide_downloader/stm32cubeide_1.7.0/stm32cubeide/plugins/com.st.stm32cube.ide.mcu.externaltools.gnu-tools-for-stm32.9-2020-q2-update.win32_2.0.0.202105311346/tools/bin/../lib/gcc/arm-none-eabi/9.3.1/../../../../arm-none-eabi/lib/thumb/v7e-m+dp/hard\libc_nano.a(lib_a-fstatr.o)
 .ARM.attributes
                0x0000000000000793       0x32 e:/allnetdiskdownload/ide_downloader/stm32cubeide_1.7.0/stm32cubeide/plugins/com.st.stm32cube.ide.mcu.externaltools.gnu-tools-for-stm32.9-2020-q2-update.win32_2.0.0.202105311346/tools/bin/../lib/gcc/arm-none-eabi/9.3.1/../../../../arm-none-eabi/lib/thumb/v7e-m+dp/hard\libc_nano.a(lib_a-isattyr.o)
 .ARM.attributes
                0x00000000000007c5       0x1e e:/allnetdiskdownload/ide_downloader/stm32cubeide_1.7.0/stm32cubeide/plugins/com.st.stm32cube.ide.mcu.externaltools.gnu-tools-for-stm32.9-2020-q2-update.win32_2.0.0.202105311346/tools/bin/../lib/gcc/arm-none-eabi/9.3.1/thumb/v7e-m+dp/hard\libgcc.a(_aeabi_uldivmod.o)
 .ARM.attributes
                0x00000000000007e3       0x32 e:/allnetdiskdownload/ide_downloader/stm32cubeide_1.7.0/stm32cubeide/plugins/com.st.stm32cube.ide.mcu.externaltools.gnu-tools-for-stm32.9-2020-q2-update.win32_2.0.0.202105311346/tools/bin/../lib/gcc/arm-none-eabi/9.3.1/thumb/v7e-m+dp/hard\libgcc.a(_udivmoddi4.o)
 .ARM.attributes
                0x0000000000000815       0x1e e:/allnetdiskdownload/ide_downloader/stm32cubeide_1.7.0/stm32cubeide/plugins/com.st.stm32cube.ide.mcu.externaltools.gnu-tools-for-stm32.9-2020-q2-update.win32_2.0.0.202105311346/tools/bin/../lib/gcc/arm-none-eabi/9.3.1/thumb/v7e-m+dp/hard\libgcc.a(_dvmd_tls.o)
 .ARM.attributes
                0x0000000000000833       0x32 e:/allnetdiskdownload/ide_downloader/stm32cubeide_1.7.0/stm32cubeide/plugins/com.st.stm32cube.ide.mcu.externaltools.gnu-tools-for-stm32.9-2020-q2-update.win32_2.0.0.202105311346/tools/bin/../lib/gcc/arm-none-eabi/9.3.1/../../../../arm-none-eabi/lib/thumb/v7e-m+dp/hard\libnosys.a(close.o)
 .ARM.attributes
                0x0000000000000865       0x32 e:/allnetdiskdownload/ide_downloader/stm32cubeide_1.7.0/stm32cubeide/plugins/com.st.stm32cube.ide.mcu.externaltools.gnu-tools-for-stm32.9-2020-q2-update.win32_2.0.0.202105311346/tools/bin/../lib/gcc/arm-none-eabi/9.3.1/../../../../arm-none-eabi/lib/thumb/v7e-m+dp/hard\libnosys.a(fstat.o)
 .ARM.attributes
                0x0000000000000897       0x32 e:/allnetdiskdownload/ide_downloader/stm32cubeide_1.7.0/stm32cubeide/plugins/com.st.stm32cube.ide.mcu.externaltools.gnu-tools-for-stm32.9-2020-q2-update.win32_2.0.0.202105311346/tools/bin/../lib/gcc/arm-none-eabi/9.3.1/../../../../arm-none-eabi/lib/thumb/v7e-m+dp/hard\libnosys.a(isatty.o)
 .ARM.attributes
                0x00000000000008c9       0x32 e:/allnetdiskdownload/ide_downloader/stm32cubeide_1.7.0/stm32cubeide/plugins/com.st.stm32cube.ide.mcu.externaltools.gnu-tools-for-stm32.9-2020-q2-update.win32_2.0.0.202105311346/tools/bin/../lib/gcc/arm-none-eabi/9.3.1/../../../../arm-none-eabi/lib/thumb/v7e-m+dp/hard\libnosys.a(lseek.o)
 .ARM.attributes
                0x00000000000008fb       0x32 e:/allnetdiskdownload/ide_downloader/stm32cubeide_1.7.0/stm32cubeide/plugins/com.st.stm32cube.ide.mcu.externaltools.gnu-tools-for-stm32.9-2020-q2-update.win32_2.0.0.202105311346/tools/bin/../lib/gcc/arm-none-eabi/9.3.1/../../../../arm-none-eabi/lib/thumb/v7e-m+dp/hard\libnosys.a(sbrk.o)
 .ARM.attributes
                0x000000000000092d       0x1e e:/allnetdiskdownload/ide_downloader/stm32cubeide_1.7.0/stm32cubeide/plugins/com.st.stm32cube.ide.mcu.externaltools.gnu-tools-for-stm32.9-2020-q2-update.win32_2.0.0.202105311346/tools/bin/../lib/gcc/arm-none-eabi/9.3.1/thumb/v7e-m+dp/hard/crtn.o
OUTPUT(LAB-02-Template.elf elf32-littlearm)
LOAD linker stubs
LOAD e:/allnetdiskdownload/ide_downloader/stm32cubeide_1.7.0/stm32cubeide/plugins/com.st.stm32cube.ide.mcu.externaltools.gnu-tools-for-stm32.9-2020-q2-update.win32_2.0.0.202105311346/tools/bin/../lib/gcc/arm-none-eabi/9.3.1/../../../../arm-none-eabi/lib/thumb/v7e-m+dp/hard\libc.a
LOAD e:/allnetdiskdownload/ide_downloader/stm32cubeide_1.7.0/stm32cubeide/plugins/com.st.stm32cube.ide.mcu.externaltools.gnu-tools-for-stm32.9-2020-q2-update.win32_2.0.0.202105311346/tools/bin/../lib/gcc/arm-none-eabi/9.3.1/../../../../arm-none-eabi/lib/thumb/v7e-m+dp/hard\libm.a
LOAD e:/allnetdiskdownload/ide_downloader/stm32cubeide_1.7.0/stm32cubeide/plugins/com.st.stm32cube.ide.mcu.externaltools.gnu-tools-for-stm32.9-2020-q2-update.win32_2.0.0.202105311346/tools/bin/../lib/gcc/arm-none-eabi/9.3.1/thumb/v7e-m+dp/hard\libgcc.a

.debug_info     0x0000000000000000    0x10826
 .debug_info    0x0000000000000000     0x1fda ./src/Lab02_intrpt.o
 .debug_info    0x0000000000001fda     0x17ac ./src/init.o
 .debug_info    0x0000000000003786     0x1786 ./src/uart.o
 .debug_info    0x0000000000004f0c       0x22 ./startup/startup_stm32f769xx.o
 .debug_info    0x0000000000004f2e      0x7c6 ./stm32lib/CMSIS/Device/ST/STM32F7xx/Source/Templates/system_stm32f7xx.o
 .debug_info    0x00000000000056f4      0xc01 ./stm32lib/STM32F7xx_HAL_Driver/Src/stm32f7xx_hal.o
 .debug_info    0x00000000000062f5     0x13df ./stm32lib/STM32F7xx_HAL_Driver/Src/stm32f7xx_hal_cortex.o
 .debug_info    0x00000000000076d4      0x8ab ./stm32lib/STM32F7xx_HAL_Driver/Src/stm32f7xx_hal_gpio.o
 .debug_info    0x0000000000007f7f      0xafc ./stm32lib/STM32F7xx_HAL_Driver/Src/stm32f7xx_hal_pwr_ex.o
 .debug_info    0x0000000000008a7b      0xc81 ./stm32lib/STM32F7xx_HAL_Driver/Src/stm32f7xx_hal_rcc.o
 .debug_info    0x00000000000096fc     0x3840 ./stm32lib/STM32F7xx_HAL_Driver/Src/stm32f7xx_hal_tim.o
 .debug_info    0x000000000000cf3c     0x18f8 ./stm32lib/STM32F7xx_HAL_Driver/Src/stm32f7xx_hal_tim_ex.o
 .debug_info    0x000000000000e834     0x1ff2 ./stm32lib/STM32F7xx_HAL_Driver/Src/stm32f7xx_hal_uart.o

.debug_abbrev   0x0000000000000000     0x1e17
 .debug_abbrev  0x0000000000000000      0x31e ./src/Lab02_intrpt.o
 .debug_abbrev  0x000000000000031e      0x2f8 ./src/init.o
 .debug_abbrev  0x0000000000000616      0x2af ./src/uart.o
 .debug_abbrev  0x00000000000008c5       0x12 ./startup/startup_stm32f769xx.o
 .debug_abbrev  0x00000000000008d7      0x16b ./stm32lib/CMSIS/Device/ST/STM32F7xx/Source/Templates/system_stm32f7xx.o
 .debug_abbrev  0x0000000000000a42      0x21c ./stm32lib/STM32F7xx_HAL_Driver/Src/stm32f7xx_hal.o
 .debug_abbrev  0x0000000000000c5e      0x393 ./stm32lib/STM32F7xx_HAL_Driver/Src/stm32f7xx_hal_cortex.o
 .debug_abbrev  0x0000000000000ff1      0x21f ./stm32lib/STM32F7xx_HAL_Driver/Src/stm32f7xx_hal_gpio.o
 .debug_abbrev  0x0000000000001210      0x1ef ./stm32lib/STM32F7xx_HAL_Driver/Src/stm32f7xx_hal_pwr_ex.o
 .debug_abbrev  0x00000000000013ff      0x2d9 ./stm32lib/STM32F7xx_HAL_Driver/Src/stm32f7xx_hal_rcc.o
 .debug_abbrev  0x00000000000016d8      0x25b ./stm32lib/STM32F7xx_HAL_Driver/Src/stm32f7xx_hal_tim.o
 .debug_abbrev  0x0000000000001933      0x271 ./stm32lib/STM32F7xx_HAL_Driver/Src/stm32f7xx_hal_tim_ex.o
 .debug_abbrev  0x0000000000001ba4      0x273 ./stm32lib/STM32F7xx_HAL_Driver/Src/stm32f7xx_hal_uart.o

.debug_loc      0x0000000000000000     0x8c41
 .debug_loc     0x0000000000000000       0x67 ./src/Lab02_intrpt.o
 .debug_loc     0x0000000000000067       0xbf ./src/init.o
 .debug_loc     0x0000000000000126      0x353 ./src/uart.o
 .debug_loc     0x0000000000000479      0x16c ./stm32lib/CMSIS/Device/ST/STM32F7xx/Source/Templates/system_stm32f7xx.o
 .debug_loc     0x00000000000005e5      0x141 ./stm32lib/STM32F7xx_HAL_Driver/Src/stm32f7xx_hal.o
 .debug_loc     0x0000000000000726      0x734 ./stm32lib/STM32F7xx_HAL_Driver/Src/stm32f7xx_hal_cortex.o
 .debug_loc     0x0000000000000e5a      0x50c ./stm32lib/STM32F7xx_HAL_Driver/Src/stm32f7xx_hal_gpio.o
 .debug_loc     0x0000000000001366      0x286 ./stm32lib/STM32F7xx_HAL_Driver/Src/stm32f7xx_hal_pwr_ex.o
 .debug_loc     0x00000000000015ec      0x678 ./stm32lib/STM32F7xx_HAL_Driver/Src/stm32f7xx_hal_rcc.o
 .debug_loc     0x0000000000001c64     0x3d33 ./stm32lib/STM32F7xx_HAL_Driver/Src/stm32f7xx_hal_tim.o
 .debug_loc     0x0000000000005997     0x174f ./stm32lib/STM32F7xx_HAL_Driver/Src/stm32f7xx_hal_tim_ex.o
 .debug_loc     0x00000000000070e6     0x1b5b ./stm32lib/STM32F7xx_HAL_Driver/Src/stm32f7xx_hal_uart.o

.debug_aranges  0x0000000000000000      0xba8
 .debug_aranges
                0x0000000000000000       0x78 ./src/Lab02_intrpt.o
 .debug_aranges
                0x0000000000000078       0x38 ./src/init.o
 .debug_aranges
                0x00000000000000b0       0x58 ./src/uart.o
 .debug_aranges
                0x0000000000000108       0x28 ./startup/startup_stm32f769xx.o
 .debug_aranges
                0x0000000000000130       0x28 ./stm32lib/CMSIS/Device/ST/STM32F7xx/Source/Templates/system_stm32f7xx.o
 .debug_aranges
                0x0000000000000158      0x110 ./stm32lib/STM32F7xx_HAL_Driver/Src/stm32f7xx_hal.o
 .debug_aranges
                0x0000000000000268       0xa8 ./stm32lib/STM32F7xx_HAL_Driver/Src/stm32f7xx_hal_cortex.o
 .debug_aranges
                0x0000000000000310       0x58 ./stm32lib/STM32F7xx_HAL_Driver/Src/stm32f7xx_hal_gpio.o
 .debug_aranges
                0x0000000000000368       0x80 ./stm32lib/STM32F7xx_HAL_Driver/Src/stm32f7xx_hal_pwr_ex.o
 .debug_aranges
                0x00000000000003e8       0x88 ./stm32lib/STM32F7xx_HAL_Driver/Src/stm32f7xx_hal_rcc.o
 .debug_aranges
                0x0000000000000470      0x3b8 ./stm32lib/STM32F7xx_HAL_Driver/Src/stm32f7xx_hal_tim.o
 .debug_aranges
                0x0000000000000828      0x168 ./stm32lib/STM32F7xx_HAL_Driver/Src/stm32f7xx_hal_tim_ex.o
 .debug_aranges
                0x0000000000000990      0x218 ./stm32lib/STM32F7xx_HAL_Driver/Src/stm32f7xx_hal_uart.o

.debug_ranges   0x0000000000000000      0xb40
 .debug_ranges  0x0000000000000000       0x68 ./src/Lab02_intrpt.o
 .debug_ranges  0x0000000000000068       0x28 ./src/init.o
 .debug_ranges  0x0000000000000090       0x48 ./src/uart.o
 .debug_ranges  0x00000000000000d8       0x20 ./startup/startup_stm32f769xx.o
 .debug_ranges  0x00000000000000f8       0x18 ./stm32lib/CMSIS/Device/ST/STM32F7xx/Source/Templates/system_stm32f7xx.o
 .debug_ranges  0x0000000000000110      0x100 ./stm32lib/STM32F7xx_HAL_Driver/Src/stm32f7xx_hal.o
 .debug_ranges  0x0000000000000210       0xf8 ./stm32lib/STM32F7xx_HAL_Driver/Src/stm32f7xx_hal_cortex.o
 .debug_ranges  0x0000000000000308       0x48 ./stm32lib/STM32F7xx_HAL_Driver/Src/stm32f7xx_hal_gpio.o
 .debug_ranges  0x0000000000000350       0x70 ./stm32lib/STM32F7xx_HAL_Driver/Src/stm32f7xx_hal_pwr_ex.o
 .debug_ranges  0x00000000000003c0       0x78 ./stm32lib/STM32F7xx_HAL_Driver/Src/stm32f7xx_hal_rcc.o
 .debug_ranges  0x0000000000000438      0x3a8 ./stm32lib/STM32F7xx_HAL_Driver/Src/stm32f7xx_hal_tim.o
 .debug_ranges  0x00000000000007e0      0x158 ./stm32lib/STM32F7xx_HAL_Driver/Src/stm32f7xx_hal_tim_ex.o
 .debug_ranges  0x0000000000000938      0x208 ./stm32lib/STM32F7xx_HAL_Driver/Src/stm32f7xx_hal_uart.o

.debug_macro    0x0000000000000000    0x2ce01
 .debug_macro   0x0000000000000000      0x370 ./src/Lab02_intrpt.o
 .debug_macro   0x0000000000000370      0xac0 ./src/Lab02_intrpt.o
 .debug_macro   0x0000000000000e30       0x3b ./src/Lab02_intrpt.o
 .debug_macro   0x0000000000000e6b       0x22 ./src/Lab02_intrpt.o
 .debug_macro   0x0000000000000e8d       0x8e ./src/Lab02_intrpt.o
 .debug_macro   0x0000000000000f1b       0x51 ./src/Lab02_intrpt.o
 .debug_macro   0x0000000000000f6c      0x103 ./src/Lab02_intrpt.o
 .debug_macro   0x000000000000106f       0x6a ./src/Lab02_intrpt.o
 .debug_macro   0x00000000000010d9      0x1df ./src/Lab02_intrpt.o
 .debug_macro   0x00000000000012b8       0x1c ./src/Lab02_intrpt.o
 .debug_macro   0x00000000000012d4       0x22 ./src/Lab02_intrpt.o
 .debug_macro   0x00000000000012f6       0xdf ./src/Lab02_intrpt.o
 .debug_macro   0x00000000000013d5     0x12cd ./src/Lab02_intrpt.o
 .debug_macro   0x00000000000026a2      0x11f ./src/Lab02_intrpt.o
 .debug_macro   0x00000000000027c1       0x19 ./src/Lab02_intrpt.o
 .debug_macro   0x00000000000027da    0x20462 ./src/Lab02_intrpt.o
 .debug_macro   0x0000000000022c3c      0x1b0 ./src/Lab02_intrpt.o
 .debug_macro   0x0000000000022dec       0x2e ./src/Lab02_intrpt.o
 .debug_macro   0x0000000000022e1a       0x43 ./src/Lab02_intrpt.o
 .debug_macro   0x0000000000022e5d     0x36b4 ./src/Lab02_intrpt.o
 .debug_macro   0x0000000000026511      0x174 ./src/Lab02_intrpt.o
 .debug_macro   0x0000000000026685       0x61 ./src/Lab02_intrpt.o
 .debug_macro   0x00000000000266e6     0x1b3f ./src/Lab02_intrpt.o
 .debug_macro   0x0000000000028225      0x6c4 ./src/Lab02_intrpt.o
 .debug_macro   0x00000000000288e9      0x117 ./src/Lab02_intrpt.o
 .debug_macro   0x0000000000028a00      0x276 ./src/Lab02_intrpt.o
 .debug_macro   0x0000000000028c76       0x27 ./src/Lab02_intrpt.o
 .debug_macro   0x0000000000028c9d      0x24f ./src/Lab02_intrpt.o
 .debug_macro   0x0000000000028eec       0x71 ./src/Lab02_intrpt.o
 .debug_macro   0x0000000000028f5d       0x58 ./src/Lab02_intrpt.o
 .debug_macro   0x0000000000028fb5      0x236 ./src/Lab02_intrpt.o
 .debug_macro   0x00000000000291eb      0x14f ./src/Lab02_intrpt.o
 .debug_macro   0x000000000002933a      0x3dc ./src/Lab02_intrpt.o
 .debug_macro   0x0000000000029716       0x12 ./src/Lab02_intrpt.o
 .debug_macro   0x0000000000029728      0x12f ./src/Lab02_intrpt.o
 .debug_macro   0x0000000000029857      0x108 ./src/Lab02_intrpt.o
 .debug_macro   0x000000000002995f       0x35 ./src/Lab02_intrpt.o
 .debug_macro   0x0000000000029994      0xa3d ./src/Lab02_intrpt.o
 .debug_macro   0x000000000002a3d1       0xa9 ./src/Lab02_intrpt.o
 .debug_macro   0x000000000002a47a      0x589 ./src/Lab02_intrpt.o
 .debug_macro   0x000000000002aa03       0x44 ./src/Lab02_intrpt.o
 .debug_macro   0x000000000002aa47      0x15c ./src/Lab02_intrpt.o
 .debug_macro   0x000000000002aba3       0x52 ./src/Lab02_intrpt.o
 .debug_macro   0x000000000002abf5       0x17 ./src/Lab02_intrpt.o
 .debug_macro   0x000000000002ac0c       0x3c ./src/Lab02_intrpt.o
 .debug_macro   0x000000000002ac48       0x34 ./src/Lab02_intrpt.o
 .debug_macro   0x000000000002ac7c       0x16 ./src/Lab02_intrpt.o
 .debug_macro   0x000000000002ac92       0x43 ./src/Lab02_intrpt.o
 .debug_macro   0x000000000002acd5       0x34 ./src/Lab02_intrpt.o
 .debug_macro   0x000000000002ad09       0x10 ./src/Lab02_intrpt.o
 .debug_macro   0x000000000002ad19       0x58 ./src/Lab02_intrpt.o
 .debug_macro   0x000000000002ad71       0x71 ./src/Lab02_intrpt.o
 .debug_macro   0x000000000002ade2       0x1c ./src/Lab02_intrpt.o
 .debug_macro   0x000000000002adfe      0x12a ./src/Lab02_intrpt.o
 .debug_macro   0x000000000002af28      0x333 ./src/Lab02_intrpt.o
 .debug_macro   0x000000000002b25b       0x10 ./src/Lab02_intrpt.o
 .debug_macro   0x000000000002b26b       0x35 ./src/Lab02_intrpt.o
 .debug_macro   0x000000000002b2a0       0x20 ./src/Lab02_intrpt.o
 .debug_macro   0x000000000002b2c0       0x1c ./src/Lab02_intrpt.o
 .debug_macro   0x000000000002b2dc       0x10 ./src/Lab02_intrpt.o
 .debug_macro   0x000000000002b2ec       0x10 ./src/Lab02_intrpt.o
 .debug_macro   0x000000000002b2fc       0x1c ./src/Lab02_intrpt.o
 .debug_macro   0x000000000002b318       0x52 ./src/Lab02_intrpt.o
 .debug_macro   0x000000000002b36a       0x22 ./src/Lab02_intrpt.o
 .debug_macro   0x000000000002b38c       0x10 ./src/Lab02_intrpt.o
 .debug_macro   0x000000000002b39c       0x40 ./src/Lab02_intrpt.o
 .debug_macro   0x000000000002b3dc       0xd5 ./src/Lab02_intrpt.o
 .debug_macro   0x000000000002b4b1       0x1c ./src/Lab02_intrpt.o
 .debug_macro   0x000000000002b4cd       0x3d ./src/Lab02_intrpt.o
 .debug_macro   0x000000000002b50a       0x16 ./src/Lab02_intrpt.o
 .debug_macro   0x000000000002b520      0x145 ./src/Lab02_intrpt.o
 .debug_macro   0x000000000002b665       0x4c ./src/Lab02_intrpt.o
 .debug_macro   0x000000000002b6b1      0x370 ./src/init.o
 .debug_macro   0x000000000002ba21      0x366 ./src/uart.o
 .debug_macro   0x000000000002bd87      0x1c6 ./stm32lib/CMSIS/Device/ST/STM32F7xx/Source/Templates/system_stm32f7xx.o
 .debug_macro   0x000000000002bf4d      0x1e4 ./stm32lib/STM32F7xx_HAL_Driver/Src/stm32f7xx_hal.o
 .debug_macro   0x000000000002c131      0x1c0 ./stm32lib/STM32F7xx_HAL_Driver/Src/stm32f7xx_hal_cortex.o
 .debug_macro   0x000000000002c2f1      0x1f6 ./stm32lib/STM32F7xx_HAL_Driver/Src/stm32f7xx_hal_gpio.o
 .debug_macro   0x000000000002c4e7      0x1d8 ./stm32lib/STM32F7xx_HAL_Driver/Src/stm32f7xx_hal_pwr_ex.o
 .debug_macro   0x000000000002c6bf      0x1e4 ./stm32lib/STM32F7xx_HAL_Driver/Src/stm32f7xx_hal_rcc.o
 .debug_macro   0x000000000002c8a3      0x1c1 ./stm32lib/STM32F7xx_HAL_Driver/Src/stm32f7xx_hal_tim.o
 .debug_macro   0x000000000002ca64      0x1c0 ./stm32lib/STM32F7xx_HAL_Driver/Src/stm32f7xx_hal_tim_ex.o
 .debug_macro   0x000000000002cc24      0x1dd ./stm32lib/STM32F7xx_HAL_Driver/Src/stm32f7xx_hal_uart.o

.debug_line     0x0000000000000000    0x100b8
 .debug_line    0x0000000000000000      0xda3 ./src/Lab02_intrpt.o
 .debug_line    0x0000000000000da3      0xd8b ./src/init.o
 .debug_line    0x0000000000001b2e      0xd20 ./src/uart.o
 .debug_line    0x000000000000284e       0x7f ./startup/startup_stm32f769xx.o
 .debug_line    0x00000000000028cd      0xa2a ./stm32lib/CMSIS/Device/ST/STM32F7xx/Source/Templates/system_stm32f7xx.o
 .debug_line    0x00000000000032f7      0xd04 ./stm32lib/STM32F7xx_HAL_Driver/Src/stm32f7xx_hal.o
 .debug_line    0x0000000000003ffb      0xedd ./stm32lib/STM32F7xx_HAL_Driver/Src/stm32f7xx_hal_cortex.o
 .debug_line    0x0000000000004ed8      0xe62 ./stm32lib/STM32F7xx_HAL_Driver/Src/stm32f7xx_hal_gpio.o
 .debug_line    0x0000000000005d3a      0xcbd ./stm32lib/STM32F7xx_HAL_Driver/Src/stm32f7xx_hal_pwr_ex.o
 .debug_line    0x00000000000069f7     0x13eb ./stm32lib/STM32F7xx_HAL_Driver/Src/stm32f7xx_hal_rcc.o
 .debug_line    0x0000000000007de2     0x3f04 ./stm32lib/STM32F7xx_HAL_Driver/Src/stm32f7xx_hal_tim.o
 .debug_line    0x000000000000bce6     0x1b16 ./stm32lib/STM32F7xx_HAL_Driver/Src/stm32f7xx_hal_tim_ex.o
 .debug_line    0x000000000000d7fc     0x28bc ./stm32lib/STM32F7xx_HAL_Driver/Src/stm32f7xx_hal_uart.o

.debug_str      0x0000000000000000   0x11378c
 .debug_str     0x0000000000000000   0x110861 ./src/Lab02_intrpt.o
                                     0x1110a7 (size before relaxing)
 .debug_str     0x0000000000110861      0x31a ./src/init.o
                                     0x1107b2 (size before relaxing)
 .debug_str     0x0000000000110b7b       0xbc ./src/uart.o
                                     0x110687 (size before relaxing)
 .debug_str     0x0000000000110c37       0x2f ./startup/startup_stm32f769xx.o
                                         0x87 (size before relaxing)
 .debug_str     0x0000000000110c66       0xda ./stm32lib/CMSIS/Device/ST/STM32F7xx/Source/Templates/system_stm32f7xx.o
                                     0x10c0b1 (size before relaxing)
 .debug_str     0x0000000000110d40      0x435 ./stm32lib/STM32F7xx_HAL_Driver/Src/stm32f7xx_hal.o
                                     0x10ca86 (size before relaxing)
 .debug_str     0x0000000000111175      0x338 ./stm32lib/STM32F7xx_HAL_Driver/Src/stm32f7xx_hal_cortex.o
                                     0x10ca85 (size before relaxing)
 .debug_str     0x00000000001114ad      0x207 ./stm32lib/STM32F7xx_HAL_Driver/Src/stm32f7xx_hal_gpio.o
                                     0x10c25d (size before relaxing)
 .debug_str     0x00000000001116b4      0x227 ./stm32lib/STM32F7xx_HAL_Driver/Src/stm32f7xx_hal_pwr_ex.o
                                     0x10c30d (size before relaxing)
 .debug_str     0x00000000001118db      0x276 ./stm32lib/STM32F7xx_HAL_Driver/Src/stm32f7xx_hal_rcc.o
                                     0x10c3e2 (size before relaxing)