Lab03_spi.c:18:6:configureSPI	16	static
Lab03_spi.c:57:6:HAL_SPI_MspInit	40	static
Lab03_spi.c:122:6:Task3	24	static
Lab03_spi.c:114:5:main	8	static
Lab03_spi.c:159:6:configureSPI_1	16	static
Lab03_spi.c:182:6:Transmit_char	16	static,ignoring_inline_asm
Lab03_spi.c:200:6:Receive_char	24	static,ignoring_inline_asm
Lab03_spi.c:234:6:TransmitData	16	static
Lab03_spi.c:243:6:ClearTM	16	static,ignoring_inline_asm
Lab03_spi.c:259:6:ReadFW	16	static,ignoring_inline_asm
Lab03_spi.c:291:5:Celcius	0	static
Lab03_spi.c:297:6:ReadTemp	16	static,ignoring_inline_asm
Lab03_spi.c:364:6:ChangeID	16	static,ignoring_inline_asm
Lab03_spi.c:427:6:Wait	16	static,ignoring_inline_asm
Lab03_spi.c:148:6:Task4	8	static
